../../Drivers/STM32H7xx_HAL_Driver/Inc/stm32h7xx_ll_spi.h:555:22:LL_SPI_Enable	16	static
../../Drivers/STM32H7xx_HAL_Driver/Inc/stm32h7xx_ll_spi.h:567:22:LL_SPI_Disable	16	static
../../Drivers/STM32H7xx_HAL_Driver/Inc/stm32h7xx_ll_spi.h:2389:22:LL_SPI_EnableDMAReq_TX	16	static
../../Drivers/STM32H7xx_HAL_Driver/Inc/stm32h7xx_ll_spi.h:2400:22:LL_SPI_DisableDMAReq_TX	16	static
../../Drivers/STM32H7xx_HAL_Driver/Inc/stm32h7xx_ll_dma.h:489:22:LL_DMA_EnableStream	24	static
../../Drivers/STM32H7xx_HAL_Driver/Inc/stm32h7xx_ll_dma.h:511:22:LL_DMA_DisableStream	24	static
../../Drivers/STM32H7xx_HAL_Driver/Inc/stm32h7xx_ll_dma.h:855:22:LL_DMA_SetMemorySize	32	static
../../Drivers/STM32H7xx_HAL_Driver/Inc/stm32h7xx_ll_dma.h:1051:22:LL_DMA_SetDataLength	32	static
../../Drivers/STM32H7xx_HAL_Driver/Inc/stm32h7xx_ll_dma.h:1804:22:LL_DMA_ConfigAddresses	32	static
../../Drivers/STM32H7xx_HAL_Driver/Inc/stm32h7xx_ll_dma.h:1865:22:LL_DMA_SetPeriphAddress	32	static
../../Drivers/STM32H7xx_HAL_Driver/Inc/stm32h7xx_ll_dma.h:2678:22:LL_DMA_ClearFlag_TC7	16	static
../../Drivers/STM32H7xx_HAL_Driver/Inc/stm32h7xx_ll_dma.h:2766:22:LL_DMA_ClearFlag_TE7	16	static
../../Drivers/STM32H7xx_HAL_Driver/Inc/stm32h7xx_ll_dma.h:2992:22:LL_DMA_EnableIT_TE	24	static
../../Drivers/STM32H7xx_HAL_Driver/Inc/stm32h7xx_ll_dma.h:3014:22:LL_DMA_EnableIT_TC	24	static
../1_DEV/M3_Devices/SPI_SlaveOfCM4/spi_slave.c:24:17:UpdateCRC16_XMODEM	24	static
../1_DEV/M3_Devices/SPI_SlaveOfCM4/spi_slave.c:37:20:SPI_SlaveDevice_GetHandle	4	static
../1_DEV/M3_Devices/SPI_SlaveOfCM4/spi_slave.c:42:16:SPI_SlaveDevice_Init	8	static
../1_DEV/M3_Devices/SPI_SlaveOfCM4/spi_slave.c:61:16:SPI_SlaveDevice_CollectData	40	static
../1_DEV/M3_Devices/SPI_SlaveOfCM4/spi_slave.c:113:16:SPI_SlaveDevice_GetDataInfo	16	static
../1_DEV/M3_Devices/SPI_SlaveOfCM4/spi_slave.c:123:16:SPI_SlaveDevice_ResetDMA	24	static
../1_DEV/M3_Devices/SPI_SlaveOfCM4/spi_slave.c:153:16:SPI_SlaveDevice_Disable	8	static
../1_DEV/M3_Devices/SPI_SlaveOfCM4/spi_slave.c:172:21:SPI_SlaveDevice_GetTransferState	4	static
../1_DEV/M3_Devices/SPI_SlaveOfCM4/spi_slave.c:177:6:SPI_SlaveDevice_SetTransferState	16	static
../1_DEV/M3_Devices/SPI_SlaveOfCM4/spi_slave.c:182:15:SPI_SlaveDevice_GetCM4State	8	static
