../0_DEV/M2_System/CLI_Terminal/CLI_Command/cli_command.c:74:17:UpdateCRC16_XMODEM	24	static
../0_DEV/M2_System/CLI_Terminal/CLI_Command/cli_command.c:87:6:dump_buffer	128	static
../0_DEV/M2_System/CLI_Terminal/CLI_Command/cli_command.c:118:13:CMD_ClearCLI	40	static
../0_DEV/M2_System/CLI_Terminal/CLI_Command/cli_command.c:124:13:CMD_RtcSet	224	static
../0_DEV/M2_System/CLI_Terminal/CLI_Command/cli_command.c:190:13:CMD_RtcGet	208	static
../0_DEV/M2_System/CLI_Terminal/CLI_Command/cli_command.c:244:13:CMD_CollectData	184	static
../0_DEV/M2_System/CLI_Terminal/CLI_Command/cli_command.c:276:13:CMD_QspiRead	152	static
../0_DEV/M2_System/CLI_Terminal/CLI_Command/cli_command.c:311:13:CMD_DumpQspi	136	static
../0_DEV/M2_System/CLI_Terminal/CLI_Command/cli_command.c:335:13:CMD_DumpChunk	160	static
../0_DEV/M2_System/CLI_Terminal/CLI_Command/cli_command.c:378:13:CMD_DumpPreSpi	136	static
../0_DEV/M2_System/CLI_Terminal/CLI_Command/cli_command.c:409:26:getCliStaticBindings	4	static
../0_DEV/M2_System/CLI_Terminal/CLI_Command/cli_command.c:413:10:getCliStaticBindingCount	4	static
