../0_DEV/M0_App4/OS4/scheduler.c:61:25:SCH_TASK_GetTaskContext	16	static
../0_DEV/M0_App4/OS4/scheduler.c:76:6:SCH_Initialize	8	static
../0_DEV/M0_App4/OS4/scheduler.c:106:6:SCH_TIM_Start	16	static
../0_DEV/M0_App4/OS4/scheduler.c:120:9:SCH_TIM_isCompleted	16	static
../0_DEV/M0_App4/OS4/scheduler.c:131:12:SCH_TASK_ResumeTask	24	static
../0_DEV/M0_App4/OS4/scheduler.c:151:12:SCH_TASK_StopTask	24	static
../0_DEV/M0_App4/OS4/scheduler.c:172:12:SCH_TASK_CreateTask	24	static
../0_DEV/M0_App4/OS4/scheduler.c:199:12:SCH_TASK_TriggerAsync	32	static
../0_DEV/M0_App4/OS4/scheduler.c:225:12:SCH_TIM_CreateTimer	24	static
../0_DEV/M0_App4/OS4/scheduler.c:251:12:SCH_TIM_RestartTimer	24	static
../0_DEV/M0_App4/OS4/scheduler.c:271:12:SCH_TIM_StopTimer	24	static
../0_DEV/M0_App4/OS4/scheduler.c:290:6:SCH_RunSystemTickTimer	32	static
../0_DEV/M0_App4/OS4/scheduler.c:350:6:SCH_StartScheduler	4	static
../0_DEV/M0_App4/OS4/scheduler.c:361:6:SCH_StopScheduler	8	static
../0_DEV/M0_App4/OS4/scheduler.c:382:6:SCH_HandleScheduledTask	40	static
../0_DEV/M0_App4/OS4/scheduler.c:447:10:SCH_SystemTick	4	static
../0_DEV/M0_App4/OS4/scheduler.c:460:12:SCH_Semaphore_Create	24	static
../0_DEV/M0_App4/OS4/scheduler.c:480:12:SCH_Semaphore_Take	24	static
../0_DEV/M0_App4/OS4/scheduler.c:501:12:SCH_Semaphore_Give	24	static
