../../Drivers/STM32H7xx_HAL_Driver/Inc/stm32h7xx_ll_gpio.h:884:22:LL_GPIO_SetOutputPin	16	static
../../Drivers/STM32H7xx_HAL_Driver/Inc/stm32h7xx_ll_gpio.h:913:22:LL_GPIO_ResetOutputPin	16	static
../0_DEV/M0_App4/Task4/scheduler_tasks.c:37:13:BlinkLed1_Task	8	static
../0_DEV/M0_App4/Task4/scheduler_tasks.c:52:13:BlinkLed2_Task	8	static
../0_DEV/M0_App4/Task4/scheduler_tasks.c:77:6:SchedulerTasks_Create	16	static
../0_DEV/M0_App4/Task4/scheduler_tasks.c:89:12:SchedulerTasks_RegisterTask	24	static
