../../Drivers/STM32H7xx_HAL_Driver/Inc/stm32h7xx_ll_spi.h:555:22:LL_SPI_Enable	16	static
../../Drivers/STM32H7xx_HAL_Driver/Inc/stm32h7xx_ll_spi.h:567:22:LL_SPI_Disable	16	static
../../Drivers/STM32H7xx_HAL_Driver/Inc/stm32h7xx_ll_spi.h:997:22:LL_SPI_StartMasterTransfer	16	static
../../Drivers/STM32H7xx_HAL_Driver/Inc/stm32h7xx_ll_spi.h:2356:22:LL_SPI_EnableDMAReq_RX	16	static
../../Drivers/STM32H7xx_HAL_Driver/Inc/stm32h7xx_ll_spi.h:2367:22:LL_SPI_DisableDMAReq_RX	16	static
../../Drivers/STM32H7xx_HAL_Driver/Inc/stm32h7xx_ll_spi.h:2389:22:LL_SPI_EnableDMAReq_TX	16	static
../../Drivers/STM32H7xx_HAL_Driver/Inc/stm32h7xx_ll_spi.h:2400:22:LL_SPI_DisableDMAReq_TX	16	static
../../Drivers/STM32H7xx_HAL_Driver/Inc/stm32h7xx_ll_gpio.h:884:22:LL_GPIO_SetOutputPin	16	static
../../Drivers/STM32H7xx_HAL_Driver/Inc/stm32h7xx_ll_gpio.h:913:22:LL_GPIO_ResetOutputPin	16	static
../../Drivers/STM32H7xx_HAL_Driver/Inc/stm32h7xx_ll_bdma.h:502:22:LL_BDMA_EnableChannel	24	static
../../Drivers/STM32H7xx_HAL_Driver/Inc/stm32h7xx_ll_bdma.h:524:22:LL_BDMA_DisableChannel	24	static
../../Drivers/STM32H7xx_HAL_Driver/Inc/stm32h7xx_ll_bdma.h:643:26:LL_BDMA_GetDataTransferDirection	24	static
../../Drivers/STM32H7xx_HAL_Driver/Inc/stm32h7xx_ll_bdma.h:985:22:LL_BDMA_SetDataLength	32	static
../../Drivers/STM32H7xx_HAL_Driver/Inc/stm32h7xx_ll_bdma.h:1157:22:LL_BDMA_ConfigAddresses	32	static
../../Drivers/STM32H7xx_HAL_Driver/Inc/stm32h7xx_ll_bdma.h:1452:22:LL_BDMA_SetPeriphRequest	24	static
../../Drivers/STM32H7xx_HAL_Driver/Inc/stm32h7xx_ll_bdma.h:1604:26:LL_BDMA_IsActiveFlag_TC0	16	static
../../Drivers/STM32H7xx_HAL_Driver/Inc/stm32h7xx_ll_bdma.h:1779:26:LL_BDMA_IsActiveFlag_TE0	16	static
../../Drivers/STM32H7xx_HAL_Driver/Inc/stm32h7xx_ll_bdma.h:1987:22:LL_BDMA_ClearFlag_TC0	16	static
../../Drivers/STM32H7xx_HAL_Driver/Inc/stm32h7xx_ll_bdma.h:2163:22:LL_BDMA_ClearFlag_TE0	16	static
../../Drivers/STM32H7xx_HAL_Driver/Inc/stm32h7xx_ll_bdma.h:2267:22:LL_BDMA_EnableIT_TC	24	static
../../Drivers/STM32H7xx_HAL_Driver/Inc/stm32h7xx_ll_bdma.h:2311:22:LL_BDMA_EnableIT_TE	24	static
../1_DEV/M3_Devices/SPI_MasterOfEXP/spi_master.c:24:21:SPI_MasterDevice_GetHandle	4	static
../1_DEV/M3_Devices/SPI_MasterOfEXP/spi_master.c:29:16:SPI_MasterDevice_Init	24	static
../1_DEV/M3_Devices/SPI_MasterOfEXP/spi_master.c:56:16:SPI_MasterDevice_ReadDMA	24	static
../1_DEV/M3_Devices/SPI_MasterOfEXP/spi_master.c:120:16:SPI_MasterDevice_Disable	8	static
../1_DEV/M3_Devices/SPI_MasterOfEXP/spi_master.c:139:27:SPI_MasterDevice_GetTransferState	4	static
../1_DEV/M3_Devices/SPI_MasterOfEXP/spi_master.c:144:6:SPI_MasterDevice_SetTransferState	16	static
../1_DEV/M3_Devices/SPI_MasterOfEXP/spi_master.c:149:15:SPI_MasterDevice_GetCM4State	8	static
../1_DEV/M3_Devices/SPI_MasterOfEXP/spi_master.c:154:6:SPIMaster_IRQHandler	16	static,ignoring_inline_asm
