../1_DEV/M2_System/MIN_Process/min_process.c:29:6:MIN_ResponseCallback	24	static
../1_DEV/M2_System/MIN_Process/min_process.c:39:13:ClearPendingCommand	120	static
../1_DEV/M2_System/MIN_Process/min_process.c:49:6:MIN_Timeout_Handler	16	static
../1_DEV/M2_System/MIN_Process/min_process.c:53:6:MIN_Process_Init	8	static
../1_DEV/M2_System/MIN_Process/min_process.c:64:6:MIN_Processing	16	static
../1_DEV/M2_System/MIN_Process/min_process.c:79:6:Min_Send_CONTROL_TEMP_CMD	24	static
../1_DEV/M2_System/MIN_Process/min_process.c:94:6:Min_Send_COLLECT_DATA	24	static
../1_DEV/M2_System/MIN_Process/min_process.c:116:6:Min_Send_PRE_DATA	24	static
../1_DEV/M2_System/MIN_Process/min_process.c:135:6:Min_Send_PRE_CHUNK	24	static
../1_DEV/M2_System/MIN_Process/min_process.c:150:6:Min_Send_SAMPLERATE_SET	24	static
../1_DEV/M2_System/MIN_Process/min_process.c:171:6:Min_Send_SAMPLERATE_GET	16	static
../1_DEV/M2_System/MIN_Process/min_process.c:185:6:Min_Send_COLLECT_PACKAGE	16	static
