../Drivers/CMSIS/Include/core_cm7.h:1884:26:__NVIC_GetPriorityGrouping	1
../Drivers/CMSIS/Include/core_cm7.h:1896:22:__NVIC_EnableIRQ	2
../Drivers/CMSIS/Include/core_cm7.h:2024:22:__NVIC_SetPriority	2
../Drivers/CMSIS/Include/core_cm7.h:2071:26:NVIC_EncodePriority	2
../Drivers/STM32F7xx_HAL_Driver/Inc/stm32f7xx_ll_dma.h:598:22:LL_DMA_SetDataTransferDirection	1
../Drivers/STM32F7xx_HAL_Driver/Inc/stm32f7xx_ll_dma.h:646:22:LL_DMA_SetMode	1
../Drivers/STM32F7xx_HAL_Driver/Inc/stm32f7xx_ll_dma.h:693:22:LL_DMA_SetPeriphIncMode	1
../Drivers/STM32F7xx_HAL_Driver/Inc/stm32f7xx_ll_dma.h:738:22:LL_DMA_SetMemoryIncMode	1
../Drivers/STM32F7xx_HAL_Driver/Inc/stm32f7xx_ll_dma.h:784:22:LL_DMA_SetPeriphSize	1
../Drivers/STM32F7xx_HAL_Driver/Inc/stm32f7xx_ll_dma.h:831:22:LL_DMA_SetMemorySize	1
../Drivers/STM32F7xx_HAL_Driver/Inc/stm32f7xx_ll_dma.h:924:22:LL_DMA_SetStreamPriorityLevel	1
../Drivers/STM32F7xx_HAL_Driver/Inc/stm32f7xx_ll_dma.h:1032:22:LL_DMA_SetChannelSelection	1
../Drivers/STM32F7xx_HAL_Driver/Inc/stm32f7xx_ll_dma.h:1299:22:LL_DMA_DisableFifoMode	1
../Drivers/STM32F7xx_HAL_Driver/Inc/stm32f7xx_ll_spi.h:426:22:LL_SPI_SetStandard	1
../Drivers/STM32F7xx_HAL_Driver/Inc/stm32f7xx_ll_spi.h:874:22:LL_SPI_DisableNSSPulseMgt	1
../Drivers/STM32F7xx_HAL_Driver/Inc/stm32f7xx_ll_usart.h:560:22:LL_USART_Enable	1
../Drivers/STM32F7xx_HAL_Driver/Inc/stm32f7xx_ll_usart.h:2320:22:LL_USART_ConfigAsyncMode	1
../Drivers/STM32F7xx_HAL_Driver/Inc/stm32f7xx_ll_gpio.h:881:22:LL_GPIO_SetOutputPin	1
../Drivers/STM32F7xx_HAL_Driver/Inc/stm32f7xx_ll_gpio.h:910:22:LL_GPIO_ResetOutputPin	1
../Drivers/STM32F7xx_HAL_Driver/Inc/stm32f7xx_ll_bus.h:309:22:LL_AHB1_GRP1_EnableClock	1
../Drivers/STM32F7xx_HAL_Driver/Inc/stm32f7xx_ll_bus.h:1587:22:LL_APB2_GRP1_EnableClock	1
../Core/Src/main.c:75:5:main	1
../Core/Src/main.c:128:6:SystemClock_Config	3
../Core/Src/main.c:174:13:MX_QUADSPI_Init	2
../Core/Src/main.c:209:13:MX_SPI5_Init	1
../Core/Src/main.c:314:13:MX_USART1_UART_Init	2
../Core/Src/main.c:349:13:MX_USART6_UART_Init	2
../Core/Src/main.c:420:13:MX_DMA_Init	1
../Core/Src/main.c:439:13:MX_GPIO_Init	1
../Core/Src/main.c:518:1:__io_putchar	1
../Core/Src/main.c:528:6:Error_Handler	1
