../1_DEV/M0_App/Mgmt/management.c:28:16:Mgmt_HardwareSystemPreparing	16	static
../1_DEV/M0_App/Mgmt/management.c:52:6:Mgmt_SystemStart	8	static
../1_DEV/M0_App/Mgmt/management.c:62:16:Mgmt_SystemInitStepZero	16	static
../1_DEV/M0_App/Mgmt/management.c:81:16:Mgmt_SystemInitStepOne	16	static
../1_DEV/M0_App/Mgmt/management.c:110:16:Mgmt_SystemInitStepTwo	8	static
../1_DEV/M0_App/Mgmt/management.c:118:16:Mgmt_SystemInitFinal	8	static
../1_DEV/M0_App/Mgmt/management.c:127:16:Mgmt_GetSystemStatus	16	static
