Archive member included to satisfy reference by file (symbol)

C:/ST/STM32CubeIDE_1.15.1/STM32CubeIDE/plugins/com.st.stm32cube.ide.mcu.externaltools.gnu-tools-for-stm32.13.3.rel1.win32_1.0.0.202411081344/tools/bin/../lib/gcc/arm-none-eabi/13.3.1/../../../../arm-none-eabi/lib/thumb/v7e-m+fp/hard\libc_nano.a(libc_a-atoi.o)
                              ./0_DEV/M2_System/CLI_Terminal/CLI_Command/cli_command.o (atoi)
C:/ST/STM32CubeIDE_1.15.1/STM32CubeIDE/plugins/com.st.stm32cube.ide.mcu.externaltools.gnu-tools-for-stm32.13.3.rel1.win32_1.0.0.202411081344/tools/bin/../lib/gcc/arm-none-eabi/13.3.1/../../../../arm-none-eabi/lib/thumb/v7e-m+fp/hard\libc_nano.a(libc_a-exit.o)
                              C:/ST/STM32CubeIDE_1.15.1/STM32CubeIDE/plugins/com.st.stm32cube.ide.mcu.externaltools.gnu-tools-for-stm32.13.3.rel1.win32_1.0.0.202411081344/tools/bin/../lib/gcc/arm-none-eabi/13.3.1/../../../../arm-none-eabi/lib/thumb/v7e-m+fp/hard/crt0.o (exit)
C:/ST/STM32CubeIDE_1.15.1/STM32CubeIDE/plugins/com.st.stm32cube.ide.mcu.externaltools.gnu-tools-for-stm32.13.3.rel1.win32_1.0.0.202411081344/tools/bin/../lib/gcc/arm-none-eabi/13.3.1/../../../../arm-none-eabi/lib/thumb/v7e-m+fp/hard\libc_nano.a(libc_a-strtol.o)
                              C:/ST/STM32CubeIDE_1.15.1/STM32CubeIDE/plugins/com.st.stm32cube.ide.mcu.externaltools.gnu-tools-for-stm32.13.3.rel1.win32_1.0.0.202411081344/tools/bin/../lib/gcc/arm-none-eabi/13.3.1/../../../../arm-none-eabi/lib/thumb/v7e-m+fp/hard\libc_nano.a(libc_a-atoi.o) (_strtol_r)
C:/ST/STM32CubeIDE_1.15.1/STM32CubeIDE/plugins/com.st.stm32cube.ide.mcu.externaltools.gnu-tools-for-stm32.13.3.rel1.win32_1.0.0.202411081344/tools/bin/../lib/gcc/arm-none-eabi/13.3.1/../../../../arm-none-eabi/lib/thumb/v7e-m+fp/hard\libc_nano.a(libc_a-strtoul.o)
                              ./0_DEV/M2_System/CLI_Terminal/CLI_Command/cli_command.o (strtoul)
C:/ST/STM32CubeIDE_1.15.1/STM32CubeIDE/plugins/com.st.stm32cube.ide.mcu.externaltools.gnu-tools-for-stm32.13.3.rel1.win32_1.0.0.202411081344/tools/bin/../lib/gcc/arm-none-eabi/13.3.1/../../../../arm-none-eabi/lib/thumb/v7e-m+fp/hard\libc_nano.a(libc_a-ctype_.o)
                              C:/ST/STM32CubeIDE_1.15.1/STM32CubeIDE/plugins/com.st.stm32cube.ide.mcu.externaltools.gnu-tools-for-stm32.13.3.rel1.win32_1.0.0.202411081344/tools/bin/../lib/gcc/arm-none-eabi/13.3.1/../../../../arm-none-eabi/lib/thumb/v7e-m+fp/hard\libc_nano.a(libc_a-strtol.o) (_ctype_)
C:/ST/STM32CubeIDE_1.15.1/STM32CubeIDE/plugins/com.st.stm32cube.ide.mcu.externaltools.gnu-tools-for-stm32.13.3.rel1.win32_1.0.0.202411081344/tools/bin/../lib/gcc/arm-none-eabi/13.3.1/../../../../arm-none-eabi/lib/thumb/v7e-m+fp/hard\libc_nano.a(libc_a-findfp.o)
                              C:/ST/STM32CubeIDE_1.15.1/STM32CubeIDE/plugins/com.st.stm32cube.ide.mcu.externaltools.gnu-tools-for-stm32.13.3.rel1.win32_1.0.0.202411081344/tools/bin/../lib/gcc/arm-none-eabi/13.3.1/../../../../arm-none-eabi/lib/thumb/v7e-m+fp/hard\libc_nano.a(libc_a-exit.o) (__stdio_exit_handler)
C:/ST/STM32CubeIDE_1.15.1/STM32CubeIDE/plugins/com.st.stm32cube.ide.mcu.externaltools.gnu-tools-for-stm32.13.3.rel1.win32_1.0.0.202411081344/tools/bin/../lib/gcc/arm-none-eabi/13.3.1/../../../../arm-none-eabi/lib/thumb/v7e-m+fp/hard\libc_nano.a(libc_a-fwalk.o)
                              C:/ST/STM32CubeIDE_1.15.1/STM32CubeIDE/plugins/com.st.stm32cube.ide.mcu.externaltools.gnu-tools-for-stm32.13.3.rel1.win32_1.0.0.202411081344/tools/bin/../lib/gcc/arm-none-eabi/13.3.1/../../../../arm-none-eabi/lib/thumb/v7e-m+fp/hard\libc_nano.a(libc_a-findfp.o) (_fwalk_sglue)
C:/ST/STM32CubeIDE_1.15.1/STM32CubeIDE/plugins/com.st.stm32cube.ide.mcu.externaltools.gnu-tools-for-stm32.13.3.rel1.win32_1.0.0.202411081344/tools/bin/../lib/gcc/arm-none-eabi/13.3.1/../../../../arm-none-eabi/lib/thumb/v7e-m+fp/hard\libc_nano.a(libc_a-printf.o)
                              ./0_DEV/M0_App/Mgmt/mgmt.o (printf)
C:/ST/STM32CubeIDE_1.15.1/STM32CubeIDE/plugins/com.st.stm32cube.ide.mcu.externaltools.gnu-tools-for-stm32.13.3.rel1.win32_1.0.0.202411081344/tools/bin/../lib/gcc/arm-none-eabi/13.3.1/../../../../arm-none-eabi/lib/thumb/v7e-m+fp/hard\libc_nano.a(libc_a-putchar.o)
                              ./0_DEV/M5_ThirdParty/MIN_R01/min_app/min_app.o (putchar)
C:/ST/STM32CubeIDE_1.15.1/STM32CubeIDE/plugins/com.st.stm32cube.ide.mcu.externaltools.gnu-tools-for-stm32.13.3.rel1.win32_1.0.0.202411081344/tools/bin/../lib/gcc/arm-none-eabi/13.3.1/../../../../arm-none-eabi/lib/thumb/v7e-m+fp/hard\libc_nano.a(libc_a-puts.o)
                              ./0_DEV/M5_ThirdParty/MIN_R01/min_app/min_command.o (puts)
C:/ST/STM32CubeIDE_1.15.1/STM32CubeIDE/plugins/com.st.stm32cube.ide.mcu.externaltools.gnu-tools-for-stm32.13.3.rel1.win32_1.0.0.202411081344/tools/bin/../lib/gcc/arm-none-eabi/13.3.1/../../../../arm-none-eabi/lib/thumb/v7e-m+fp/hard\libc_nano.a(libc_a-snprintf.o)
                              ./0_DEV/M2_System/CLI_Terminal/CLI_Command/cli_command.o (snprintf)
[...]
Memory Configuration

Name             Origin             Length             Attributes
RAM              0x20000000         0x00050000         xrw
FLASH            0x08000000         0x00100000         xr
*default*        0x00000000         0xffffffff

Linker script and memory map

LOAD C:/ST/STM32CubeIDE_1.15.1/STM32CubeIDE/plugins/com.st.stm32cube.ide.mcu.externaltools.gnu-tools-for-stm32.13.3.rel1.win32_1.0.0.202411081344/tools/bin/../lib/gcc/arm-none-eabi/13.3.1/thumb/v7e-m+fp/hard/crti.o
LOAD C:/ST/STM32CubeIDE_1.15.1/STM32CubeIDE/plugins/com.st.stm32cube.ide.mcu.externaltools.gnu-tools-for-stm32.13.3.rel1.win32_1.0.0.202411081344/tools/bin/../lib/gcc/arm-none-eabi/13.3.1/thumb/v7e-m+fp/hard/crtbegin.o
LOAD C:/ST/STM32CubeIDE_1.15.1/STM32CubeIDE/plugins/com.st.stm32cube.ide.mcu.externaltools.gnu-tools-for-stm32.13.3.rel1.win32_1.0.0.202411081344/tools/bin/../lib/gcc/arm-none-eabi/13.3.1/../../../../arm-none-eabi/lib/thumb/v7e-m+fp/hard/crt0.o
LOAD ./0_DEV/M0_App/Mgmt/mgmt.o
LOAD ./0_DEV/M0_App/OS/Scheduler/scheduler.o
LOAD ./0_DEV/M0_App/Struct/gpio_state.o
LOAD ./0_DEV/M0_App/Task/scheduler_tasks.o
LOAD ./0_DEV/M1_Driver/QSPI/quadspi.o
LOAD ./0_DEV/M1_Driver/UART/uart_driver.o
LOAD ./0_DEV/M2_System/CLI_Terminal/CLI_Command/cli_command.o
LOAD ./0_DEV/M2_System/CLI_Terminal/CLI_Setup/cli_setup.o
LOAD ./0_DEV/M2_System/CLI_Terminal/CLI_Src/embedded_cli.o
LOAD ./0_DEV/M2_System/MIN_Process/min_process.o
LOAD ./0_DEV/M3_Device/SPI_SlaveOfOBC/spi_slave.o
LOAD ./0_DEV/M4_Util/DateTime/date_time.o
LOAD ./0_DEV/M4_Util/Logger/log.o
LOAD ./0_DEV/M4_Util/RingBuffer/ring_buffer.o
LOAD ./0_DEV/M5_ThirdParty/MIN_R01/min/min.o
LOAD ./0_DEV/M5_ThirdParty/MIN_R01/min_app/min_app.o
LOAD ./0_DEV/M5_ThirdParty/MIN_R01/min_app/min_command.o
LOAD ./Core/Src/main.o
LOAD ./Core/Src/stm32f7xx_hal_msp.o
LOAD ./Core/Src/stm32f7xx_it.o
LOAD ./Core/Src/syscalls.o
LOAD ./Core/Src/sysmem.o
LOAD ./Core/Src/system_stm32f7xx.o
LOAD ./Core/Startup/startup_stm32f746nghx.o
LOAD ./Drivers/STM32F7xx_HAL_Driver/Src/stm32f7xx_hal.o
LOAD ./Drivers/STM32F7xx_HAL_Driver/Src/stm32f7xx_hal_cortex.o
LOAD ./Drivers/STM32F7xx_HAL_Driver/Src/stm32f7xx_hal_dma.o
LOAD ./Drivers/STM32F7xx_HAL_Driver/Src/stm32f7xx_hal_dma_ex.o
LOAD ./Drivers/STM32F7xx_HAL_Driver/Src/stm32f7xx_hal_exti.o
LOAD ./Drivers/STM32F7xx_HAL_Driver/Src/stm32f7xx_hal_flash.o
LOAD ./Drivers/STM32F7xx_HAL_Driver/Src/stm32f7xx_hal_flash_ex.o
LOAD ./Drivers/STM32F7xx_HAL_Driver/Src/stm32f7xx_hal_gpio.o
LOAD ./Drivers/STM32F7xx_HAL_Driver/Src/stm32f7xx_hal_i2c.o
LOAD ./Drivers/STM32F7xx_HAL_Driver/Src/stm32f7xx_hal_i2c_ex.o
LOAD ./Drivers/STM32F7xx_HAL_Driver/Src/stm32f7xx_hal_pwr.o
LOAD ./Drivers/STM32F7xx_HAL_Driver/Src/stm32f7xx_hal_pwr_ex.o
LOAD ./Drivers/STM32F7xx_HAL_Driver/Src/stm32f7xx_hal_qspi.o
LOAD ./Drivers/STM32F7xx_HAL_Driver/Src/stm32f7xx_hal_rcc.o
LOAD ./Drivers/STM32F7xx_HAL_Driver/Src/stm32f7xx_hal_rcc_ex.o
LOAD ./Drivers/STM32F7xx_HAL_Driver/Src/stm32f7xx_hal_uart.o
LOAD ./Drivers/STM32F7xx_HAL_Driver/Src/stm32f7xx_hal_uart_ex.o
LOAD ./Drivers/STM32F7xx_HAL_Driver/Src/stm32f7xx_ll_dma.o
LOAD ./Drivers/STM32F7xx_HAL_Driver/Src/stm32f7xx_ll_exti.o
LOAD ./Drivers/STM32F7xx_HAL_Driver/Src/stm32f7xx_ll_gpio.o
LOAD ./Drivers/STM32F7xx_HAL_Driver/Src/stm32f7xx_ll_rcc.o
LOAD ./Drivers/STM32F7xx_HAL_Driver/Src/stm32f7xx_ll_spi.o
LOAD ./Drivers/STM32F7xx_HAL_Driver/Src/stm32f7xx_ll_usart.o
LOAD ./Drivers/STM32F7xx_HAL_Driver/Src/stm32f7xx_ll_utils.o
START GROUP
LOAD C:/ST/STM32CubeIDE_1.15.1/STM32CubeIDE/plugins/com.st.stm32cube.ide.mcu.externaltools.gnu-tools-for-stm32.13.3.rel1.win32_1.0.0.202411081344/tools/bin/../lib/gcc/arm-none-eabi/13.3.1/../../../../arm-none-eabi/lib/thumb/v7e-m+fp/hard\libc_nano.a
LOAD C:/ST/STM32CubeIDE_1.15.1/STM32CubeIDE/plugins/com.st.stm32cube.ide.mcu.externaltools.gnu-tools-for-stm32.13.3.rel1.win32_1.0.0.202411081344/tools/bin/../lib/gcc/arm-none-eabi/13.3.1/../../../../arm-none-eabi/lib/thumb/v7e-m+fp/hard\libm.a
END GROUP
START GROUP
LOAD C:/ST/STM32CubeIDE_1.15.1/STM32CubeIDE/plugins/com.st.stm32cube.ide.mcu.externaltools.gnu-tools-for-stm32.13.3.rel1.win32_1.0.0.202411081344/tools/bin/../lib/gcc/arm-none-eabi/13.3.1/thumb/v7e-m+fp/hard\libgcc.a
LOAD C:/ST/STM32CubeIDE_1.15.1/STM32CubeIDE/plugins/com.st.stm32cube.ide.mcu.externaltools.gnu-tools-for-stm32.13.3.rel1.win32_1.0.0.202411081344/tools/bin/../lib/gcc/arm-none-eabi/13.3.1/../../../../arm-none-eabi/lib/thumb/v7e-m+fp/hard\libc_nano.a
END GROUP
START GROUP
LOAD C:/ST/STM32CubeIDE_1.15.1/STM32CubeIDE/plugins/com.st.stm32cube.ide.mcu.externaltools.gnu-tools-for-stm32.13.3.rel1.win32_1.0.0.202411081344/tools/bin/../lib/gcc/arm-none-eabi/13.3.1/thumb/v7e-m+fp/hard\libgcc.a
LOAD C:/ST/STM32CubeIDE_1.15.1/STM32CubeIDE/plugins/com.st.stm32cube.ide.mcu.externaltools.gnu-tools-for-stm32.13.3.rel1.win32_1.0.0.202411081344/tools/bin/../lib/gcc/arm-none-eabi/13.3.1/../../../../arm-none-eabi/lib/thumb/v7e-m+fp/hard\libc_nano.a
LOAD C:/ST/STM32CubeIDE_1.15.1/STM32CubeIDE/plugins/com.st.stm32cube.ide.mcu.externaltools.gnu-tools-for-stm32.13.3.rel1.win32_1.0.0.202411081344/tools/bin/../lib/gcc/arm-none-eabi/13.3.1/../../../../arm-none-eabi/lib/thumb/v7e-m+fp/hard\libnosys.a
END GROUP
START GROUP
LOAD C:/ST/STM32CubeIDE_1.15.1/STM32CubeIDE/plugins/com.st.stm32cube.ide.mcu.externaltools.gnu-tools-for-stm32.13.3.rel1.win32_1.0.0.202411081344/tools/bin/../lib/gcc/arm-none-eabi/13.3.1/thumb/v7e-m+fp/hard\libgcc.a
LOAD C:/ST/STM32CubeIDE_1.15.1/STM32CubeIDE/plugins/com.st.stm32cube.ide.mcu.externaltools.gnu-tools-for-stm32.13.3.rel1.win32_1.0.0.202411081344/tools/bin/../lib/gcc/arm-none-eabi/13.3.1/../../../../arm-none-eabi/lib/thumb/v7e-m+fp/hard\libc_nano.a
LOAD C:/ST/STM32CubeIDE_1.15.1/STM32CubeIDE/plugins/com.st.stm32cube.ide.mcu.externaltools.gnu-tools-for-stm32.13.3.rel1.win32_1.0.0.202411081344/tools/bin/../lib/gcc/arm-none-eabi/13.3.1/../../../../arm-none-eabi/lib/thumb/v7e-m+fp/hard\libnosys.a
END GROUP
LOAD C:/ST/STM32CubeIDE_1.15.1/STM32CubeIDE/plugins/com.st.stm32cube.ide.mcu.externaltools.gnu-tools-for-stm32.13.3.rel1.win32_1.0.0.202411081344/tools/bin/../lib/gcc/arm-none-eabi/13.3.1/thumb/v7e-m+fp/hard/crtend.o
LOAD C:/ST/STM32CubeIDE_1.15.1/STM32CubeIDE/plugins/com.st.stm32cube.ide.mcu.externaltools.gnu-tools-for-stm32.13.3.rel1.win32_1.0.0.202411081344/tools/bin/../lib/gcc/arm-none-eabi/13.3.1/thumb/v7e-m+fp/hard/crtn.o
                0x20050000                        _estack = (ORIGIN (RAM) + LENGTH (RAM))
                0x00000400                        _Min_Heap_Size = 0x400
                0x00000800                        _Min_Stack_Size = 0x800

.isr_vector     0x08000000      0x1c8
                0x08000000                        . = ALIGN (0x4)
 *(.isr_vector)
 .isr_vector    0x08000000      0x1c8 ./Core/Startup/startup_stm32f746nghx.o
                0x08000000                g_pfnVectors
                0x080001c8                        . = ALIGN (0x4)

.text           0x080001d0     0xcba8
                0x080001d0                        . = ALIGN (0x4)
 *(.text)
 .text          0x080001d0       0x40 C:/ST/STM32CubeIDE_1.15.1/STM32CubeIDE/plugins/com.st.stm32cube.ide.mcu.externaltools.gnu-tools-for-stm32.13.3.rel1.win32_1.0.0.202411081344/tools/bin/../lib/gcc/arm-none-eabi/13.3.1/thumb/v7e-m+fp/hard/crtbegin.o
 .text          0x08000210       0x14 C:/ST/STM32CubeIDE_1.15.1/STM32CubeIDE/plugins/com.st.stm32cube.ide.mcu.externaltools.gnu-tools-for-stm32.13.3.rel1.win32_1.0.0.202411081344/tools/bin/../lib/gcc/arm-none-eabi/13.3.1/../../../../arm-none-eabi/lib/thumb/v7e-m+fp/hard\libc_nano.a(libc_a-strcmp.o)
                0x08000210                strcmp
 .text          0x08000224       0x10 C:/ST/STM32CubeIDE_1.15.1/STM32CubeIDE/plugins/com.st.stm32cube.ide.mcu.externaltools.gnu-tools-for-stm32.13.3.rel1.win32_1.0.0.202411081344/tools/bin/../lib/gcc/arm-none-eabi/13.3.1/../../../../arm-none-eabi/lib/thumb/v7e-m+fp/hard\libc_nano.a(libc_a-strlen.o)
                0x08000224                strlen
 *fill*         0x08000234        0xc 
 .text          0x08000240       0xa0 C:/ST/STM32CubeIDE_1.15.1/STM32CubeIDE/plugins/com.st.stm32cube.ide.mcu.externaltools.gnu-tools-for-stm32.13.3.rel1.win32_1.0.0.202411081344/tools/bin/../lib/gcc/arm-none-eabi/13.3.1/../../../../arm-none-eabi/lib/thumb/v7e-m+fp/hard\libc_nano.a(libc_a-memchr.o)
                0x08000240                memchr
 .text          0x080002e0       0x30 C:/ST/STM32CubeIDE_1.15.1/STM32CubeIDE/plugins/com.st.stm32cube.ide.mcu.externaltools.gnu-tools-for-stm32.13.3.rel1.win32_1.0.0.202411081344/tools/bin/../lib/gcc/arm-none-eabi/13.3.1/thumb/v7e-m+fp/hard\libgcc.a(_aeabi_uldivmod.o)
                0x080002e0                __aeabi_uldivmod
 .text          0x08000310      0x2f8 C:/ST/STM32CubeIDE_1.15.1/STM32CubeIDE/plugins/com.st.stm32cube.ide.mcu.externaltools.gnu-tools-for-stm32.13.3.rel1.win32_1.0.0.202411081344/tools/bin/../lib/gcc/arm-none-eabi/13.3.1/thumb/v7e-m+fp/hard\libgcc.a(_udivmoddi4.o)
                0x08000310                __udivmoddi4
 .text          0x08000608        0x4 C:/ST/STM32CubeIDE_1.15.1/STM32CubeIDE/plugins/com.st.stm32cube.ide.mcu.externaltools.gnu-tools-for-stm32.13.3.rel1.win32_1.0.0.202411081344/tools/bin/../lib/gcc/arm-none-eabi/13.3.1/thumb/v7e-m+fp/hard\libgcc.a(_dvmd_tls.o)
                0x08000608                __aeabi_idiv0
                0x08000608                __aeabi_ldiv0
 *(.text*)
 .text.Mgmt_SystemInitStepZero
                0x0800060c       0xbc ./0_DEV/M0_App/Mgmt/mgmt.o
                0x0800060c                Mgmt_SystemInitStepZero
 .text.Mgmt_SystemInitFinal
                0x080006c8       0x44 ./0_DEV/M0_App/Mgmt/mgmt.o
                0x080006c8                Mgmt_SystemInitFinal
 .text.Mgmt_SystemStart
                0x0800070c       0x3c ./0_DEV/M0_App/Mgmt/mgmt.o
                0x0800070c                Mgmt_SystemStart
 .text.SCH_Initialize
                0x08000748       0x90 ./0_DEV/M0_App/OS/Scheduler/scheduler.o
                0x08000748                SCH_Initialize
 .text.SCH_TASK_CreateTask
                0x080007d8       0x88 ./0_DEV/M0_App/OS/Scheduler/scheduler.o
                0x080007d8                SCH_TASK_CreateTask
 .text.SCH_RunSystemTickTimer
                0x08000860      0x17c ./0_DEV/M0_App/OS/Scheduler/scheduler.o
                0x08000860                SCH_RunSystemTickTimer
 .text.SCH_StartScheduler
                0x080009dc       0x18 ./0_DEV/M0_App/OS/Scheduler/scheduler.o
                0x080009dc                SCH_StartScheduler
 .text.SCH_HandleScheduledTask
                0x080009f4      0x190 ./0_DEV/M0_App/OS/Scheduler/scheduler.o
                0x080009f4                SCH_HandleScheduledTask
 .text.LL_GPIO_IsOutputPinSet
                0x08000b84       0x2a ./0_DEV/M0_App/Struct/gpio_state.o
 .text.LL_GPIO_SetOutputPin
                0x08000bae       0x1c ./0_DEV/M0_App/Struct/gpio_state.o
 .text.LL_GPIO_ResetOutputPin
                0x08000bca       0x1e ./0_DEV/M0_App/Struct/gpio_state.o
 .text.toOBC_Init
                0x08000be8       0x24 ./0_DEV/M0_App/Struct/gpio_state.o
                0x08000be8                toOBC_Init
 .text.toOBC_SetState
                0x08000c0c       0x98 ./0_DEV/M0_App/Struct/gpio_state.o
                0x08000c0c                toOBC_SetState
 .text.toOBC_GetState
                0x08000ca4       0x74 ./0_DEV/M0_App/Struct/gpio_state.o
                0x08000ca4                toOBC_GetState
 .text.CPROCESS_Init
                0x08000d18       0x14 ./0_DEV/M0_App/Struct/gpio_state.o
                0x08000d18                CPROCESS_Init
 .text.CPROCESS_SetState
                0x08000d2c       0x30 ./0_DEV/M0_App/Struct/gpio_state.o
                0x08000d2c                CPROCESS_SetState
 .text.LL_GPIO_SetOutputPin
                0x08000d5c       0x1c ./0_DEV/M0_App/Task/scheduler_tasks.o
 .text.LL_GPIO_ResetOutputPin
                0x08000d78       0x1e ./0_DEV/M0_App/Task/scheduler_tasks.o
 *fill*         0x08000d96        0x2 
 .text.BlinkLed_Task
                0x08000d98       0x38 ./0_DEV/M0_App/Task/scheduler_tasks.o
 .text.HelloWorld_Task
                0x08000dd0        0xe ./0_DEV/M0_App/Task/scheduler_tasks.o
 *fill*         0x08000dde        0x2 
 .text.CliProcess_Task
                0x08000de0       0x38 ./0_DEV/M0_App/Task/scheduler_tasks.o
 .text.MINProcess_Task
                0x08000e18        0xc ./0_DEV/M0_App/Task/scheduler_tasks.o
 .text.HAL_UART_RxCpltCallback
                0x08000e24       0x40 ./0_DEV/M0_App/Task/scheduler_tasks.o
                0x08000e24                HAL_UART_RxCpltCallback
 .text.SchedulerTasks_Create
                0x08000e64       0x78 ./0_DEV/M0_App/Task/scheduler_tasks.o
                0x08000e64                SchedulerTasks_Create
 .text.CSP_QUADSPI_Init
                0x08000edc       0x48 ./0_DEV/M1_Driver/QSPI/quadspi.o
                0x08000edc                CSP_QUADSPI_Init
 .text.QSPI_AutoPollingMemReady
                0x08000f24       0x70 ./0_DEV/M1_Driver/QSPI/quadspi.o
                0x08000f24                QSPI_AutoPollingMemReady
 .text.QSPI_WriteEnable
                0x08000f94       0x94 ./0_DEV/M1_Driver/QSPI/quadspi.o
 .text.QSPI_Configuration
                0x08001028      0x110 ./0_DEV/M1_Driver/QSPI/quadspi.o
                0x08001028                QSPI_Configuration
 .text.QSPI_ResetChip
                0x08001138       0xbc ./0_DEV/M1_Driver/QSPI/quadspi.o
                0x08001138                QSPI_ResetChip
 .text.CSP_QSPI_Read
                0x080011f4       0xac ./0_DEV/M1_Driver/QSPI/quadspi.o
                0x080011f4                CSP_QSPI_Read
 .text.LL_USART_IsActiveFlag_FE
                0x080012a0       0x26 ./0_DEV/M1_Driver/UART/uart_driver.o
 .text.LL_USART_IsActiveFlag_NE
                0x080012c6       0x26 ./0_DEV/M1_Driver/UART/uart_driver.o
 .text.LL_USART_IsActiveFlag_ORE
                0x080012ec       0x26 ./0_DEV/M1_Driver/UART/uart_driver.o
 .text.LL_USART_IsActiveFlag_RXNE
                0x08001312       0x26 ./0_DEV/M1_Driver/UART/uart_driver.o
 .text.LL_USART_IsActiveFlag_TXE
                0x08001338       0x26 ./0_DEV/M1_Driver/UART/uart_driver.o
 .text.LL_USART_ClearFlag_FE
                0x0800135e       0x1a ./0_DEV/M1_Driver/UART/uart_driver.o
 .text.LL_USART_ClearFlag_NE
                0x08001378       0x1a ./0_DEV/M1_Driver/UART/uart_driver.o
 .text.LL_USART_ClearFlag_ORE
                0x08001392       0x1a ./0_DEV/M1_Driver/UART/uart_driver.o
 .text.LL_USART_EnableIT_RXNE
                0x080013ac       0x42 ./0_DEV/M1_Driver/UART/uart_driver.o
 .text.LL_USART_EnableIT_TXE
                0x080013ee       0x42 ./0_DEV/M1_Driver/UART/uart_driver.o
 .text.LL_USART_DisableIT_TXE
                0x08001430       0x42 ./0_DEV/M1_Driver/UART/uart_driver.o
 .text.LL_USART_IsEnabledIT_RXNE
                0x08001472       0x26 ./0_DEV/M1_Driver/UART/uart_driver.o
 .text.LL_USART_IsEnabledIT_TXE
                0x08001498       0x26 ./0_DEV/M1_Driver/UART/uart_driver.o
 .text.LL_USART_ReceiveData8
                0x080014be       0x1a ./0_DEV/M1_Driver/UART/uart_driver.o
 .text.LL_USART_TransmitData8
                0x080014d8       0x1e ./0_DEV/M1_Driver/UART/uart_driver.o
 *fill*         0x080014f6        0x2 
 .text.UART_Driver_Get
                0x080014f8       0x50 ./0_DEV/M1_Driver/UART/uart_driver.o
 .text.UART_Driver_Init
                0x08001548       0x54 ./0_DEV/M1_Driver/UART/uart_driver.o
                0x08001548                UART_Driver_Init
 .text.UART_Driver_Read
                0x0800159c       0x42 ./0_DEV/M1_Driver/UART/uart_driver.o
                0x0800159c                UART_Driver_Read
 .text.UART_Driver_Write
                0x080015de       0x46 ./0_DEV/M1_Driver/UART/uart_driver.o
                0x080015de                UART_Driver_Write
 .text.UART_Driver_IsDataAvailable
                0x08001624       0x2e ./0_DEV/M1_Driver/UART/uart_driver.o
                0x08001624                UART_Driver_IsDataAvailable
 .text.UART_Driver_TXNumFreeSlots
                0x08001652       0x30 ./0_DEV/M1_Driver/UART/uart_driver.o
                0x08001652                UART_Driver_TXNumFreeSlots
 .text.UART_Driver_ISR
                0x08001682       0xc6 ./0_DEV/M1_Driver/UART/uart_driver.o
                0x08001682                UART_Driver_ISR
 .text.UpdateCRC16_XMODEM
                0x08001748       0x6a ./0_DEV/M2_System/CLI_Terminal/CLI_Command/cli_command.o
 *fill*         0x080017b2        0x2 
 .text.dump_buffer
                0x080017b4      0x138 ./0_DEV/M2_System/CLI_Terminal/CLI_Command/cli_command.o
                0x080017b4                dump_buffer
 .text.CMD_ClearCLI
                0x080018ec       0x34 ./0_DEV/M2_System/CLI_Terminal/CLI_Command/cli_command.o
 .text.CMD_RtcSet
                0x08001920      0x228 ./0_DEV/M2_System/CLI_Terminal/CLI_Command/cli_command.o
 .text.CMD_RtcGet
                0x08001b48      0x220 ./0_DEV/M2_System/CLI_Terminal/CLI_Command/cli_command.o
 .text.CMD_CollectData
                0x08001d68      0x120 ./0_DEV/M2_System/CLI_Terminal/CLI_Command/cli_command.o
 .text.CMD_QspiRead
                0x08001e88      0x128 ./0_DEV/M2_System/CLI_Terminal/CLI_Command/cli_command.o
 .text.CMD_DumpQspi
                0x08001fb0       0xc4 ./0_DEV/M2_System/CLI_Terminal/CLI_Command/cli_command.o
 .text.CMD_DumpChunk
                0x08002074      0x1b0 ./0_DEV/M2_System/CLI_Terminal/CLI_Command/cli_command.o
 .text.CMD_DumpPreSpi
                0x08002224       0xc4 ./0_DEV/M2_System/CLI_Terminal/CLI_Command/cli_command.o
 .text.getCliStaticBindings
                0x080022e8       0x14 ./0_DEV/M2_System/CLI_Terminal/CLI_Command/cli_command.o
                0x080022e8                getCliStaticBindings
 .text.getCliStaticBindingCount
                0x080022fc       0x10 ./0_DEV/M2_System/CLI_Terminal/CLI_Command/cli_command.o
                0x080022fc                getCliStaticBindingCount
 .text.writeCharToCli
                0x0800230c       0x28 ./0_DEV/M2_System/CLI_Terminal/CLI_Setup/cli_setup.o
 .text.SystemCLI_Init
                0x08002334       0x98 ./0_DEV/M2_System/CLI_Terminal/CLI_Setup/cli_setup.o
                0x08002334                SystemCLI_Init
 .text.getCliPointer
                0x080023cc       0x18 ./0_DEV/M2_System/CLI_Terminal/CLI_Setup/cli_setup.o
                0x080023cc                getCliPointer
 .text.embeddedCliDefaultConfig
                0x080023e4       0x54 ./0_DEV/M2_System/CLI_Terminal/CLI_Src/embedded_cli.o
                0x080023e4                embeddedCliDefaultConfig
 .text.embeddedCliRequiredSize
                0x08002438       0x62 ./0_DEV/M2_System/CLI_Terminal/CLI_Src/embedded_cli.o
                0x08002438                embeddedCliRequiredSize
 .text.embeddedCliNew
                0x0800249a      0x11e ./0_DEV/M2_System/CLI_Terminal/CLI_Src/embedded_cli.o
                0x0800249a                embeddedCliNew
 .text.embeddedCliReceiveChar
                0x080025b8       0x46 ./0_DEV/M2_System/CLI_Terminal/CLI_Src/embedded_cli.o
                0x080025b8                embeddedCliReceiveChar
 .text.embeddedCliProcess
                0x080025fe      0x120 ./0_DEV/M2_System/CLI_Terminal/CLI_Src/embedded_cli.o
                0x080025fe                embeddedCliProcess
 *fill*         0x0800271e        0x2 
 .text.embeddedCliPrint
                0x08002720       0x9c ./0_DEV/M2_System/CLI_Terminal/CLI_Src/embedded_cli.o
                0x08002720                embeddedCliPrint
 .text.embeddedCliTokenizeArgs
                0x080027bc       0xe8 ./0_DEV/M2_System/CLI_Terminal/CLI_Src/embedded_cli.o
                0x080027bc                embeddedCliTokenizeArgs
 .text.embeddedCliGetToken
                0x080028a4       0x36 ./0_DEV/M2_System/CLI_Terminal/CLI_Src/embedded_cli.o
                0x080028a4                embeddedCliGetToken
 .text.embeddedCliGetTokenVariable
                0x080028da       0x36 ./0_DEV/M2_System/CLI_Terminal/CLI_Src/embedded_cli.o
                0x080028da                embeddedCliGetTokenVariable
 .text.embeddedCliGetTokenCount
                0x08002910       0x5a ./0_DEV/M2_System/CLI_Terminal/CLI_Src/embedded_cli.o
                0x08002910                embeddedCliGetTokenCount
 *fill*         0x0800296a        0x2 
 .text.navigateHistory
                0x0800296c       0xe8 ./0_DEV/M2_System/CLI_Terminal/CLI_Src/embedded_cli.o
 .text.onEscapedInput
                0x08002a54       0xbc ./0_DEV/M2_System/CLI_Terminal/CLI_Src/embedded_cli.o
 .text.onCharInput
                0x08002b10       0xa4 ./0_DEV/M2_System/CLI_Terminal/CLI_Src/embedded_cli.o
 .text.onControlInput
                0x08002bb4      0x128 ./0_DEV/M2_System/CLI_Terminal/CLI_Src/embedded_cli.o
 .text.parseCommand
                0x08002cdc      0x254 ./0_DEV/M2_System/CLI_Terminal/CLI_Src/embedded_cli.o
 .text.printBindingHelp
                0x08002f30       0x40 ./0_DEV/M2_System/CLI_Terminal/CLI_Src/embedded_cli.o
 .text.getAutocompletedCommand
                0x08002f70      0x17a ./0_DEV/M2_System/CLI_Terminal/CLI_Src/embedded_cli.o
 *fill*         0x080030ea        0x2 
 .text.printLiveAutocompletion
                0x080030ec       0xc4 ./0_DEV/M2_System/CLI_Terminal/CLI_Src/embedded_cli.o
 .text.onAutocompleteRequest
                0x080031b0      0x124 ./0_DEV/M2_System/CLI_Terminal/CLI_Src/embedded_cli.o
 .text.clearCurrentLine
                0x080032d4       0x6a ./0_DEV/M2_System/CLI_Terminal/CLI_Src/embedded_cli.o
 .text.writeToOutput
                0x0800333e       0x42 ./0_DEV/M2_System/CLI_Terminal/CLI_Src/embedded_cli.o
 .text.moveCursor
                0x08003380       0x6c ./0_DEV/M2_System/CLI_Terminal/CLI_Src/embedded_cli.o
 .text.isControlChar
                0x080033ec       0x40 ./0_DEV/M2_System/CLI_Terminal/CLI_Src/embedded_cli.o
 .text.isDisplayableChar
                0x0800342c       0x2e ./0_DEV/M2_System/CLI_Terminal/CLI_Src/embedded_cli.o
 .text.fifoBufAvailable
                0x0800345a       0x42 ./0_DEV/M2_System/CLI_Terminal/CLI_Src/embedded_cli.o
 .text.fifoBufPop
                0x0800349c       0x50 ./0_DEV/M2_System/CLI_Terminal/CLI_Src/embedded_cli.o
 .text.fifoBufPush
                0x080034ec       0x54 ./0_DEV/M2_System/CLI_Terminal/CLI_Src/embedded_cli.o
 .text.historyPut
                0x08003540       0xc8 ./0_DEV/M2_System/CLI_Terminal/CLI_Src/embedded_cli.o
 .text.historyGet
                0x08003608       0x38 ./0_DEV/M2_System/CLI_Terminal/CLI_Src/embedded_cli.o
 .text.historyRemove
                0x08003640       0xba ./0_DEV/M2_System/CLI_Terminal/CLI_Src/embedded_cli.o
 .text.getTokenPosition
                0x080036fa       0x7c ./0_DEV/M2_System/CLI_Terminal/CLI_Src/embedded_cli.o
 .text.findCategoryIndex
                0x08003776       0x48 ./0_DEV/M2_System/CLI_Terminal/CLI_Src/embedded_cli.o
 *fill*         0x080037be        0x2 
 .text.printAlignedColumn
                0x080037c0       0x4c ./0_DEV/M2_System/CLI_Terminal/CLI_Src/embedded_cli.o
 .text.CMD_Help
                0x0800380c      0x3cc ./0_DEV/M2_System/CLI_Terminal/CLI_Src/embedded_cli.o
                0x0800380c                CMD_Help
 .text.onUnknownCommand
                0x08003bd8       0x44 ./0_DEV/M2_System/CLI_Terminal/CLI_Src/embedded_cli.o
 .text.MIN_Timeout_Handler
                0x08003c1c       0x44 ./0_DEV/M2_System/MIN_Process/min_process.o
                0x08003c1c                MIN_Timeout_Handler
 .text.MIN_Process_Init
                0x08003c60       0x58 ./0_DEV/M2_System/MIN_Process/min_process.o
                0x08003c60                MIN_Process_Init
 .text.MIN_Processing
                0x08003cb8       0x54 ./0_DEV/M2_System/MIN_Process/min_process.o
                0x08003cb8                MIN_Processing
 .text.LL_SPI_Enable
                0x08003d0c       0x20 ./0_DEV/M3_Device/SPI_SlaveOfOBC/spi_slave.o
 .text.LL_SPI_Disable
                0x08003d2c       0x20 ./0_DEV/M3_Device/SPI_SlaveOfOBC/spi_slave.o
 .text.LL_SPI_EnableDMAReq_TX
                0x08003d4c       0x20 ./0_DEV/M3_Device/SPI_SlaveOfOBC/spi_slave.o
 .text.LL_SPI_DisableDMAReq_TX
                0x08003d6c       0x20 ./0_DEV/M3_Device/SPI_SlaveOfOBC/spi_slave.o
 .text.LL_SPI_DMA_GetRegAddr
                0x08003d8c       0x18 ./0_DEV/M3_Device/SPI_SlaveOfOBC/spi_slave.o
 .text.LL_DMA_EnableStream
                0x08003da4       0x40 ./0_DEV/M3_Device/SPI_SlaveOfOBC/spi_slave.o
 .text.LL_DMA_DisableStream
                0x08003de4       0x40 ./0_DEV/M3_Device/SPI_SlaveOfOBC/spi_slave.o
 .text.LL_DMA_SetMemorySize
                0x08003e24       0x48 ./0_DEV/M3_Device/SPI_SlaveOfOBC/spi_slave.o
 .text.LL_DMA_SetDataLength
                0x08003e6c       0x4c ./0_DEV/M3_Device/SPI_SlaveOfOBC/spi_slave.o
 .text.LL_DMA_ConfigAddresses
                0x08003eb8       0x78 ./0_DEV/M3_Device/SPI_SlaveOfOBC/spi_slave.o
 .text.LL_DMA_SetPeriphAddress
                0x08003f30       0x30 ./0_DEV/M3_Device/SPI_SlaveOfOBC/spi_slave.o
 .text.LL_DMA_ClearFlag_TC4
                0x08003f60       0x1a ./0_DEV/M3_Device/SPI_SlaveOfOBC/spi_slave.o
 .text.LL_DMA_ClearFlag_TE4
                0x08003f7a       0x1a ./0_DEV/M3_Device/SPI_SlaveOfOBC/spi_slave.o
 .text.LL_DMA_EnableIT_TE
                0x08003f94       0x40 ./0_DEV/M3_Device/SPI_SlaveOfOBC/spi_slave.o
 .text.LL_DMA_EnableIT_TC
                0x08003fd4       0x40 ./0_DEV/M3_Device/SPI_SlaveOfOBC/spi_slave.o
 .text.UpdateCRC16_XMODEM
                0x08004014       0x6a ./0_DEV/M3_Device/SPI_SlaveOfOBC/spi_slave.o
 *fill*         0x0800407e        0x2 
 .text.SPI_SlaveDevice_Init
                0x08004080       0x64 ./0_DEV/M3_Device/SPI_SlaveOfOBC/spi_slave.o
                0x08004080                SPI_SlaveDevice_Init
 .text.SPI_SlaveDevice_CollectData
                0x080040e4      0x138 ./0_DEV/M3_Device/SPI_SlaveOfOBC/spi_slave.o
                0x080040e4                SPI_SlaveDevice_CollectData
 .text.SPI_SlaveDevice_GetDataInfo
                0x0800421c       0x48 ./0_DEV/M3_Device/SPI_SlaveOfOBC/spi_slave.o
                0x0800421c                SPI_SlaveDevice_GetDataInfo
 .text.SPI_SlaveDevice_ResetDMA
                0x08004264       0x94 ./0_DEV/M3_Device/SPI_SlaveOfOBC/spi_slave.o
                0x08004264                SPI_SlaveDevice_ResetDMA
 .text.SPI_SlaveDevice_Disable
                0x080042f8       0x54 ./0_DEV/M3_Device/SPI_SlaveOfOBC/spi_slave.o
                0x080042f8                SPI_SlaveDevice_Disable
 .text.SPI_SlaveDevice_SetTransferState
                0x0800434c       0x20 ./0_DEV/M3_Device/SPI_SlaveOfOBC/spi_slave.o
                0x0800434c                SPI_SlaveDevice_SetTransferState
 .text.isLeapYear
                0x0800436c       0x60 ./0_DEV/M4_Util/DateTime/date_time.o
 .text.getMaxDays
                0x080043cc       0x3c ./0_DEV/M4_Util/DateTime/date_time.o
 .text.DateTimeToEpoch
                0x08004408       0xb8 ./0_DEV/M4_Util/DateTime/date_time.o
 .text.Utils_SoftTime_Update
                0x080044c0      0x138 ./0_DEV/M4_Util/DateTime/date_time.o
                0x080044c0                Utils_SoftTime_Update
 .text.Utils_SoftTime_Init
                0x080045f8       0x54 ./0_DEV/M4_Util/DateTime/date_time.o
                0x080045f8                Utils_SoftTime_Init
 .text.Utils_GetRTC
                0x0800464c       0x2c ./0_DEV/M4_Util/DateTime/date_time.o
                0x0800464c                Utils_GetRTC
 .text.Utils_SetRTC
                0x08004678       0x2c ./0_DEV/M4_Util/DateTime/date_time.o
                0x08004678                Utils_SetRTC
 .text.Utils_GetEpoch
                0x080046a4       0x1c ./0_DEV/M4_Util/DateTime/date_time.o
                0x080046a4                Utils_GetEpoch
 .text.Utils_GetWorkingTime
                0x080046c0       0x58 ./0_DEV/M4_Util/DateTime/date_time.o
                0x080046c0                Utils_GetWorkingTime
 .text.RingBuffer_Create
                0x08004718       0x66 ./0_DEV/M4_Util/RingBuffer/ring_buffer.o
                0x08004718                RingBuffer_Create
 .text.RingBuffer_Put
                0x0800477e       0x8c ./0_DEV/M4_Util/RingBuffer/ring_buffer.o
                0x0800477e                RingBuffer_Put
 .text.RingBuffer_Get
                0x0800480a       0x82 ./0_DEV/M4_Util/RingBuffer/ring_buffer.o
                0x0800480a                RingBuffer_Get
 .text.RingBuffer_NumFreeSlots
                0x0800488c       0x78 ./0_DEV/M4_Util/RingBuffer/ring_buffer.o
                0x0800488c                RingBuffer_NumFreeSlots
 .text.RingBuffer_IsDataAvailable
                0x08004904       0x4a ./0_DEV/M4_Util/RingBuffer/ring_buffer.o
                0x08004904                RingBuffer_IsDataAvailable
 .text.crc32_init_context
                0x0800494e       0x1c ./0_DEV/M5_ThirdParty/MIN_R01/min/min.o
 *fill*         0x0800496a        0x2 
 .text.crc32_step
                0x0800496c       0x5c ./0_DEV/M5_ThirdParty/MIN_R01/min/min.o
 .text.crc32_finalize
                0x080049c8       0x1a ./0_DEV/M5_ThirdParty/MIN_R01/min/min.o
 .text.stuffed_tx_byte
                0x080049e2       0x7e ./0_DEV/M5_ThirdParty/MIN_R01/min/min.o
 .text.on_wire_bytes
                0x08004a60      0x136 ./0_DEV/M5_ThirdParty/MIN_R01/min/min.o
 *fill*         0x08004b96        0x2 
 .text.transport_fifo_pop
                0x08004b98       0x84 ./0_DEV/M5_ThirdParty/MIN_R01/min/min.o
 .text.transport_fifo_push
                0x08004c1c      0x118 ./0_DEV/M5_ThirdParty/MIN_R01/min/min.o
 .text.transport_fifo_get
                0x08004d34       0x38 ./0_DEV/M5_ThirdParty/MIN_R01/min/min.o
 .text.transport_fifo_send
                0x08004d6c       0x68 ./0_DEV/M5_ThirdParty/MIN_R01/min/min.o
 .text.send_ack
                0x08004dd4       0x60 ./0_DEV/M5_ThirdParty/MIN_R01/min/min.o
 .text.send_reset
                0x08004e34       0x44 ./0_DEV/M5_ThirdParty/MIN_R01/min/min.o
 .text.transport_fifo_reset
                0x08004e78       0x74 ./0_DEV/M5_ThirdParty/MIN_R01/min/min.o
 .text.min_transport_reset
                0x08004eec       0x48 ./0_DEV/M5_ThirdParty/MIN_R01/min/min.o
                0x08004eec                min_transport_reset
 .text.min_queue_frame
                0x08004f34       0xa0 ./0_DEV/M5_ThirdParty/MIN_R01/min/min.o
                0x08004f34                min_queue_frame
 .text.min_queue_has_space_for_frame
                0x08004fd4       0x40 ./0_DEV/M5_ThirdParty/MIN_R01/min/min.o
                0x08004fd4                min_queue_has_space_for_frame
 .text.find_retransmit_frame
                0x08005014       0xac ./0_DEV/M5_ThirdParty/MIN_R01/min/min.o
 .text.valid_frame_received
                0x080050c0      0x1d8 ./0_DEV/M5_ThirdParty/MIN_R01/min/min.o
 .text.rx_byte  0x08005298      0x290 ./0_DEV/M5_ThirdParty/MIN_R01/min/min.o
 .text.min_poll
                0x08005528      0x14c ./0_DEV/M5_ThirdParty/MIN_R01/min/min.o
                0x08005528                min_poll
 .text.min_init_context
                0x08005674       0x6c ./0_DEV/M5_ThirdParty/MIN_R01/min/min.o
                0x08005674                min_init_context
 .text.min_debug_print
                0x080056e0       0x2a ./0_DEV/M5_ThirdParty/MIN_R01/min_app/min_app.o
                0x080056e0                min_debug_print
 *fill*         0x0800570a        0x2 
 .text.min_tx_space
                0x0800570c       0x20 ./0_DEV/M5_ThirdParty/MIN_R01/min_app/min_app.o
                0x0800570c                min_tx_space
 .text.min_tx_byte
                0x0800572c       0x2c ./0_DEV/M5_ThirdParty/MIN_R01/min_app/min_app.o
                0x0800572c                min_tx_byte
 .text.min_tx_start
                0x08005758       0x16 ./0_DEV/M5_ThirdParty/MIN_R01/min_app/min_app.o
                0x08005758                min_tx_start
 .text.min_tx_finished
                0x0800576e       0x16 ./0_DEV/M5_ThirdParty/MIN_R01/min_app/min_app.o
                0x0800576e                min_tx_finished
 .text.min_time_ms
                0x08005784        0xe ./0_DEV/M5_ThirdParty/MIN_R01/min_app/min_app.o
                0x08005784                min_time_ms
 *fill*         0x08005792        0x2 
 .text.MIN_Context_Init
                0x08005794       0x5c ./0_DEV/M5_ThirdParty/MIN_R01/min_app/min_app.o
                0x08005794                MIN_Context_Init
 .text.MIN_ReInit
                0x080057f0       0x3e ./0_DEV/M5_ThirdParty/MIN_R01/min_app/min_app.o
                0x080057f0                MIN_ReInit
 .text.MIN_RegisterTimeoutCallback
                0x0800582e       0x1e ./0_DEV/M5_ThirdParty/MIN_R01/min_app/min_app.o
                0x0800582e                MIN_RegisterTimeoutCallback
 .text.MIN_App_Poll
                0x0800584c       0xa4 ./0_DEV/M5_ThirdParty/MIN_R01/min_app/min_app.o
                0x0800584c                MIN_App_Poll
 .text.MIN_Send
                0x080058f0       0x3a ./0_DEV/M5_ThirdParty/MIN_R01/min_app/min_app.o
                0x080058f0                MIN_Send
 *fill*         0x0800592a        0x2 
 .text.min_application_handler
                0x0800592c       0x8c ./0_DEV/M5_ThirdParty/MIN_R01/min_app/min_app.o
                0x0800592c                min_application_handler
 .text.UpdateCRC16_XMODEM
                0x080059b8       0x6a ./0_DEV/M5_ThirdParty/MIN_R01/min_app/min_command.o
 *fill*         0x08005a22        0x2 
 .text.MIN_Handler_SAMPLERATE_SET
                0x08005a24       0x70 ./0_DEV/M5_ThirdParty/MIN_R01/min_app/min_command.o
 .text.MIN_Handler_SAMPLERATE_GET
                0x08005a94       0x60 ./0_DEV/M5_ThirdParty/MIN_R01/min_app/min_command.o
 .text.MIN_Handler_COLLECT_DATA
                0x08005af4       0xcc ./0_DEV/M5_ThirdParty/MIN_R01/min_app/min_command.o
 .text.MIN_Handler_PRE_DATA
                0x08005bc0      0x1f4 ./0_DEV/M5_ThirdParty/MIN_R01/min_app/min_command.o
 .text.MIN_Handler_PRE_CHUNK
                0x08005db4      0x12c ./0_DEV/M5_ThirdParty/MIN_R01/min_app/min_command.o
 .text.MIN_Handler_COLLECT_PACKAGE
                0x08005ee0       0xac ./0_DEV/M5_ThirdParty/MIN_R01/min_app/min_command.o
 .text.MIN_Handler_READ_TEMP_CMD
                0x08005f8c       0x28 ./0_DEV/M5_ThirdParty/MIN_R01/min_app/min_command.o
 .text.MIN_Handler_CONTROL_TEMP_CMD
                0x08005fb4       0x68 ./0_DEV/M5_ThirdParty/MIN_R01/min_app/min_command.o
 .text.MIN_Handler_HEARTBEAT_CMD
                0x0800601c       0x28 ./0_DEV/M5_ThirdParty/MIN_R01/min_app/min_command.o
 .text.MIN_Handler_GET_STATUS_CMD
                0x08006044       0x28 ./0_DEV/M5_ThirdParty/MIN_R01/min_app/min_command.o
 .text.MIN_Handler_RESET_CMD
                0x0800606c       0x1c ./0_DEV/M5_ThirdParty/MIN_R01/min_app/min_command.o
 .text.MIN_Handler_PING_CMD
                0x08006088       0x22 ./0_DEV/M5_ThirdParty/MIN_R01/min_app/min_command.o
 *fill*         0x080060aa        0x2 
 .text.MIN_Handler_DUMMY_CMD_1
                0x080060ac       0x28 ./0_DEV/M5_ThirdParty/MIN_R01/min_app/min_command.o
 .text.MIN_Handler_DUMMY_CMD_2
                0x080060d4       0x28 ./0_DEV/M5_ThirdParty/MIN_R01/min_app/min_command.o
 .text.MIN_Handler_CUSTOM_CMD_1
                0x080060fc       0x28 ./0_DEV/M5_ThirdParty/MIN_R01/min_app/min_command.o
 .text.MIN_Handler_CUSTOM_CMD_2
                0x08006124       0x28 ./0_DEV/M5_ThirdParty/MIN_R01/min_app/min_command.o
 .text.MIN_GetCommandTable
                0x0800614c       0x14 ./0_DEV/M5_ThirdParty/MIN_R01/min_app/min_command.o
                0x0800614c                MIN_GetCommandTable
 .text.MIN_GetCommandTableSize
                0x08006160       0x10 ./0_DEV/M5_ThirdParty/MIN_R01/min_app/min_command.o
                0x08006160                MIN_GetCommandTableSize
 .text.__NVIC_GetPriorityGrouping
                0x08006170       0x1c ./Core/Src/main.o
 .text.__NVIC_EnableIRQ
                0x0800618c       0x3c ./Core/Src/main.o
 .text.__NVIC_SetPriority
                0x080061c8       0x54 ./Core/Src/main.o
 .text.NVIC_EncodePriority
                0x0800621c       0x66 ./Core/Src/main.o
 *fill*         0x08006282        0x2 
 .text.LL_DMA_SetDataTransferDirection
                0x08006284       0x48 ./Core/Src/main.o
 .text.LL_DMA_SetMode
                0x080062cc       0x48 ./Core/Src/main.o
 .text.LL_DMA_SetPeriphIncMode
                0x08006314       0x48 ./Core/Src/main.o
 .text.LL_DMA_SetMemoryIncMode
                0x0800635c       0x48 ./Core/Src/main.o
 .text.LL_DMA_SetPeriphSize
                0x080063a4       0x48 ./Core/Src/main.o
 .text.LL_DMA_SetMemorySize
                0x080063ec       0x48 ./Core/Src/main.o
 .text.LL_DMA_SetStreamPriorityLevel
                0x08006434       0x48 ./Core/Src/main.o
 .text.LL_DMA_SetChannelSelection
                0x0800647c       0x48 ./Core/Src/main.o
 .text.LL_DMA_DisableFifoMode
                0x080064c4       0x40 ./Core/Src/main.o
 .text.LL_SPI_SetStandard
                0x08006504       0x26 ./Core/Src/main.o
 .text.LL_SPI_DisableNSSPulseMgt
                0x0800652a       0x20 ./Core/Src/main.o
 .text.LL_USART_Enable
                0x0800654a       0x20 ./Core/Src/main.o
 .text.LL_USART_ConfigAsyncMode
                0x0800656a       0x2c ./Core/Src/main.o
 .text.LL_GPIO_SetOutputPin
                0x08006596       0x1c ./Core/Src/main.o
 .text.LL_GPIO_ResetOutputPin
                0x080065b2       0x1e ./Core/Src/main.o
 .text.LL_AHB1_GRP1_EnableClock
                0x080065d0       0x30 ./Core/Src/main.o
 .text.LL_APB2_GRP1_EnableClock
                0x08006600       0x30 ./Core/Src/main.o
 .text.main     0x08006630       0x34 ./Core/Src/main.o
                0x08006630                main
 .text.SystemClock_Config
                0x08006664       0xd0 ./Core/Src/main.o
                0x08006664                SystemClock_Config
 .text.MX_QUADSPI_Init
                0x08006734       0x58 ./Core/Src/main.o
 .text.MX_SPI5_Init
                0x0800678c      0x190 ./Core/Src/main.o
 .text.MX_USART1_UART_Init
                0x0800691c       0x60 ./Core/Src/main.o
 .text.MX_USART6_UART_Init
                0x0800697c      0x134 ./Core/Src/main.o
 .text.MX_DMA_Init
                0x08006ab0       0x30 ./Core/Src/main.o
 .text.MX_GPIO_Init
                0x08006ae0      0x128 ./Core/Src/main.o
 .text.__io_putchar
                0x08006c08       0x24 ./Core/Src/main.o
                0x08006c08                __io_putchar
 .text.Error_Handler
                0x08006c2c       0x28 ./Core/Src/main.o
                0x08006c2c                Error_Handler
 .text.HAL_MspInit
                0x08006c54       0x48 ./Core/Src/stm32f7xx_hal_msp.o
                0x08006c54                HAL_MspInit
 .text.HAL_QSPI_MspInit
                0x08006c9c      0x120 ./Core/Src/stm32f7xx_hal_msp.o
                0x08006c9c                HAL_QSPI_MspInit
 .text.HAL_UART_MspInit
                0x08006dbc      0x114 ./Core/Src/stm32f7xx_hal_msp.o
                0x08006dbc                HAL_UART_MspInit
 .text.LL_DMA_IsActiveFlag_TC4
                0x08006ed0       0x26 ./Core/Src/stm32f7xx_it.o
 .text.LL_DMA_IsActiveFlag_TE4
                0x08006ef6       0x26 ./Core/Src/stm32f7xx_it.o
 .text.LL_DMA_ClearFlag_TC4
                0x08006f1c       0x1a ./Core/Src/stm32f7xx_it.o
 .text.LL_DMA_ClearFlag_TE4
                0x08006f36       0x1a ./Core/Src/stm32f7xx_it.o
 .text.NMI_Handler
                0x08006f50        0x8 ./Core/Src/stm32f7xx_it.o
                0x08006f50                NMI_Handler
 .text.HardFault_Handler
                0x08006f58        0x8 ./Core/Src/stm32f7xx_it.o
                0x08006f58                HardFault_Handler
 .text.MemManage_Handler
                0x08006f60        0x8 ./Core/Src/stm32f7xx_it.o
                0x08006f60                MemManage_Handler
 .text.BusFault_Handler
                0x08006f68        0x8 ./Core/Src/stm32f7xx_it.o
                0x08006f68                BusFault_Handler
 .text.UsageFault_Handler
                0x08006f70        0x8 ./Core/Src/stm32f7xx_it.o
                0x08006f70                UsageFault_Handler
 .text.SVC_Handler
                0x08006f78        0xe ./Core/Src/stm32f7xx_it.o
                0x08006f78                SVC_Handler
 .text.DebugMon_Handler
                0x08006f86        0xe ./Core/Src/stm32f7xx_it.o
                0x08006f86                DebugMon_Handler
 .text.PendSV_Handler
                0x08006f94        0xe ./Core/Src/stm32f7xx_it.o
                0x08006f94                PendSV_Handler
 .text.SysTick_Handler
                0x08006fa2       0x14 ./Core/Src/stm32f7xx_it.o
                0x08006fa2                SysTick_Handler
 *fill*         0x08006fb6        0x2 
 .text.USART1_IRQHandler
                0x08006fb8       0x14 ./Core/Src/stm32f7xx_it.o
                0x08006fb8                USART1_IRQHandler
 .text.DMA2_Stream4_IRQHandler
                0x08006fcc       0xa8 ./Core/Src/stm32f7xx_it.o
                0x08006fcc                DMA2_Stream4_IRQHandler
 .text.USART6_IRQHandler
                0x08007074       0x14 ./Core/Src/stm32f7xx_it.o
                0x08007074                USART6_IRQHandler
 .text.SPI5_IRQHandler
                0x08007088        0xe ./Core/Src/stm32f7xx_it.o
                0x08007088                SPI5_IRQHandler
 .text._read    0x08007096       0x3a ./Core/Src/syscalls.o
                0x08007096                _read
 .text._write   0x080070d0       0x38 ./Core/Src/syscalls.o
                0x080070d0                _write
 .text._close   0x08007108       0x18 ./Core/Src/syscalls.o
                0x08007108                _close
 .text._fstat   0x08007120       0x20 ./Core/Src/syscalls.o
                0x08007120                _fstat
 .text._isatty  0x08007140       0x16 ./Core/Src/syscalls.o
                0x08007140                _isatty
 .text._lseek   0x08007156       0x1a ./Core/Src/syscalls.o
                0x08007156                _lseek
 .text._sbrk    0x08007170       0x6c ./Core/Src/sysmem.o
                0x08007170                _sbrk
 .text.SystemInit
                0x080071dc       0x24 ./Core/Src/system_stm32f7xx.o
                0x080071dc                SystemInit
 .text.Reset_Handler
                0x08007200       0x50 ./Core/Startup/startup_stm32f746nghx.o
                0x08007200                Reset_Handler
 .text.Default_Handler
                0x08007250        0x2 ./Core/Startup/startup_stm32f746nghx.o
                0x08007250                RTC_Alarm_IRQHandler
                0x08007250                EXTI2_IRQHandler
                0x08007250                TIM8_CC_IRQHandler
                0x08007250                UART8_IRQHandler
                0x08007250                SPI4_IRQHandler
                0x08007250                TIM1_CC_IRQHandler
                0x08007250                DMA2_Stream5_IRQHandler
                0x08007250                DMA1_Stream5_IRQHandler
                0x08007250                PVD_IRQHandler
                0x08007250                TAMP_STAMP_IRQHandler
                0x08007250                CAN2_RX1_IRQHandler
                0x08007250                EXTI3_IRQHandler
                0x08007250                TIM8_TRG_COM_TIM14_IRQHandler
                0x08007250                TIM1_UP_TIM10_IRQHandler
                0x08007250                TIM8_UP_TIM13_IRQHandler
                0x08007250                I2C3_ER_IRQHandler
                0x08007250                EXTI0_IRQHandler
                0x08007250                I2C2_EV_IRQHandler
                0x08007250                DMA1_Stream2_IRQHandler
                0x08007250                CAN1_RX0_IRQHandler
                0x08007250                FPU_IRQHandler
                0x08007250                OTG_HS_WKUP_IRQHandler
                0x08007250                LTDC_ER_IRQHandler
                0x08007250                CAN2_SCE_IRQHandler
                0x08007250                DMA2_Stream2_IRQHandler
                0x08007250                SPI1_IRQHandler
                0x08007250                TIM6_DAC_IRQHandler
                0x08007250                TIM1_BRK_TIM9_IRQHandler
                0x08007250                DCMI_IRQHandler
                0x08007250                CAN2_RX0_IRQHandler
                0x08007250                DMA2_Stream3_IRQHandler
                0x08007250                SAI2_IRQHandler
                0x08007250                USART3_IRQHandler
                0x08007250                CAN1_RX1_IRQHandler
                0x08007250                UART5_IRQHandler
                0x08007250                DMA2_Stream0_IRQHandler
                0x08007250                TIM4_IRQHandler
                0x08007250                QUADSPI_IRQHandler
                0x08007250                I2C1_EV_IRQHandler
                0x08007250                DMA1_Stream6_IRQHandler
                0x08007250                DMA1_Stream1_IRQHandler
                0x08007250                UART4_IRQHandler
                0x08007250                TIM3_IRQHandler
                0x08007250                RCC_IRQHandler
                0x08007250                TIM8_BRK_TIM12_IRQHandler
                0x08007250                Default_Handler
                0x08007250                CEC_IRQHandler
                0x08007250                EXTI15_10_IRQHandler
                0x08007250                ADC_IRQHandler
                0x08007250                DMA1_Stream7_IRQHandler
                0x08007250                TIM7_IRQHandler
                0x08007250                SDMMC1_IRQHandler
                0x08007250                CAN2_TX_IRQHandler
                0x08007250                TIM5_IRQHandler
                0x08007250                DMA2_Stream7_IRQHandler
                0x08007250                I2C3_EV_IRQHandler
                0x08007250                EXTI9_5_IRQHandler
                0x08007250                RTC_WKUP_IRQHandler
                0x08007250                LTDC_IRQHandler
                0x08007250                ETH_WKUP_IRQHandler
                0x08007250                SPDIF_RX_IRQHandler
                0x08007250                SPI2_IRQHandler
                0x08007250                OTG_HS_EP1_IN_IRQHandler
                0x08007250                DMA1_Stream0_IRQHandler
                0x08007250                CAN1_TX_IRQHandler
                0x08007250                EXTI4_IRQHandler
                0x08007250                RNG_IRQHandler
                0x08007250                ETH_IRQHandler
                0x08007250                OTG_HS_EP1_OUT_IRQHandler
                0x08007250                WWDG_IRQHandler
                0x08007250                SPI6_IRQHandler
                0x08007250                I2C4_EV_IRQHandler
                0x08007250                TIM2_IRQHandler
                0x08007250                OTG_FS_WKUP_IRQHandler
                0x08007250                TIM1_TRG_COM_TIM11_IRQHandler
                0x08007250                OTG_HS_IRQHandler
                0x08007250                DMA2D_IRQHandler
                0x08007250                EXTI1_IRQHandler
                0x08007250                UART7_IRQHandler
                0x08007250                USART2_IRQHandler
                0x08007250                I2C2_ER_IRQHandler
                0x08007250                DMA2_Stream1_IRQHandler
                0x08007250                CAN1_SCE_IRQHandler
                0x08007250                FLASH_IRQHandler
                0x08007250                OTG_FS_IRQHandler
                0x08007250                SPI3_IRQHandler
                0x08007250                DMA1_Stream4_IRQHandler
                0x08007250                I2C1_ER_IRQHandler
                0x08007250                FMC_IRQHandler
                0x08007250                LPTIM1_IRQHandler
                0x08007250                I2C4_ER_IRQHandler
                0x08007250                DMA2_Stream6_IRQHandler
                0x08007250                SAI1_IRQHandler
                0x08007250                DMA1_Stream3_IRQHandler
 .text.HAL_Init
                0x08007252       0x1a ./Drivers/STM32F7xx_HAL_Driver/Src/stm32f7xx_hal.o
                0x08007252                HAL_Init
 .text.HAL_InitTick
                0x0800726c       0x60 ./Drivers/STM32F7xx_HAL_Driver/Src/stm32f7xx_hal.o
                0x0800726c                HAL_InitTick
 .text.HAL_IncTick
                0x080072cc       0x28 ./Drivers/STM32F7xx_HAL_Driver/Src/stm32f7xx_hal.o
                0x080072cc                HAL_IncTick
 .text.HAL_GetTick
                0x080072f4       0x18 ./Drivers/STM32F7xx_HAL_Driver/Src/stm32f7xx_hal.o
                0x080072f4                HAL_GetTick
 .text.HAL_Delay
                0x0800730c       0x48 ./Drivers/STM32F7xx_HAL_Driver/Src/stm32f7xx_hal.o
                0x0800730c                HAL_Delay
 .text.__NVIC_SetPriorityGrouping
                0x08007354       0x48 ./Drivers/STM32F7xx_HAL_Driver/Src/stm32f7xx_hal_cortex.o
 .text.__NVIC_GetPriorityGrouping
                0x0800739c       0x1c ./Drivers/STM32F7xx_HAL_Driver/Src/stm32f7xx_hal_cortex.o
 .text.__NVIC_EnableIRQ
                0x080073b8       0x3c ./Drivers/STM32F7xx_HAL_Driver/Src/stm32f7xx_hal_cortex.o
 .text.__NVIC_SetPriority
                0x080073f4       0x54 ./Drivers/STM32F7xx_HAL_Driver/Src/stm32f7xx_hal_cortex.o
 .text.NVIC_EncodePriority
                0x08007448       0x66 ./Drivers/STM32F7xx_HAL_Driver/Src/stm32f7xx_hal_cortex.o
 *fill*         0x080074ae        0x2 
 .text.SysTick_Config
                0x080074b0       0x44 ./Drivers/STM32F7xx_HAL_Driver/Src/stm32f7xx_hal_cortex.o
 .text.HAL_NVIC_SetPriorityGrouping
                0x080074f4       0x16 ./Drivers/STM32F7xx_HAL_Driver/Src/stm32f7xx_hal_cortex.o
                0x080074f4                HAL_NVIC_SetPriorityGrouping
 .text.HAL_NVIC_SetPriority
                0x0800750a       0x38 ./Drivers/STM32F7xx_HAL_Driver/Src/stm32f7xx_hal_cortex.o
                0x0800750a                HAL_NVIC_SetPriority
 .text.HAL_NVIC_EnableIRQ
                0x08007542       0x1c ./Drivers/STM32F7xx_HAL_Driver/Src/stm32f7xx_hal_cortex.o
                0x08007542                HAL_NVIC_EnableIRQ
 .text.HAL_SYSTICK_Config
                0x0800755e       0x18 ./Drivers/STM32F7xx_HAL_Driver/Src/stm32f7xx_hal_cortex.o
                0x0800755e                HAL_SYSTICK_Config
 .text.HAL_DMA_Abort
                0x08007576       0xe0 ./Drivers/STM32F7xx_HAL_Driver/Src/stm32f7xx_hal_dma.o
                0x08007576                HAL_DMA_Abort
 .text.HAL_DMA_Abort_IT
                0x08007656       0x44 ./Drivers/STM32F7xx_HAL_Driver/Src/stm32f7xx_hal_dma.o
                0x08007656                HAL_DMA_Abort_IT
 *fill*         0x0800769a        0x2 
 .text.HAL_GPIO_Init
                0x0800769c      0x358 ./Drivers/STM32F7xx_HAL_Driver/Src/stm32f7xx_hal_gpio.o
                0x0800769c                HAL_GPIO_Init
 .text.HAL_QSPI_Init
                0x080079f4       0xf8 ./Drivers/STM32F7xx_HAL_Driver/Src/stm32f7xx_hal_qspi.o
                0x080079f4                HAL_QSPI_Init
 .text.HAL_QSPI_Command
                0x08007aec       0xbc ./Drivers/STM32F7xx_HAL_Driver/Src/stm32f7xx_hal_qspi.o
                0x08007aec                HAL_QSPI_Command
 .text.HAL_QSPI_Transmit
                0x08007ba8      0x12e ./Drivers/STM32F7xx_HAL_Driver/Src/stm32f7xx_hal_qspi.o
                0x08007ba8                HAL_QSPI_Transmit
 .text.HAL_QSPI_Receive
                0x08007cd6      0x144 ./Drivers/STM32F7xx_HAL_Driver/Src/stm32f7xx_hal_qspi.o
                0x08007cd6                HAL_QSPI_Receive
 .text.HAL_QSPI_AutoPolling
                0x08007e1a       0xee ./Drivers/STM32F7xx_HAL_Driver/Src/stm32f7xx_hal_qspi.o
                0x08007e1a                HAL_QSPI_AutoPolling
 .text.HAL_QSPI_Abort
                0x08007f08       0xf2 ./Drivers/STM32F7xx_HAL_Driver/Src/stm32f7xx_hal_qspi.o
                0x08007f08                HAL_QSPI_Abort
 .text.HAL_QSPI_SetTimeout
                0x08007ffa       0x1c ./Drivers/STM32F7xx_HAL_Driver/Src/stm32f7xx_hal_qspi.o
                0x08007ffa                HAL_QSPI_SetTimeout
 .text.QSPI_WaitFlagStateUntilTimeout
                0x08008016       0x6e ./Drivers/STM32F7xx_HAL_Driver/Src/stm32f7xx_hal_qspi.o
 .text.QSPI_Config
                0x08008084      0x30c ./Drivers/STM32F7xx_HAL_Driver/Src/stm32f7xx_hal_qspi.o
 .text.HAL_RCC_OscConfig
                0x08008390      0x548 ./Drivers/STM32F7xx_HAL_Driver/Src/stm32f7xx_hal_rcc.o
                0x08008390                HAL_RCC_OscConfig
 .text.HAL_RCC_ClockConfig
                0x080088d8      0x1d8 ./Drivers/STM32F7xx_HAL_Driver/Src/stm32f7xx_hal_rcc.o
                0x080088d8                HAL_RCC_ClockConfig
 .text.HAL_RCC_GetSysClockFreq
                0x08008ab0      0x18c ./Drivers/STM32F7xx_HAL_Driver/Src/stm32f7xx_hal_rcc.o
                0x08008ab0                HAL_RCC_GetSysClockFreq
 .text.HAL_RCC_GetHCLKFreq
                0x08008c3c       0x18 ./Drivers/STM32F7xx_HAL_Driver/Src/stm32f7xx_hal_rcc.o
                0x08008c3c                HAL_RCC_GetHCLKFreq
 .text.HAL_RCC_GetPCLK1Freq
                0x08008c54       0x28 ./Drivers/STM32F7xx_HAL_Driver/Src/stm32f7xx_hal_rcc.o
                0x08008c54                HAL_RCC_GetPCLK1Freq
 .text.HAL_RCC_GetPCLK2Freq
                0x08008c7c       0x28 ./Drivers/STM32F7xx_HAL_Driver/Src/stm32f7xx_hal_rcc.o
                0x08008c7c                HAL_RCC_GetPCLK2Freq
 .text.HAL_RCCEx_PeriphCLKConfig
                0x08008ca4      0x7e0 ./Drivers/STM32F7xx_HAL_Driver/Src/stm32f7xx_hal_rcc_ex.o
                0x08008ca4                HAL_RCCEx_PeriphCLKConfig
 .text.HAL_UART_Init
                0x08009484       0x9c ./Drivers/STM32F7xx_HAL_Driver/Src/stm32f7xx_hal_uart.o
                0x08009484                HAL_UART_Init
 .text.HAL_UART_Transmit
                0x08009520      0x112 ./Drivers/STM32F7xx_HAL_Driver/Src/stm32f7xx_hal_uart.o
                0x08009520                HAL_UART_Transmit
 .text.HAL_UART_Receive_IT
                0x08009632       0x88 ./Drivers/STM32F7xx_HAL_Driver/Src/stm32f7xx_hal_uart.o
                0x08009632                HAL_UART_Receive_IT
 *fill*         0x080096ba        0x2 
 .text.HAL_UART_IRQHandler
                0x080096bc      0x5a4 ./Drivers/STM32F7xx_HAL_Driver/Src/stm32f7xx_hal_uart.o
                0x080096bc                HAL_UART_IRQHandler
 .text.HAL_UART_TxCpltCallback
                0x08009c60       0x14 ./Drivers/STM32F7xx_HAL_Driver/Src/stm32f7xx_hal_uart.o
                0x08009c60                HAL_UART_TxCpltCallback
 .text.HAL_UART_ErrorCallback
                0x08009c74       0x14 ./Drivers/STM32F7xx_HAL_Driver/Src/stm32f7xx_hal_uart.o
                0x08009c74                HAL_UART_ErrorCallback
 .text.HAL_UARTEx_RxEventCallback
                0x08009c88       0x18 ./Drivers/STM32F7xx_HAL_Driver/Src/stm32f7xx_hal_uart.o
                0x08009c88                HAL_UARTEx_RxEventCallback
 .text.UART_SetConfig
                0x08009ca0      0x4c8 ./Drivers/STM32F7xx_HAL_Driver/Src/stm32f7xx_hal_uart.o
                0x08009ca0                UART_SetConfig
 .text.UART_AdvFeatureConfig
                0x0800a168      0x144 ./Drivers/STM32F7xx_HAL_Driver/Src/stm32f7xx_hal_uart.o
                0x0800a168                UART_AdvFeatureConfig
 .text.UART_CheckIdleState
                0x0800a2ac       0xae ./Drivers/STM32F7xx_HAL_Driver/Src/stm32f7xx_hal_uart.o
                0x0800a2ac                UART_CheckIdleState
 .text.UART_WaitOnFlagUntilTimeout
                0x0800a35a       0xda ./Drivers/STM32F7xx_HAL_Driver/Src/stm32f7xx_hal_uart.o
                0x0800a35a                UART_WaitOnFlagUntilTimeout
 .text.UART_Start_Receive_IT
                0x0800a434      0x18c ./Drivers/STM32F7xx_HAL_Driver/Src/stm32f7xx_hal_uart.o
                0x0800a434                UART_Start_Receive_IT
 .text.UART_EndRxTransfer
                0x0800a5c0       0xc8 ./Drivers/STM32F7xx_HAL_Driver/Src/stm32f7xx_hal_uart.o
 .text.UART_DMAAbortOnError
                0x0800a688       0x2c ./Drivers/STM32F7xx_HAL_Driver/Src/stm32f7xx_hal_uart.o
 .text.UART_EndTransmit_IT
                0x0800a6b4       0x54 ./Drivers/STM32F7xx_HAL_Driver/Src/stm32f7xx_hal_uart.o
 .text.UART_RxISR_8BIT
                0x0800a708      0x1a8 ./Drivers/STM32F7xx_HAL_Driver/Src/stm32f7xx_hal_uart.o
 .text.UART_RxISR_16BIT
                0x0800a8b0      0x1a8 ./Drivers/STM32F7xx_HAL_Driver/Src/stm32f7xx_hal_uart.o
 .text.LL_GPIO_SetPinMode
                0x0800aa58       0x5e ./Drivers/STM32F7xx_HAL_Driver/Src/stm32f7xx_ll_gpio.o
 .text.LL_GPIO_SetPinOutputType
                0x0800aab6       0x30 ./Drivers/STM32F7xx_HAL_Driver/Src/stm32f7xx_ll_gpio.o
 .text.LL_GPIO_SetPinSpeed
                0x0800aae6       0x5e ./Drivers/STM32F7xx_HAL_Driver/Src/stm32f7xx_ll_gpio.o
 .text.LL_GPIO_SetPinPull
                0x0800ab44       0x5e ./Drivers/STM32F7xx_HAL_Driver/Src/stm32f7xx_ll_gpio.o
 .text.LL_GPIO_SetAFPin_0_7
                0x0800aba2       0x5e ./Drivers/STM32F7xx_HAL_Driver/Src/stm32f7xx_ll_gpio.o
 .text.LL_GPIO_SetAFPin_8_15
                0x0800ac00       0x62 ./Drivers/STM32F7xx_HAL_Driver/Src/stm32f7xx_ll_gpio.o
 .text.LL_GPIO_Init
                0x0800ac62       0xe8 ./Drivers/STM32F7xx_HAL_Driver/Src/stm32f7xx_ll_gpio.o
                0x0800ac62                LL_GPIO_Init
 *fill*         0x0800ad4a        0x2 
 .text.LL_RCC_HSI_IsReady
                0x0800ad4c       0x24 ./Drivers/STM32F7xx_HAL_Driver/Src/stm32f7xx_ll_rcc.o
 .text.LL_RCC_LSE_IsReady
                0x0800ad70       0x24 ./Drivers/STM32F7xx_HAL_Driver/Src/stm32f7xx_ll_rcc.o
 .text.LL_RCC_GetSysClkSource
                0x0800ad94       0x1c ./Drivers/STM32F7xx_HAL_Driver/Src/stm32f7xx_ll_rcc.o
 .text.LL_RCC_GetAHBPrescaler
                0x0800adb0       0x1c ./Drivers/STM32F7xx_HAL_Driver/Src/stm32f7xx_ll_rcc.o
 .text.LL_RCC_GetAPB1Prescaler
                0x0800adcc       0x1c ./Drivers/STM32F7xx_HAL_Driver/Src/stm32f7xx_ll_rcc.o
 .text.LL_RCC_GetAPB2Prescaler
                0x0800ade8       0x1c ./Drivers/STM32F7xx_HAL_Driver/Src/stm32f7xx_ll_rcc.o
 .text.LL_RCC_GetUSARTClockSource
                0x0800ae04       0x28 ./Drivers/STM32F7xx_HAL_Driver/Src/stm32f7xx_ll_rcc.o
 .text.LL_RCC_GetUARTClockSource
                0x0800ae2c       0x28 ./Drivers/STM32F7xx_HAL_Driver/Src/stm32f7xx_ll_rcc.o
 .text.LL_RCC_PLL_GetMainSource
                0x0800ae54       0x1c ./Drivers/STM32F7xx_HAL_Driver/Src/stm32f7xx_ll_rcc.o
 .text.LL_RCC_PLL_GetN
                0x0800ae70       0x1c ./Drivers/STM32F7xx_HAL_Driver/Src/stm32f7xx_ll_rcc.o
 .text.LL_RCC_PLL_GetP
                0x0800ae8c       0x1c ./Drivers/STM32F7xx_HAL_Driver/Src/stm32f7xx_ll_rcc.o
 .text.LL_RCC_PLL_GetDivider
                0x0800aea8       0x1c ./Drivers/STM32F7xx_HAL_Driver/Src/stm32f7xx_ll_rcc.o
 .text.LL_RCC_GetUSARTClockFreq
                0x0800aec4      0x20c ./Drivers/STM32F7xx_HAL_Driver/Src/stm32f7xx_ll_rcc.o
                0x0800aec4                LL_RCC_GetUSARTClockFreq
 .text.LL_RCC_GetUARTClockFreq
                0x0800b0d0      0x210 ./Drivers/STM32F7xx_HAL_Driver/Src/stm32f7xx_ll_rcc.o
                0x0800b0d0                LL_RCC_GetUARTClockFreq
 .text.RCC_GetSystemClockFreq
                0x0800b2e0       0x50 ./Drivers/STM32F7xx_HAL_Driver/Src/stm32f7xx_ll_rcc.o
                0x0800b2e0                RCC_GetSystemClockFreq
 .text.RCC_GetHCLKClockFreq
                0x0800b330       0x2c ./Drivers/STM32F7xx_HAL_Driver/Src/stm32f7xx_ll_rcc.o
                0x0800b330                RCC_GetHCLKClockFreq
 .text.RCC_GetPCLK1ClockFreq
                0x0800b35c       0x28 ./Drivers/STM32F7xx_HAL_Driver/Src/stm32f7xx_ll_rcc.o
                0x0800b35c                RCC_GetPCLK1ClockFreq
 .text.RCC_GetPCLK2ClockFreq
                0x0800b384       0x28 ./Drivers/STM32F7xx_HAL_Driver/Src/stm32f7xx_ll_rcc.o
                0x0800b384                RCC_GetPCLK2ClockFreq
 .text.RCC_PLL_GetFreqDomain_SYS
                0x0800b3ac       0x6c ./Drivers/STM32F7xx_HAL_Driver/Src/stm32f7xx_ll_rcc.o
                0x0800b3ac                RCC_PLL_GetFreqDomain_SYS
 .text.LL_SPI_IsEnabled
                0x0800b418       0x26 ./Drivers/STM32F7xx_HAL_Driver/Src/stm32f7xx_ll_spi.o
 .text.LL_SPI_SetRxFIFOThreshold
                0x0800b43e       0x26 ./Drivers/STM32F7xx_HAL_Driver/Src/stm32f7xx_ll_spi.o
 .text.LL_SPI_SetCRCPolynomial
                0x0800b464       0x20 ./Drivers/STM32F7xx_HAL_Driver/Src/stm32f7xx_ll_spi.o
 .text.LL_SPI_Init
                0x0800b484       0xbc ./Drivers/STM32F7xx_HAL_Driver/Src/stm32f7xx_ll_spi.o
                0x0800b484                LL_SPI_Init
 .text.LL_USART_IsEnabled
                0x0800b540       0x26 ./Drivers/STM32F7xx_HAL_Driver/Src/stm32f7xx_ll_usart.o
 .text.LL_USART_SetStopBitsLength
                0x0800b566       0x26 ./Drivers/STM32F7xx_HAL_Driver/Src/stm32f7xx_ll_usart.o
 .text.LL_USART_SetHWFlowCtrl
                0x0800b58c       0x26 ./Drivers/STM32F7xx_HAL_Driver/Src/stm32f7xx_ll_usart.o
 .text.LL_USART_SetBaudRate
                0x0800b5b2       0x6e ./Drivers/STM32F7xx_HAL_Driver/Src/stm32f7xx_ll_usart.o
 .text.LL_USART_Init
                0x0800b620      0x140 ./Drivers/STM32F7xx_HAL_Driver/Src/stm32f7xx_ll_usart.o
                0x0800b620                LL_USART_Init
 .text.atoi     0x0800b760        0x8 C:/ST/STM32CubeIDE_1.15.1/STM32CubeIDE/plugins/com.st.stm32cube.ide.mcu.externaltools.gnu-tools-for-stm32.13.3.rel1.win32_1.0.0.202411081344/tools/bin/../lib/gcc/arm-none-eabi/13.3.1/../../../../arm-none-eabi/lib/thumb/v7e-m+fp/hard\libc_nano.a(libc_a-atoi.o)
                0x0800b760                atoi
 .text._strtol_l.isra.0
                0x0800b768       0xf4 C:/ST/STM32CubeIDE_1.15.1/STM32CubeIDE/plugins/com.st.stm32cube.ide.mcu.externaltools.gnu-tools-for-stm32.13.3.rel1.win32_1.0.0.202411081344/tools/bin/../lib/gcc/arm-none-eabi/13.3.1/../../../../arm-none-eabi/lib/thumb/v7e-m+fp/hard\libc_nano.a(libc_a-strtol.o)
 .text.strtol   0x0800b85c       0x14 C:/ST/STM32CubeIDE_1.15.1/STM32CubeIDE/plugins/com.st.stm32cube.ide.mcu.externaltools.gnu-tools-for-stm32.13.3.rel1.win32_1.0.0.202411081344/tools/bin/../lib/gcc/arm-none-eabi/13.3.1/../../../../arm-none-eabi/lib/thumb/v7e-m+fp/hard\libc_nano.a(libc_a-strtol.o)
                0x0800b85c                strtol
 .text._strtoul_l.isra.0
                0x0800b870       0xdc C:/ST/STM32CubeIDE_1.15.1/STM32CubeIDE/plugins/com.st.stm32cube.ide.mcu.externaltools.gnu-tools-for-stm32.13.3.rel1.win32_1.0.0.202411081344/tools/bin/../lib/gcc/arm-none-eabi/13.3.1/../../../../arm-none-eabi/lib/thumb/v7e-m+fp/hard\libc_nano.a(libc_a-strtoul.o)
 .text.strtoul  0x0800b94c       0x14 C:/ST/STM32CubeIDE_1.15.1/STM32CubeIDE/plugins/com.st.stm32cube.ide.mcu.externaltools.gnu-tools-for-stm32.13.3.rel1.win32_1.0.0.202411081344/tools/bin/../lib/gcc/arm-none-eabi/13.3.1/../../../../arm-none-eabi/lib/thumb/v7e-m+fp/hard\libc_nano.a(libc_a-strtoul.o)
                0x0800b94c                strtoul
 .text.std      0x0800b960       0x6c C:/ST/STM32CubeIDE_1.15.1/STM32CubeIDE/plugins/com.st.stm32cube.ide.mcu.externaltools.gnu-tools-for-stm32.13.3.rel1.win32_1.0.0.202411081344/tools/bin/../lib/gcc/arm-none-eabi/13.3.1/../../../../arm-none-eabi/lib/thumb/v7e-m+fp/hard\libc_nano.a(libc_a-findfp.o)
 .text.stdio_exit_handler
                0x0800b9cc       0x18 C:/ST/STM32CubeIDE_1.15.1/STM32CubeIDE/plugins/com.st.stm32cube.ide.mcu.externaltools.gnu-tools-for-stm32.13.3.rel1.win32_1.0.0.202411081344/tools/bin/../lib/gcc/arm-none-eabi/13.3.1/../../../../arm-none-eabi/lib/thumb/v7e-m+fp/hard\libc_nano.a(libc_a-findfp.o)
 .text.cleanup_stdio
                0x0800b9e4       0x40 C:/ST/STM32CubeIDE_1.15.1/STM32CubeIDE/plugins/com.st.stm32cube.ide.mcu.externaltools.gnu-tools-for-stm32.13.3.rel1.win32_1.0.0.202411081344/tools/bin/../lib/gcc/arm-none-eabi/13.3.1/../../../../arm-none-eabi/lib/thumb/v7e-m+fp/hard\libc_nano.a(libc_a-findfp.o)
 .text.global_stdio_init.part.0
                0x0800ba24       0x3c C:/ST/STM32CubeIDE_1.15.1/STM32CubeIDE/plugins/com.st.stm32cube.ide.mcu.externaltools.gnu-tools-for-stm32.13.3.rel1.win32_1.0.0.202411081344/tools/bin/../lib/gcc/arm-none-eabi/13.3.1/../../../../arm-none-eabi/lib/thumb/v7e-m+fp/hard\libc_nano.a(libc_a-findfp.o)
 .text.__sfp_lock_acquire
                0x0800ba60        0xc C:/ST/STM32CubeIDE_1.15.1/STM32CubeIDE/plugins/com.st.stm32cube.ide.mcu.externaltools.gnu-tools-for-stm32.13.3.rel1.win32_1.0.0.202411081344/tools/bin/../lib/gcc/arm-none-eabi/13.3.1/../../../../arm-none-eabi/lib/thumb/v7e-m+fp/hard\libc_nano.a(libc_a-findfp.o)
                0x0800ba60                __sfp_lock_acquire
 .text.__sfp_lock_release
                0x0800ba6c        0xc C:/ST/STM32CubeIDE_1.15.1/STM32CubeIDE/plugins/com.st.stm32cube.ide.mcu.externaltools.gnu-tools-for-stm32.13.3.rel1.win32_1.0.0.202411081344/tools/bin/../lib/gcc/arm-none-eabi/13.3.1/../../../../arm-none-eabi/lib/thumb/v7e-m+fp/hard\libc_nano.a(libc_a-findfp.o)
                0x0800ba6c                __sfp_lock_release
 .text.__sinit  0x0800ba78       0x30 C:/ST/STM32CubeIDE_1.15.1/STM32CubeIDE/plugins/com.st.stm32cube.ide.mcu.externaltools.gnu-tools-for-stm32.13.3.rel1.win32_1.0.0.202411081344/tools/bin/../lib/gcc/arm-none-eabi/13.3.1/../../../../arm-none-eabi/lib/thumb/v7e-m+fp/hard\libc_nano.a(libc_a-findfp.o)
                0x0800ba78                __sinit
 .text._fwalk_sglue
                0x0800baa8       0x3c C:/ST/STM32CubeIDE_1.15.1/STM32CubeIDE/plugins/com.st.stm32cube.ide.mcu.externaltools.gnu-tools-for-stm32.13.3.rel1.win32_1.0.0.202411081344/tools/bin/../lib/gcc/arm-none-eabi/13.3.1/../../../../arm-none-eabi/lib/thumb/v7e-m+fp/hard\libc_nano.a(libc_a-fwalk.o)
                0x0800baa8                _fwalk_sglue
 .text.printf   0x0800bae4       0x24 C:/ST/STM32CubeIDE_1.15.1/STM32CubeIDE/plugins/com.st.stm32cube.ide.mcu.externaltools.gnu-tools-for-stm32.13.3.rel1.win32_1.0.0.202411081344/tools/bin/../lib/gcc/arm-none-eabi/13.3.1/../../../../arm-none-eabi/lib/thumb/v7e-m+fp/hard\libc_nano.a(libc_a-printf.o)
                0x0800bae4                iprintf
                0x0800bae4                printf
 .text.putchar  0x0800bb08       0x10 C:/ST/STM32CubeIDE_1.15.1/STM32CubeIDE/plugins/com.st.stm32cube.ide.mcu.externaltools.gnu-tools-for-stm32.13.3.rel1.win32_1.0.0.202411081344/tools/bin/../lib/gcc/arm-none-eabi/13.3.1/../../../../arm-none-eabi/lib/thumb/v7e-m+fp/hard\libc_nano.a(libc_a-putchar.o)
                0x0800bb08                putchar
 .text._puts_r  0x0800bb18       0xaa C:/ST/STM32CubeIDE_1.15.1/STM32CubeIDE/plugins/com.st.stm32cube.ide.mcu.externaltools.gnu-tools-for-stm32.13.3.rel1.win32_1.0.0.202411081344/tools/bin/../lib/gcc/arm-none-eabi/13.3.1/../../../../arm-none-eabi/lib/thumb/v7e-m+fp/hard\libc_nano.a(libc_a-puts.o)
                0x0800bb18                _puts_r
 *fill*         0x0800bbc2        0x2 
 .text.puts     0x0800bbc4       0x10 C:/ST/STM32CubeIDE_1.15.1/STM32CubeIDE/plugins/com.st.stm32cube.ide.mcu.externaltools.gnu-tools-for-stm32.13.3.rel1.win32_1.0.0.202411081344/tools/bin/../lib/gcc/arm-none-eabi/13.3.1/../../../../arm-none-eabi/lib/thumb/v7e-m+fp/hard\libc_nano.a(libc_a-puts.o)
                0x0800bbc4                puts
 .text.snprintf
                0x0800bbd4       0x6c C:/ST/STM32CubeIDE_1.15.1/STM32CubeIDE/plugins/com.st.stm32cube.ide.mcu.externaltools.gnu-tools-for-stm32.13.3.rel1.win32_1.0.0.202411081344/tools/bin/../lib/gcc/arm-none-eabi/13.3.1/../../../../arm-none-eabi/lib/thumb/v7e-m+fp/hard\libc_nano.a(libc_a-snprintf.o)
                0x0800bbd4                sniprintf
                0x0800bbd4                snprintf
 .text.sprintf  0x0800bc40       0x44 C:/ST/STM32CubeIDE_1.15.1/STM32CubeIDE/plugins/com.st.stm32cube.ide.mcu.externaltools.gnu-tools-for-stm32.13.3.rel1.win32_1.0.0.202411081344/tools/bin/../lib/gcc/arm-none-eabi/13.3.1/../../../../arm-none-eabi/lib/thumb/v7e-m+fp/hard\libc_nano.a(libc_a-sprintf.o)
                0x0800bc40                siprintf
                0x0800bc40                sprintf
 .text.__sread  0x0800bc84       0x22 C:/ST/STM32CubeIDE_1.15.1/STM32CubeIDE/plugins/com.st.stm32cube.ide.mcu.externaltools.gnu-tools-for-stm32.13.3.rel1.win32_1.0.0.202411081344/tools/bin/../lib/gcc/arm-none-eabi/13.3.1/../../../../arm-none-eabi/lib/thumb/v7e-m+fp/hard\libc_nano.a(libc_a-stdio.o)
                0x0800bc84                __sread
 .text.__swrite
                0x0800bca6       0x38 C:/ST/STM32CubeIDE_1.15.1/STM32CubeIDE/plugins/com.st.stm32cube.ide.mcu.externaltools.gnu-tools-for-stm32.13.3.rel1.win32_1.0.0.202411081344/tools/bin/../lib/gcc/arm-none-eabi/13.3.1/../../../../arm-none-eabi/lib/thumb/v7e-m+fp/hard\libc_nano.a(libc_a-stdio.o)
                0x0800bca6                __swrite
 .text.__sseek  0x0800bcde       0x24 C:/ST/STM32CubeIDE_1.15.1/STM32CubeIDE/plugins/com.st.stm32cube.ide.mcu.externaltools.gnu-tools-for-stm32.13.3.rel1.win32_1.0.0.202411081344/tools/bin/../lib/gcc/arm-none-eabi/13.3.1/../../../../arm-none-eabi/lib/thumb/v7e-m+fp/hard\libc_nano.a(libc_a-stdio.o)
                0x0800bcde                __sseek
 .text.__sclose
                0x0800bd02        0x8 C:/ST/STM32CubeIDE_1.15.1/STM32CubeIDE/plugins/com.st.stm32cube.ide.mcu.externaltools.gnu-tools-for-stm32.13.3.rel1.win32_1.0.0.202411081344/tools/bin/../lib/gcc/arm-none-eabi/13.3.1/../../../../arm-none-eabi/lib/thumb/v7e-m+fp/hard\libc_nano.a(libc_a-stdio.o)
                0x0800bd02                __sclose
 *fill*         0x0800bd0a        0x2 
 .text.vprintf  0x0800bd0c       0x14 C:/ST/STM32CubeIDE_1.15.1/STM32CubeIDE/plugins/com.st.stm32cube.ide.mcu.externaltools.gnu-tools-for-stm32.13.3.rel1.win32_1.0.0.202411081344/tools/bin/../lib/gcc/arm-none-eabi/13.3.1/../../../../arm-none-eabi/lib/thumb/v7e-m+fp/hard\libc_nano.a(libc_a-vprintf.o)
                0x0800bd0c                viprintf
                0x0800bd0c                vprintf
 .text.__swbuf_r
                0x0800bd20       0x7c C:/ST/STM32CubeIDE_1.15.1/STM32CubeIDE/plugins/com.st.stm32cube.ide.mcu.externaltools.gnu-tools-for-stm32.13.3.rel1.win32_1.0.0.202411081344/tools/bin/../lib/gcc/arm-none-eabi/13.3.1/../../../../arm-none-eabi/lib/thumb/v7e-m+fp/hard\libc_nano.a(libc_a-wbuf.o)
                0x0800bd20                __swbuf_r
 .text.__swsetup_r
                0x0800bd9c       0xac C:/ST/STM32CubeIDE_1.15.1/STM32CubeIDE/plugins/com.st.stm32cube.ide.mcu.externaltools.gnu-tools-for-stm32.13.3.rel1.win32_1.0.0.202411081344/tools/bin/../lib/gcc/arm-none-eabi/13.3.1/../../../../arm-none-eabi/lib/thumb/v7e-m+fp/hard\libc_nano.a(libc_a-wsetup.o)
                0x0800bd9c                __swsetup_r
 .text.memmove  0x0800be48       0x34 C:/ST/STM32CubeIDE_1.15.1/STM32CubeIDE/plugins/com.st.stm32cube.ide.mcu.externaltools.gnu-tools-for-stm32.13.3.rel1.win32_1.0.0.202411081344/tools/bin/../lib/gcc/arm-none-eabi/13.3.1/../../../../arm-none-eabi/lib/thumb/v7e-m+fp/hard\libc_nano.a(libc_a-memmove.o)
                0x0800be48                memmove
 .text.memset   0x0800be7c       0x10 C:/ST/STM32CubeIDE_1.15.1/STM32CubeIDE/plugins/com.st.stm32cube.ide.mcu.externaltools.gnu-tools-for-stm32.13.3.rel1.win32_1.0.0.202411081344/tools/bin/../lib/gcc/arm-none-eabi/13.3.1/../../../../arm-none-eabi/lib/thumb/v7e-m+fp/hard\libc_nano.a(libc_a-memset.o)
                0x0800be7c                memset
 .text.strchr   0x0800be8c       0x1a C:/ST/STM32CubeIDE_1.15.1/STM32CubeIDE/plugins/com.st.stm32cube.ide.mcu.externaltools.gnu-tools-for-stm32.13.3.rel1.win32_1.0.0.202411081344/tools/bin/../lib/gcc/arm-none-eabi/13.3.1/../../../../arm-none-eabi/lib/thumb/v7e-m+fp/hard\libc_nano.a(libc_a-strchr.o)
                0x0800be8c                strchr
 .text.strncpy  0x0800bea6       0x26 C:/ST/STM32CubeIDE_1.15.1/STM32CubeIDE/plugins/com.st.stm32cube.ide.mcu.externaltools.gnu-tools-for-stm32.13.3.rel1.win32_1.0.0.202411081344/tools/bin/../lib/gcc/arm-none-eabi/13.3.1/../../../../arm-none-eabi/lib/thumb/v7e-m+fp/hard\libc_nano.a(libc_a-strncpy.o)
                0x0800bea6                strncpy
 .text._close_r
                0x0800becc       0x20 C:/ST/STM32CubeIDE_1.15.1/STM32CubeIDE/plugins/com.st.stm32cube.ide.mcu.externaltools.gnu-tools-for-stm32.13.3.rel1.win32_1.0.0.202411081344/tools/bin/../lib/gcc/arm-none-eabi/13.3.1/../../../../arm-none-eabi/lib/thumb/v7e-m+fp/hard\libc_nano.a(libc_a-closer.o)
                0x0800becc                _close_r
 .text._lseek_r
                0x0800beec       0x24 C:/ST/STM32CubeIDE_1.15.1/STM32CubeIDE/plugins/com.st.stm32cube.ide.mcu.externaltools.gnu-tools-for-stm32.13.3.rel1.win32_1.0.0.202411081344/tools/bin/../lib/gcc/arm-none-eabi/13.3.1/../../../../arm-none-eabi/lib/thumb/v7e-m+fp/hard\libc_nano.a(libc_a-lseekr.o)
                0x0800beec                _lseek_r
 .text._read_r  0x0800bf10       0x24 C:/ST/STM32CubeIDE_1.15.1/STM32CubeIDE/plugins/com.st.stm32cube.ide.mcu.externaltools.gnu-tools-for-stm32.13.3.rel1.win32_1.0.0.202411081344/tools/bin/../lib/gcc/arm-none-eabi/13.3.1/../../../../arm-none-eabi/lib/thumb/v7e-m+fp/hard\libc_nano.a(libc_a-readr.o)
                0x0800bf10                _read_r
 .text._write_r
                0x0800bf34       0x24 C:/ST/STM32CubeIDE_1.15.1/STM32CubeIDE/plugins/com.st.stm32cube.ide.mcu.externaltools.gnu-tools-for-stm32.13.3.rel1.win32_1.0.0.202411081344/tools/bin/../lib/gcc/arm-none-eabi/13.3.1/../../../../arm-none-eabi/lib/thumb/v7e-m+fp/hard\libc_nano.a(libc_a-writer.o)
                0x0800bf34                _write_r
 .text.__errno  0x0800bf58        0xc C:/ST/STM32CubeIDE_1.15.1/STM32CubeIDE/plugins/com.st.stm32cube.ide.mcu.externaltools.gnu-tools-for-stm32.13.3.rel1.win32_1.0.0.202411081344/tools/bin/../lib/gcc/arm-none-eabi/13.3.1/../../../../arm-none-eabi/lib/thumb/v7e-m+fp/hard\libc_nano.a(libc_a-errno.o)
                0x0800bf58                __errno
 .text.__libc_init_array
                0x0800bf64       0x48 C:/ST/STM32CubeIDE_1.15.1/STM32CubeIDE/plugins/com.st.stm32cube.ide.mcu.externaltools.gnu-tools-for-stm32.13.3.rel1.win32_1.0.0.202411081344/tools/bin/../lib/gcc/arm-none-eabi/13.3.1/../../../../arm-none-eabi/lib/thumb/v7e-m+fp/hard\libc_nano.a(libc_a-init.o)
                0x0800bf64                __libc_init_array
 .text.__retarget_lock_init_recursive
                0x0800bfac        0x2 C:/ST/STM32CubeIDE_1.15.1/STM32CubeIDE/plugins/com.st.stm32cube.ide.mcu.externaltools.gnu-tools-for-stm32.13.3.rel1.win32_1.0.0.202411081344/tools/bin/../lib/gcc/arm-none-eabi/13.3.1/../../../../arm-none-eabi/lib/thumb/v7e-m+fp/hard\libc_nano.a(libc_a-lock.o)
                0x0800bfac                __retarget_lock_init_recursive
 .text.__retarget_lock_acquire_recursive
                0x0800bfae        0x2 C:/ST/STM32CubeIDE_1.15.1/STM32CubeIDE/plugins/com.st.stm32cube.ide.mcu.externaltools.gnu-tools-for-stm32.13.3.rel1.win32_1.0.0.202411081344/tools/bin/../lib/gcc/arm-none-eabi/13.3.1/../../../../arm-none-eabi/lib/thumb/v7e-m+fp/hard\libc_nano.a(libc_a-lock.o)
                0x0800bfae                __retarget_lock_acquire_recursive
 .text.__retarget_lock_release_recursive
                0x0800bfb0        0x2 C:/ST/STM32CubeIDE_1.15.1/STM32CubeIDE/plugins/com.st.stm32cube.ide.mcu.externaltools.gnu-tools-for-stm32.13.3.rel1.win32_1.0.0.202411081344/tools/bin/../lib/gcc/arm-none-eabi/13.3.1/../../../../arm-none-eabi/lib/thumb/v7e-m+fp/hard\libc_nano.a(libc_a-lock.o)
                0x0800bfb0                __retarget_lock_release_recursive
 .text.memcpy   0x0800bfb2       0x1c C:/ST/STM32CubeIDE_1.15.1/STM32CubeIDE/plugins/com.st.stm32cube.ide.mcu.externaltools.gnu-tools-for-stm32.13.3.rel1.win32_1.0.0.202411081344/tools/bin/../lib/gcc/arm-none-eabi/13.3.1/../../../../arm-none-eabi/lib/thumb/v7e-m+fp/hard\libc_nano.a(libc_a-memcpy-stub.o)
                0x0800bfb2                memcpy
 *fill*         0x0800bfce        0x2 
 .text._free_r  0x0800bfd0       0x94 C:/ST/STM32CubeIDE_1.15.1/STM32CubeIDE/plugins/com.st.stm32cube.ide.mcu.externaltools.gnu-tools-for-stm32.13.3.rel1.win32_1.0.0.202411081344/tools/bin/../lib/gcc/arm-none-eabi/13.3.1/../../../../arm-none-eabi/lib/thumb/v7e-m+fp/hard\libc_nano.a(libc_a-freer.o)
                0x0800bfd0                _free_r
 .text.sbrk_aligned
                0x0800c064       0x44 C:/ST/STM32CubeIDE_1.15.1/STM32CubeIDE/plugins/com.st.stm32cube.ide.mcu.externaltools.gnu-tools-for-stm32.13.3.rel1.win32_1.0.0.202411081344/tools/bin/../lib/gcc/arm-none-eabi/13.3.1/../../../../arm-none-eabi/lib/thumb/v7e-m+fp/hard\libc_nano.a(libc_a-mallocr.o)
 .text._malloc_r
                0x0800c0a8      0x100 C:/ST/STM32CubeIDE_1.15.1/STM32CubeIDE/plugins/com.st.stm32cube.ide.mcu.externaltools.gnu-tools-for-stm32.13.3.rel1.win32_1.0.0.202411081344/tools/bin/../lib/gcc/arm-none-eabi/13.3.1/../../../../arm-none-eabi/lib/thumb/v7e-m+fp/hard\libc_nano.a(libc_a-mallocr.o)
                0x0800c0a8                _malloc_r
 .text.__malloc_lock
                0x0800c1a8        0xc C:/ST/STM32CubeIDE_1.15.1/STM32CubeIDE/plugins/com.st.stm32cube.ide.mcu.externaltools.gnu-tools-for-stm32.13.3.rel1.win32_1.0.0.202411081344/tools/bin/../lib/gcc/arm-none-eabi/13.3.1/../../../../arm-none-eabi/lib/thumb/v7e-m+fp/hard\libc_nano.a(libc_a-mlock.o)
                0x0800c1a8                __malloc_lock
 .text.__malloc_unlock
                0x0800c1b4        0xc C:/ST/STM32CubeIDE_1.15.1/STM32CubeIDE/plugins/com.st.stm32cube.ide.mcu.externaltools.gnu-tools-for-stm32.13.3.rel1.win32_1.0.0.202411081344/tools/bin/../lib/gcc/arm-none-eabi/13.3.1/../../../../arm-none-eabi/lib/thumb/v7e-m+fp/hard\libc_nano.a(libc_a-mlock.o)
                0x0800c1b4                __malloc_unlock
 .text.__ssputs_r
                0x0800c1c0       0xb6 C:/ST/STM32CubeIDE_1.15.1/STM32CubeIDE/plugins/com.st.stm32cube.ide.mcu.externaltools.gnu-tools-for-stm32.13.3.rel1.win32_1.0.0.202411081344/tools/bin/../lib/gcc/arm-none-eabi/13.3.1/../../../../arm-none-eabi/lib/thumb/v7e-m+fp/hard\libc_nano.a(libc_a-nano-svfprintf.o)
                0x0800c1c0                __ssputs_r
 *fill*         0x0800c276        0x2 
 .text._svfprintf_r
                0x0800c278      0x1f8 C:/ST/STM32CubeIDE_1.15.1/STM32CubeIDE/plugins/com.st.stm32cube.ide.mcu.externaltools.gnu-tools-for-stm32.13.3.rel1.win32_1.0.0.202411081344/tools/bin/../lib/gcc/arm-none-eabi/13.3.1/../../../../arm-none-eabi/lib/thumb/v7e-m+fp/hard\libc_nano.a(libc_a-nano-svfprintf.o)
                0x0800c278                _svfiprintf_r
                0x0800c278                _svfprintf_r
 .text.__sfputc_r
                0x0800c470       0x2e C:/ST/STM32CubeIDE_1.15.1/STM32CubeIDE/plugins/com.st.stm32cube.ide.mcu.externaltools.gnu-tools-for-stm32.13.3.rel1.win32_1.0.0.202411081344/tools/bin/../lib/gcc/arm-none-eabi/13.3.1/../../../../arm-none-eabi/lib/thumb/v7e-m+fp/hard\libc_nano.a(libc_a-nano-vfprintf.o)
 .text.__sfputs_r
                0x0800c49e       0x24 C:/ST/STM32CubeIDE_1.15.1/STM32CubeIDE/plugins/com.st.stm32cube.ide.mcu.externaltools.gnu-tools-for-stm32.13.3.rel1.win32_1.0.0.202411081344/tools/bin/../lib/gcc/arm-none-eabi/13.3.1/../../../../arm-none-eabi/lib/thumb/v7e-m+fp/hard\libc_nano.a(libc_a-nano-vfprintf.o)
                0x0800c49e                __sfputs_r
 *fill*         0x0800c4c2        0x2 
 .text._vfprintf_r
                0x0800c4c4      0x230 C:/ST/STM32CubeIDE_1.15.1/STM32CubeIDE/plugins/com.st.stm32cube.ide.mcu.externaltools.gnu-tools-for-stm32.13.3.rel1.win32_1.0.0.202411081344/tools/bin/../lib/gcc/arm-none-eabi/13.3.1/../../../../arm-none-eabi/lib/thumb/v7e-m+fp/hard\libc_nano.a(libc_a-nano-vfprintf.o)
                0x0800c4c4                _vfprintf_r
                0x0800c4c4                _vfiprintf_r
 .text._printf_common
                0x0800c6f4       0xda C:/ST/STM32CubeIDE_1.15.1/STM32CubeIDE/plugins/com.st.stm32cube.ide.mcu.externaltools.gnu-tools-for-stm32.13.3.rel1.win32_1.0.0.202411081344/tools/bin/../lib/gcc/arm-none-eabi/13.3.1/../../../../arm-none-eabi/lib/thumb/v7e-m+fp/hard\libc_nano.a(libc_a-nano-vfprintf_i.o)
                0x0800c6f4                _printf_common
 *fill*         0x0800c7ce        0x2 
 .text._printf_i
                0x0800c7d0      0x23c C:/ST/STM32CubeIDE_1.15.1/STM32CubeIDE/plugins/com.st.stm32cube.ide.mcu.externaltools.gnu-tools-for-stm32.13.3.rel1.win32_1.0.0.202411081344/tools/bin/../lib/gcc/arm-none-eabi/13.3.1/../../../../arm-none-eabi/lib/thumb/v7e-m+fp/hard\libc_nano.a(libc_a-nano-vfprintf_i.o)
                0x0800c7d0                _printf_i
 .text.__sflush_r
                0x0800ca0c      0x108 C:/ST/STM32CubeIDE_1.15.1/STM32CubeIDE/plugins/com.st.stm32cube.ide.mcu.externaltools.gnu-tools-for-stm32.13.3.rel1.win32_1.0.0.202411081344/tools/bin/../lib/gcc/arm-none-eabi/13.3.1/../../../../arm-none-eabi/lib/thumb/v7e-m+fp/hard\libc_nano.a(libc_a-fflush.o)
                0x0800ca0c                __sflush_r
 .text._fflush_r
                0x0800cb14       0x50 C:/ST/STM32CubeIDE_1.15.1/STM32CubeIDE/plugins/com.st.stm32cube.ide.mcu.externaltools.gnu-tools-for-stm32.13.3.rel1.win32_1.0.0.202411081344/tools/bin/../lib/gcc/arm-none-eabi/13.3.1/../../../../arm-none-eabi/lib/thumb/v7e-m+fp/hard\libc_nano.a(libc_a-fflush.o)
                0x0800cb14                _fflush_r
 .text.__swhatbuf_r
                0x0800cb64       0x4c C:/ST/STM32CubeIDE_1.15.1/STM32CubeIDE/plugins/com.st.stm32cube.ide.mcu.externaltools.gnu-tools-for-stm32.13.3.rel1.win32_1.0.0.202411081344/tools/bin/../lib/gcc/arm-none-eabi/13.3.1/../../../../arm-none-eabi/lib/thumb/v7e-m+fp/hard\libc_nano.a(libc_a-makebuf.o)
                0x0800cb64                __swhatbuf_r
 .text.__smakebuf_r
                0x0800cbb0       0x78 C:/ST/STM32CubeIDE_1.15.1/STM32CubeIDE/plugins/com.st.stm32cube.ide.mcu.externaltools.gnu-tools-for-stm32.13.3.rel1.win32_1.0.0.202411081344/tools/bin/../lib/gcc/arm-none-eabi/13.3.1/../../../../arm-none-eabi/lib/thumb/v7e-m+fp/hard\libc_nano.a(libc_a-makebuf.o)
                0x0800cbb0                __smakebuf_r
 .text._putc_r  0x0800cc28       0x68 C:/ST/STM32CubeIDE_1.15.1/STM32CubeIDE/plugins/com.st.stm32cube.ide.mcu.externaltools.gnu-tools-for-stm32.13.3.rel1.win32_1.0.0.202411081344/tools/bin/../lib/gcc/arm-none-eabi/13.3.1/../../../../arm-none-eabi/lib/thumb/v7e-m+fp/hard\libc_nano.a(libc_a-putc.o)
                0x0800cc28                _putc_r
 .text._fstat_r
                0x0800cc90       0x24 C:/ST/STM32CubeIDE_1.15.1/STM32CubeIDE/plugins/com.st.stm32cube.ide.mcu.externaltools.gnu-tools-for-stm32.13.3.rel1.win32_1.0.0.202411081344/tools/bin/../lib/gcc/arm-none-eabi/13.3.1/../../../../arm-none-eabi/lib/thumb/v7e-m+fp/hard\libc_nano.a(libc_a-fstatr.o)
                0x0800cc90                _fstat_r
 .text._isatty_r
                0x0800ccb4       0x20 C:/ST/STM32CubeIDE_1.15.1/STM32CubeIDE/plugins/com.st.stm32cube.ide.mcu.externaltools.gnu-tools-for-stm32.13.3.rel1.win32_1.0.0.202411081344/tools/bin/../lib/gcc/arm-none-eabi/13.3.1/../../../../arm-none-eabi/lib/thumb/v7e-m+fp/hard\libc_nano.a(libc_a-isattyr.o)
                0x0800ccb4                _isatty_r
 .text._sbrk_r  0x0800ccd4       0x20 C:/ST/STM32CubeIDE_1.15.1/STM32CubeIDE/plugins/com.st.stm32cube.ide.mcu.externaltools.gnu-tools-for-stm32.13.3.rel1.win32_1.0.0.202411081344/tools/bin/../lib/gcc/arm-none-eabi/13.3.1/../../../../arm-none-eabi/lib/thumb/v7e-m+fp/hard\libc_nano.a(libc_a-sbrkr.o)
                0x0800ccd4                _sbrk_r
 .text._realloc_r
                0x0800ccf4       0x5c C:/ST/STM32CubeIDE_1.15.1/STM32CubeIDE/plugins/com.st.stm32cube.ide.mcu.externaltools.gnu-tools-for-stm32.13.3.rel1.win32_1.0.0.202411081344/tools/bin/../lib/gcc/arm-none-eabi/13.3.1/../../../../arm-none-eabi/lib/thumb/v7e-m+fp/hard\libc_nano.a(libc_a-reallocr.o)
                0x0800ccf4                _realloc_r
 .text._malloc_usable_size_r
                0x0800cd50       0x10 C:/ST/STM32CubeIDE_1.15.1/STM32CubeIDE/plugins/com.st.stm32cube.ide.mcu.externaltools.gnu-tools-for-stm32.13.3.rel1.win32_1.0.0.202411081344/tools/bin/../lib/gcc/arm-none-eabi/13.3.1/../../../../arm-none-eabi/lib/thumb/v7e-m+fp/hard\libc_nano.a(libc_a-msizer.o)
                0x0800cd50                _malloc_usable_size_r
 *(.glue_7)
 .glue_7        0x0800cd60        0x0 linker stubs
 *(.glue_7t)
 .glue_7t       0x0800cd60        0x0 linker stubs
 *(.eh_frame)
 .eh_frame      0x0800cd60        0x0 C:/ST/STM32CubeIDE_1.15.1/STM32CubeIDE/plugins/com.st.stm32cube.ide.mcu.externaltools.gnu-tools-for-stm32.13.3.rel1.win32_1.0.0.202411081344/tools/bin/../lib/gcc/arm-none-eabi/13.3.1/thumb/v7e-m+fp/hard/crtbegin.o
 *(.init)
 .init          0x0800cd60        0x4 C:/ST/STM32CubeIDE_1.15.1/STM32CubeIDE/plugins/com.st.stm32cube.ide.mcu.externaltools.gnu-tools-for-stm32.13.3.rel1.win32_1.0.0.202411081344/tools/bin/../lib/gcc/arm-none-eabi/13.3.1/thumb/v7e-m+fp/hard/crti.o
                0x0800cd60                _init
 .init          0x0800cd64        0x8 C:/ST/STM32CubeIDE_1.15.1/STM32CubeIDE/plugins/com.st.stm32cube.ide.mcu.externaltools.gnu-tools-for-stm32.13.3.rel1.win32_1.0.0.202411081344/tools/bin/../lib/gcc/arm-none-eabi/13.3.1/thumb/v7e-m+fp/hard/crtn.o
 *(.fini)
 .fini          0x0800cd6c        0x4 C:/ST/STM32CubeIDE_1.15.1/STM32CubeIDE/plugins/com.st.stm32cube.ide.mcu.externaltools.gnu-tools-for-stm32.13.3.rel1.win32_1.0.0.202411081344/tools/bin/../lib/gcc/arm-none-eabi/13.3.1/thumb/v7e-m+fp/hard/crti.o
                0x0800cd6c                _fini
 .fini          0x0800cd70        0x8 C:/ST/STM32CubeIDE_1.15.1/STM32CubeIDE/plugins/com.st.stm32cube.ide.mcu.externaltools.gnu-tools-for-stm32.13.3.rel1.win32_1.0.0.202411081344/tools/bin/../lib/gcc/arm-none-eabi/13.3.1/thumb/v7e-m+fp/hard/crtn.o
                0x0800cd78                        . = ALIGN (0x4)
                0x0800cd78                        _etext = .

.vfp11_veneer   0x0800cd78        0x0
 .vfp11_veneer  0x0800cd78        0x0 linker stubs

.v4_bx          0x0800cd78        0x0
 .v4_bx         0x0800cd78        0x0 linker stubs

.iplt           0x0800cd78        0x0
 .iplt          0x0800cd78        0x0 C:/ST/STM32CubeIDE_1.15.1/STM32CubeIDE/plugins/com.st.stm32cube.ide.mcu.externaltools.gnu-tools-for-stm32.13.3.rel1.win32_1.0.0.202411081344/tools/bin/../lib/gcc/arm-none-eabi/13.3.1/thumb/v7e-m+fp/hard/crtbegin.o

.rodata         0x0800cd78     0x11ac
                0x0800cd78                        . = ALIGN (0x4)
 *(.rodata)
 .rodata        0x0800cd78       0xdb ./0_DEV/M0_App/Mgmt/mgmt.o
 *fill*         0x0800ce53        0x1 
 .rodata        0x0800ce54       0x15 ./0_DEV/M1_Driver/UART/uart_driver.o
 *fill*         0x0800ce69        0x3 
 .rodata        0x0800ce6c      0x720 ./0_DEV/M2_System/CLI_Terminal/CLI_Command/cli_command.o
 .rodata        0x0800d58c        0xe ./0_DEV/M2_System/CLI_Terminal/CLI_Setup/cli_setup.o
 *fill*         0x0800d59a        0x2 
 .rodata        0x0800d59c      0x119 ./0_DEV/M2_System/CLI_Terminal/CLI_Src/embedded_cli.o
 *fill*         0x0800d6b5        0x3 
 .rodata        0x0800d6b8       0x5f ./0_DEV/M2_System/MIN_Process/min_process.o
 *fill*         0x0800d717        0x1 
 .rodata        0x0800d718      0x2b7 ./0_DEV/M5_ThirdParty/MIN_R01/min/min.o
 *fill*         0x0800d9cf        0x1 
 .rodata        0x0800d9d0      0x20e ./0_DEV/M5_ThirdParty/MIN_R01/min_app/min_command.o
 *fill*         0x0800dbde        0x2 
 .rodata        0x0800dbe0       0x60 ./Core/Src/stm32f7xx_it.o
 *(.rodata*)
 .rodata.cliStaticBindings_internal
                0x0800dc40       0xd8 ./0_DEV/M2_System/CLI_Terminal/CLI_Command/cli_command.o
 .rodata.STREAM_OFFSET_TAB
                0x0800dd18        0x8 ./0_DEV/M3_Device/SPI_SlaveOfOBC/spi_slave.o
 .rodata.daysInMonth.1
                0x0800dd20        0xc ./0_DEV/M4_Util/DateTime/date_time.o
 .rodata.command_table
                0x0800dd2c       0x80 ./0_DEV/M5_ThirdParty/MIN_R01/min_app/min_command.o
 .rodata.response.7
                0x0800ddac        0x5 ./0_DEV/M5_ThirdParty/MIN_R01/min_app/min_command.o
 *fill*         0x0800ddb1        0x3 
 .rodata.response.6
                0x0800ddb4        0x3 ./0_DEV/M5_ThirdParty/MIN_R01/min_app/min_command.o
 *fill*         0x0800ddb7        0x1 
 .rodata.response.5
                0x0800ddb8        0x3 ./0_DEV/M5_ThirdParty/MIN_R01/min_app/min_command.o
 *fill*         0x0800ddbb        0x1 
 .rodata.response.4
                0x0800ddbc        0x3 ./0_DEV/M5_ThirdParty/MIN_R01/min_app/min_command.o
 *fill*         0x0800ddbf        0x1 
 .rodata.response.3
                0x0800ddc0        0x3 ./0_DEV/M5_ThirdParty/MIN_R01/min_app/min_command.o
 *fill*         0x0800ddc3        0x1 
 .rodata.response.2
                0x0800ddc4        0x3 ./0_DEV/M5_ThirdParty/MIN_R01/min_app/min_command.o
 *fill*         0x0800ddc7        0x1 
 .rodata.response.1
                0x0800ddc8        0x3 ./0_DEV/M5_ThirdParty/MIN_R01/min_app/min_command.o
 *fill*         0x0800ddcb        0x1 
 .rodata.response.0
                0x0800ddcc        0x3 ./0_DEV/M5_ThirdParty/MIN_R01/min_app/min_command.o
 *fill*         0x0800ddcf        0x1 
 .rodata.STREAM_OFFSET_TAB
                0x0800ddd0        0x8 ./Core/Src/main.o
 .rodata.AHBPrescTable
                0x0800ddd8       0x10 ./Core/Src/system_stm32f7xx.o
                0x0800ddd8                AHBPrescTable
 .rodata.APBPrescTable
                0x0800dde8        0x8 ./Core/Src/system_stm32f7xx.o
                0x0800dde8                APBPrescTable
 .rodata._ctype_
                0x0800ddf0      0x101 C:/ST/STM32CubeIDE_1.15.1/STM32CubeIDE/plugins/com.st.stm32cube.ide.mcu.externaltools.gnu-tools-for-stm32.13.3.rel1.win32_1.0.0.202411081344/tools/bin/../lib/gcc/arm-none-eabi/13.3.1/../../../../arm-none-eabi/lib/thumb/v7e-m+fp/hard\libc_nano.a(libc_a-ctype_.o)
                0x0800ddf0                _ctype_
 .rodata._svfprintf_r.str1.1
                0x0800def1       0x33 C:/ST/STM32CubeIDE_1.15.1/STM32CubeIDE/plugins/com.st.stm32cube.ide.mcu.externaltools.gnu-tools-for-stm32.13.3.rel1.win32_1.0.0.202411081344/tools/bin/../lib/gcc/arm-none-eabi/13.3.1/../../../../arm-none-eabi/lib/thumb/v7e-m+fp/hard\libc_nano.a(libc_a-nano-svfprintf.o)
                                 0x11 (size before relaxing)
 .rodata._vfprintf_r.str1.1
                0x0800df24       0x11 C:/ST/STM32CubeIDE_1.15.1/STM32CubeIDE/plugins/com.st.stm32cube.ide.mcu.externaltools.gnu-tools-for-stm32.13.3.rel1.win32_1.0.0.202411081344/tools/bin/../lib/gcc/arm-none-eabi/13.3.1/../../../../arm-none-eabi/lib/thumb/v7e-m+fp/hard\libc_nano.a(libc_a-nano-vfprintf.o)
 .rodata._printf_i.str1.1
                0x0800df24       0x22 C:/ST/STM32CubeIDE_1.15.1/STM32CubeIDE/plugins/com.st.stm32cube.ide.mcu.externaltools.gnu-tools-for-stm32.13.3.rel1.win32_1.0.0.202411081344/tools/bin/../lib/gcc/arm-none-eabi/13.3.1/../../../../arm-none-eabi/lib/thumb/v7e-m+fp/hard\libc_nano.a(libc_a-nano-vfprintf_i.o)
                0x0800df48                        . = ALIGN (0x4)

.ARM.extab      0x0800df24        0x0
                0x0800df24                        . = ALIGN (0x4)
 *(.ARM.extab* .gnu.linkonce.armextab.*)
                0x0800df24                        . = ALIGN (0x4)

.ARM            0x0800df24        0x8
                0x0800df24                        . = ALIGN (0x4)
                0x0800df24                        __exidx_start = .
 *(.ARM.exidx*)
 .ARM.exidx     0x0800df24        0x8 C:/ST/STM32CubeIDE_1.15.1/STM32CubeIDE/plugins/com.st.stm32cube.ide.mcu.externaltools.gnu-tools-for-stm32.13.3.rel1.win32_1.0.0.202411081344/tools/bin/../lib/gcc/arm-none-eabi/13.3.1/../../../../arm-none-eabi/lib/thumb/v7e-m+fp/hard\libc_nano.a(libc_a-strcmp.o)
 .ARM.exidx     0x0800df2c        0x0 C:/ST/STM32CubeIDE_1.15.1/STM32CubeIDE/plugins/com.st.stm32cube.ide.mcu.externaltools.gnu-tools-for-stm32.13.3.rel1.win32_1.0.0.202411081344/tools/bin/../lib/gcc/arm-none-eabi/13.3.1/../../../../arm-none-eabi/lib/thumb/v7e-m+fp/hard\libc_nano.a(libc_a-strlen.o)
                                  0x8 (size before relaxing)
 .ARM.exidx     0x0800df2c        0x0 C:/ST/STM32CubeIDE_1.15.1/STM32CubeIDE/plugins/com.st.stm32cube.ide.mcu.externaltools.gnu-tools-for-stm32.13.3.rel1.win32_1.0.0.202411081344/tools/bin/../lib/gcc/arm-none-eabi/13.3.1/../../../../arm-none-eabi/lib/thumb/v7e-m+fp/hard\libc_nano.a(libc_a-memchr.o)
                                  0x8 (size before relaxing)
 .ARM.exidx     0x0800df2c        0x0 C:/ST/STM32CubeIDE_1.15.1/STM32CubeIDE/plugins/com.st.stm32cube.ide.mcu.externaltools.gnu-tools-for-stm32.13.3.rel1.win32_1.0.0.202411081344/tools/bin/../lib/gcc/arm-none-eabi/13.3.1/thumb/v7e-m+fp/hard\libgcc.a(_udivmoddi4.o)
                                  0x8 (size before relaxing)
                0x0800df2c                        __exidx_end = .
                0x0800df2c                        . = ALIGN (0x4)

.preinit_array  0x0800df2c        0x0
                0x0800df2c                        . = ALIGN (0x4)
                0x0800df2c                        PROVIDE (__preinit_array_start = .)
 *(.preinit_array*)
                0x0800df2c                        PROVIDE (__preinit_array_end = .)
                0x0800df2c                        . = ALIGN (0x4)

.init_array     0x0800df2c        0x4
                0x0800df2c                        . = ALIGN (0x4)
                0x0800df2c                        PROVIDE (__init_array_start = .)
 *(SORT_BY_NAME(.init_array.*))
 *(.init_array*)
 .init_array    0x0800df2c        0x4 C:/ST/STM32CubeIDE_1.15.1/STM32CubeIDE/plugins/com.st.stm32cube.ide.mcu.externaltools.gnu-tools-for-stm32.13.3.rel1.win32_1.0.0.202411081344/tools/bin/../lib/gcc/arm-none-eabi/13.3.1/thumb/v7e-m+fp/hard/crtbegin.o
                0x0800df30                        PROVIDE (__init_array_end = .)
                0x0800df30                        . = ALIGN (0x4)

.fini_array     0x0800df30        0x4
                0x0800df30                        . = ALIGN (0x4)
                [!provide]                        PROVIDE (__fini_array_start = .)
 *(SORT_BY_NAME(.fini_array.*))
 *(.fini_array*)
 .fini_array    0x0800df30        0x4 C:/ST/STM32CubeIDE_1.15.1/STM32CubeIDE/plugins/com.st.stm32cube.ide.mcu.externaltools.gnu-tools-for-stm32.13.3.rel1.win32_1.0.0.202411081344/tools/bin/../lib/gcc/arm-none-eabi/13.3.1/thumb/v7e-m+fp/hard/crtbegin.o
                [!provide]                        PROVIDE (__fini_array_end = .)