../Drivers/STM32F7xx_HAL_Driver/Inc/stm32f7xx_ll_gpio.h:852:26:LL_GPIO_IsOutputPinSet	16	static
../Drivers/STM32F7xx_HAL_Driver/Inc/stm32f7xx_ll_gpio.h:881:22:LL_GPIO_SetOutputPin	16	static
../Drivers/STM32F7xx_HAL_Driver/Inc/stm32f7xx_ll_gpio.h:910:22:LL_GPIO_ResetOutputPin	16	static
../0_DEV/M0_App/Struct/gpio_state.c:12:6:toOBC_Init	8	static
../0_DEV/M0_App/Struct/gpio_state.c:18:6:toOBC_SetState	16	static
../0_DEV/M0_App/Struct/gpio_state.c:43:15:toOBC_GetState	16	static
../0_DEV/M0_App/Struct/gpio_state.c:58:6:CPROCESS_Init	8	static
../0_DEV/M0_App/Struct/gpio_state.c:62:6:CPROCESS_SetState	16	static
../0_DEV/M0_App/Struct/gpio_state.c:70:18:CPROCESS_GetState	8	static
