../0_DEV/M4_Util/DateTime/date_time.c:21:23:isLeapYear	16	static
../0_DEV/M4_Util/DateTime/date_time.c:26:23:getMaxDays	16	static
../0_DEV/M4_Util/DateTime/date_time.c:36:17:DateTimeToEpoch	32	static
../0_DEV/M4_Util/DateTime/date_time.c:54:6:EpochToDateTime	32	static
../0_DEV/M4_Util/DateTime/date_time.c:97:6:Utils_SoftTime_Update	16	static
../0_DEV/M4_Util/DateTime/date_time.c:149:6:Utils_SoftTime_Init	4	static
../0_DEV/M4_Util/DateTime/date_time.c:165:6:Utils_GetRTC	16	static
../0_DEV/M4_Util/DateTime/date_time.c:171:6:Utils_SetRTC	16	static
../0_DEV/M4_Util/DateTime/date_time.c:181:6:Utils_SetEpoch	24	static
../0_DEV/M4_Util/DateTime/date_time.c:192:10:Utils_GetEpoch	8	static
../0_DEV/M4_Util/DateTime/date_time.c:197:6:Utils_GetWorkingTime	24	static
