../USB_DEVICE/App/usbd_cdc_if.c:152:15:CDC_Init_FS	8	static
../USB_DEVICE/App/usbd_cdc_if.c:166:15:CDC_DeInit_FS	4	static
../USB_DEVICE/App/usbd_cdc_if.c:180:15:CDC_Control_FS	24	static
../USB_DEVICE/App/usbd_cdc_if.c:273:15:CDC_Receive_FS	24	static
../USB_DEVICE/App/usbd_cdc_if.c:302:9:CDC_Transmit_FS	24	static
../USB_DEVICE/App/usbd_cdc_if.c:328:15:CDC_TransmitCplt_FS	32	static
../USB_DEVICE/App/usbd_cdc_if.c:340:7:CDC_ComPort_IsOpen	4	static
../USB_DEVICE/App/usbd_cdc_if.c:345:7:CDC_IsTxReady	16	static
