Archive member included to satisfy reference by file (symbol)

C:/ST/STM32CubeIDE_1.15.1/STM32CubeIDE/plugins/com.st.stm32cube.ide.mcu.externaltools.gnu-tools-for-stm32.13.3.rel1.win32_1.0.0.202411081344/tools/bin/../lib/gcc/arm-none-eabi/13.3.1/../../../../arm-none-eabi/lib/thumb/v7e-m+fp/hard\libc_nano.a(libc_a-exit.o)
                              C:/ST/STM32CubeIDE_1.15.1/STM32CubeIDE/plugins/com.st.stm32cube.ide.mcu.externaltools.gnu-tools-for-stm32.13.3.rel1.win32_1.0.0.202411081344/tools/bin/../lib/gcc/arm-none-eabi/13.3.1/../../../../arm-none-eabi/lib/thumb/v7e-m+fp/hard/crt0.o (exit)
C:/ST/STM32CubeIDE_1.15.1/STM32CubeIDE/plugins/com.st.stm32cube.ide.mcu.externaltools.gnu-tools-for-stm32.13.3.rel1.win32_1.0.0.202411081344/tools/bin/../lib/gcc/arm-none-eabi/13.3.1/../../../../arm-none-eabi/lib/thumb/v7e-m+fp/hard\libc_nano.a(libc_a-findfp.o)
                              C:/ST/STM32CubeIDE_1.15.1/STM32CubeIDE/plugins/com.st.stm32cube.ide.mcu.externaltools.gnu-tools-for-stm32.13.3.rel1.win32_1.0.0.202411081344/tools/bin/../lib/gcc/arm-none-eabi/13.3.1/../../../../arm-none-eabi/lib/thumb/v7e-m+fp/hard\libc_nano.a(libc_a-exit.o) (__stdio_exit_handler)
C:/ST/STM32CubeIDE_1.15.1/STM32CubeIDE/plugins/com.st.stm32cube.ide.mcu.externaltools.gnu-tools-for-stm32.13.3.rel1.win32_1.0.0.202411081344/tools/bin/../lib/gcc/arm-none-eabi/13.3.1/../../../../arm-none-eabi/lib/thumb/v7e-m+fp/hard\libc_nano.a(libc_a-fwalk.o)
                              C:/ST/STM32CubeIDE_1.15.1/STM32CubeIDE/plugins/com.st.stm32cube.ide.mcu.externaltools.gnu-tools-for-stm32.13.3.rel1.win32_1.0.0.202411081344/tools/bin/../lib/gcc/arm-none-eabi/13.3.1/../../../../arm-none-eabi/lib/thumb/v7e-m+fp/hard\libc_nano.a(libc_a-findfp.o) (_fwalk_sglue)
C:/ST/STM32CubeIDE_1.15.1/STM32CubeIDE/plugins/com.st.stm32cube.ide.mcu.externaltools.gnu-tools-for-stm32.13.3.rel1.win32_1.0.0.202411081344/tools/bin/../lib/gcc/arm-none-eabi/13.3.1/../../../../arm-none-eabi/lib/thumb/v7e-m+fp/hard\libc_nano.a(libc_a-stdio.o)
                              C:/ST/STM32CubeIDE_1.15.1/STM32CubeIDE/plugins/com.st.stm32cube.ide.mcu.externaltools.gnu-tools-for-stm32.13.3.rel1.win32_1.0.0.202411081344/tools/bin/../lib/gcc/arm-none-eabi/13.3.1/../../../../arm-none-eabi/lib/thumb/v7e-m+fp/hard\libc_nano.a(libc_a-findfp.o) (__sread)
C:/ST/STM32CubeIDE_1.15.1/STM32CubeIDE/plugins/com.st.stm32cube.ide.mcu.externaltools.gnu-tools-for-stm32.13.3.rel1.win32_1.0.0.202411081344/tools/bin/../lib/gcc/arm-none-eabi/13.3.1/../../../../arm-none-eabi/lib/thumb/v7e-m+fp/hard\libc_nano.a(libc_a-memset.o)
                              C:/ST/STM32CubeIDE_1.15.1/STM32CubeIDE/plugins/com.st.stm32cube.ide.mcu.externaltools.gnu-tools-for-stm32.13.3.rel1.win32_1.0.0.202411081344/tools/bin/../lib/gcc/arm-none-eabi/13.3.1/../../../../arm-none-eabi/lib/thumb/v7e-m+fp/hard/crt0.o (memset)
C:/ST/STM32CubeIDE_1.15.1/STM32CubeIDE/plugins/com.st.stm32cube.ide.mcu.externaltools.gnu-tools-for-stm32.13.3.rel1.win32_1.0.0.202411081344/tools/bin/../lib/gcc/arm-none-eabi/13.3.1/../../../../arm-none-eabi/lib/thumb/v7e-m+fp/hard\libc_nano.a(libc_a-strncpy.o)
                              ./0_DEV/M4_Util4/RingBuffer/ring_buffer.o (strncpy)
C:/ST/STM32CubeIDE_1.15.1/STM32CubeIDE/plugins/com.st.stm32cube.ide.mcu.externaltools.gnu-tools-for-stm32.13.3.rel1.win32_1.0.0.202411081344/tools/bin/../lib/gcc/arm-none-eabi/13.3.1/../../../../arm-none-eabi/lib/thumb/v7e-m+fp/hard\libc_nano.a(libc_a-closer.o)
                              C:/ST/STM32CubeIDE_1.15.1/STM32CubeIDE/plugins/com.st.stm32cube.ide.mcu.externaltools.gnu-tools-for-stm32.13.3.rel1.win32_1.0.0.202411081344/tools/bin/../lib/gcc/arm-none-eabi/13.3.1/../../../../arm-none-eabi/lib/thumb/v7e-m+fp/hard\libc_nano.a(libc_a-stdio.o) (_close_r)
C:/ST/STM32CubeIDE_1.15.1/STM32CubeIDE/plugins/com.st.stm32cube.ide.mcu.externaltools.gnu-tools-for-stm32.13.3.rel1.win32_1.0.0.202411081344/tools/bin/../lib/gcc/arm-none-eabi/13.3.1/../../../../arm-none-eabi/lib/thumb/v7e-m+fp/hard\libc_nano.a(libc_a-reent.o)
                              C:/ST/STM32CubeIDE_1.15.1/STM32CubeIDE/plugins/com.st.stm32cube.ide.mcu.externaltools.gnu-tools-for-stm32.13.3.rel1.win32_1.0.0.202411081344/tools/bin/../lib/gcc/arm-none-eabi/13.3.1/../../../../arm-none-eabi/lib/thumb/v7e-m+fp/hard\libc_nano.a(libc_a-closer.o) (errno)
C:/ST/STM32CubeIDE_1.15.1/STM32CubeIDE/plugins/com.st.stm32cube.ide.mcu.externaltools.gnu-tools-for-stm32.13.3.rel1.win32_1.0.0.202411081344/tools/bin/../lib/gcc/arm-none-eabi/13.3.1/../../../../arm-none-eabi/lib/thumb/v7e-m+fp/hard\libc_nano.a(libc_a-impure.o)
                              C:/ST/STM32CubeIDE_1.15.1/STM32CubeIDE/plugins/com.st.stm32cube.ide.mcu.externaltools.gnu-tools-for-stm32.13.3.rel1.win32_1.0.0.202411081344/tools/bin/../lib/gcc/arm-none-eabi/13.3.1/../../../../arm-none-eabi/lib/thumb/v7e-m+fp/hard\libc_nano.a(libc_a-reent.o) (_impure_ptr)
[...]
Memory Configuration

Name             Origin             Length             Attributes
FLASH            0x08100000         0x00100000         xr
RAM              0x10032000         0x00016000         xrw
*default*        0x00000000         0xffffffff

Linker script and memory map

LOAD C:/ST/STM32CubeIDE_1.15.1/STM32CubeIDE/plugins/com.st.stm32cube.ide.mcu.externaltools.gnu-tools-for-stm32.13.3.rel1.win32_1.0.0.202411081344/tools/bin/../lib/gcc/arm-none-eabi/13.3.1/thumb/v7e-m+fp/hard/crti.o
LOAD C:/ST/STM32CubeIDE_1.15.1/STM32CubeIDE/plugins/com.st.stm32cube.ide.mcu.externaltools.gnu-tools-for-stm32.13.3.rel1.win32_1.0.0.202411081344/tools/bin/../lib/gcc/arm-none-eabi/13.3.1/thumb/v7e-m+fp/hard/crtbegin.o
LOAD C:/ST/STM32CubeIDE_1.15.1/STM32CubeIDE/plugins/com.st.stm32cube.ide.mcu.externaltools.gnu-tools-for-stm32.13.3.rel1.win32_1.0.0.202411081344/tools/bin/../lib/gcc/arm-none-eabi/13.3.1/../../../../arm-none-eabi/lib/thumb/v7e-m+fp/hard/crt0.o
LOAD ./0_DEV/M0_App4/Mgmt4/management4.o
LOAD ./0_DEV/M0_App4/OS4/scheduler.o
LOAD ./0_DEV/M0_App4/Task4/scheduler_tasks.o
LOAD ./0_DEV/M1_Driver4/UART_DMA/uart_dma_driver.o
LOAD ./0_DEV/M1_Driver4/USB_CDC/cdc_driver.o
LOAD ./0_DEV/M4_Util4/RingBuffer/ring_buffer.o
LOAD ./0_DEV/M4_Util4/Tick/tick.o
LOAD ./Common/Src/system_stm32h7xx_dualcore_boot_cm4_cm7.o
LOAD ./Core/Src/main.o
LOAD ./Core/Src/stm32h7xx_hal_msp.o
LOAD ./Core/Src/stm32h7xx_hal_timebase_tim.o
LOAD ./Core/Src/stm32h7xx_it.o
LOAD ./Core/Src/syscalls.o
LOAD ./Core/Src/sysmem.o
LOAD ./Core/Startup/startup_stm32h745zitx.o
LOAD ./Drivers/STM32H7xx_HAL_Driver/stm32h7xx_hal.o
LOAD ./Drivers/STM32H7xx_HAL_Driver/stm32h7xx_hal_cortex.o
LOAD ./Drivers/STM32H7xx_HAL_Driver/stm32h7xx_hal_dma.o
LOAD ./Drivers/STM32H7xx_HAL_Driver/stm32h7xx_hal_dma_ex.o
LOAD ./Drivers/STM32H7xx_HAL_Driver/stm32h7xx_hal_exti.o
LOAD ./Drivers/STM32H7xx_HAL_Driver/stm32h7xx_hal_flash.o
LOAD ./Drivers/STM32H7xx_HAL_Driver/stm32h7xx_hal_flash_ex.o
LOAD ./Drivers/STM32H7xx_HAL_Driver/stm32h7xx_hal_gpio.o
LOAD ./Drivers/STM32H7xx_HAL_Driver/stm32h7xx_hal_hsem.o
LOAD ./Drivers/STM32H7xx_HAL_Driver/stm32h7xx_hal_i2c.o
LOAD ./Drivers/STM32H7xx_HAL_Driver/stm32h7xx_hal_i2c_ex.o
LOAD ./Drivers/STM32H7xx_HAL_Driver/stm32h7xx_hal_mdma.o
LOAD ./Drivers/STM32H7xx_HAL_Driver/stm32h7xx_hal_mmc.o
LOAD ./Drivers/STM32H7xx_HAL_Driver/stm32h7xx_hal_mmc_ex.o
LOAD ./Drivers/STM32H7xx_HAL_Driver/stm32h7xx_hal_pcd.o
LOAD ./Drivers/STM32H7xx_HAL_Driver/stm32h7xx_hal_pcd_ex.o
LOAD ./Drivers/STM32H7xx_HAL_Driver/stm32h7xx_hal_pwr.o
LOAD ./Drivers/STM32H7xx_HAL_Driver/stm32h7xx_hal_pwr_ex.o
LOAD ./Drivers/STM32H7xx_HAL_Driver/stm32h7xx_hal_rcc.o
LOAD ./Drivers/STM32H7xx_HAL_Driver/stm32h7xx_hal_rcc_ex.o
LOAD ./Drivers/STM32H7xx_HAL_Driver/stm32h7xx_hal_sd.o
LOAD ./Drivers/STM32H7xx_HAL_Driver/stm32h7xx_hal_sd_ex.o
LOAD ./Drivers/STM32H7xx_HAL_Driver/stm32h7xx_hal_tim.o
LOAD ./Drivers/STM32H7xx_HAL_Driver/stm32h7xx_hal_tim_ex.o
LOAD ./Drivers/STM32H7xx_HAL_Driver/stm32h7xx_ll_delayblock.o
LOAD ./Drivers/STM32H7xx_HAL_Driver/stm32h7xx_ll_dma.o
LOAD ./Drivers/STM32H7xx_HAL_Driver/stm32h7xx_ll_exti.o
LOAD ./Drivers/STM32H7xx_HAL_Driver/stm32h7xx_ll_gpio.o
LOAD ./Drivers/STM32H7xx_HAL_Driver/stm32h7xx_ll_rcc.o
LOAD ./Drivers/STM32H7xx_HAL_Driver/stm32h7xx_ll_sdmmc.o
LOAD ./Drivers/STM32H7xx_HAL_Driver/stm32h7xx_ll_tim.o
LOAD ./Drivers/STM32H7xx_HAL_Driver/stm32h7xx_ll_usart.o
LOAD ./Drivers/STM32H7xx_HAL_Driver/stm32h7xx_ll_usb.o
LOAD ./Drivers/STM32H7xx_HAL_Driver/stm32h7xx_ll_utils.o
LOAD ./Middlewares/ST/STM32_USB_Device_Library/usbd_cdc.o
LOAD ./Middlewares/ST/STM32_USB_Device_Library/usbd_core.o
LOAD ./Middlewares/ST/STM32_USB_Device_Library/usbd_ctlreq.o
LOAD ./Middlewares/ST/STM32_USB_Device_Library/usbd_ioreq.o
LOAD ./USB_DEVICE/App/usb_device.o
LOAD ./USB_DEVICE/App/usbd_cdc_if.o
LOAD ./USB_DEVICE/App/usbd_desc.o
LOAD ./USB_DEVICE/Target/usbd_conf.o
START GROUP
LOAD C:/ST/STM32CubeIDE_1.15.1/STM32CubeIDE/plugins/com.st.stm32cube.ide.mcu.externaltools.gnu-tools-for-stm32.13.3.rel1.win32_1.0.0.202411081344/tools/bin/../lib/gcc/arm-none-eabi/13.3.1/../../../../arm-none-eabi/lib/thumb/v7e-m+fp/hard\libc_nano.a
LOAD C:/ST/STM32CubeIDE_1.15.1/STM32CubeIDE/plugins/com.st.stm32cube.ide.mcu.externaltools.gnu-tools-for-stm32.13.3.rel1.win32_1.0.0.202411081344/tools/bin/../lib/gcc/arm-none-eabi/13.3.1/../../../../arm-none-eabi/lib/thumb/v7e-m+fp/hard\libm.a
END GROUP
START GROUP
LOAD C:/ST/STM32CubeIDE_1.15.1/STM32CubeIDE/plugins/com.st.stm32cube.ide.mcu.externaltools.gnu-tools-for-stm32.13.3.rel1.win32_1.0.0.202411081344/tools/bin/../lib/gcc/arm-none-eabi/13.3.1/thumb/v7e-m+fp/hard\libgcc.a
LOAD C:/ST/STM32CubeIDE_1.15.1/STM32CubeIDE/plugins/com.st.stm32cube.ide.mcu.externaltools.gnu-tools-for-stm32.13.3.rel1.win32_1.0.0.202411081344/tools/bin/../lib/gcc/arm-none-eabi/13.3.1/../../../../arm-none-eabi/lib/thumb/v7e-m+fp/hard\libc_nano.a
END GROUP
START GROUP
LOAD C:/ST/STM32CubeIDE_1.15.1/STM32CubeIDE/plugins/com.st.stm32cube.ide.mcu.externaltools.gnu-tools-for-stm32.13.3.rel1.win32_1.0.0.202411081344/tools/bin/../lib/gcc/arm-none-eabi/13.3.1/thumb/v7e-m+fp/hard\libgcc.a
LOAD C:/ST/STM32CubeIDE_1.15.1/STM32CubeIDE/plugins/com.st.stm32cube.ide.mcu.externaltools.gnu-tools-for-stm32.13.3.rel1.win32_1.0.0.202411081344/tools/bin/../lib/gcc/arm-none-eabi/13.3.1/../../../../arm-none-eabi/lib/thumb/v7e-m+fp/hard\libc_nano.a
LOAD C:/ST/STM32CubeIDE_1.15.1/STM32CubeIDE/plugins/com.st.stm32cube.ide.mcu.externaltools.gnu-tools-for-stm32.13.3.rel1.win32_1.0.0.202411081344/tools/bin/../lib/gcc/arm-none-eabi/13.3.1/../../../../arm-none-eabi/lib/thumb/v7e-m+fp/hard\libnosys.a
END GROUP
START GROUP
LOAD C:/ST/STM32CubeIDE_1.15.1/STM32CubeIDE/plugins/com.st.stm32cube.ide.mcu.externaltools.gnu-tools-for-stm32.13.3.rel1.win32_1.0.0.202411081344/tools/bin/../lib/gcc/arm-none-eabi/13.3.1/thumb/v7e-m+fp/hard\libgcc.a
LOAD C:/ST/STM32CubeIDE_1.15.1/STM32CubeIDE/plugins/com.st.stm32cube.ide.mcu.externaltools.gnu-tools-for-stm32.13.3.rel1.win32_1.0.0.202411081344/tools/bin/../lib/gcc/arm-none-eabi/13.3.1/../../../../arm-none-eabi/lib/thumb/v7e-m+fp/hard\libc_nano.a
LOAD C:/ST/STM32CubeIDE_1.15.1/STM32CubeIDE/plugins/com.st.stm32cube.ide.mcu.externaltools.gnu-tools-for-stm32.13.3.rel1.win32_1.0.0.202411081344/tools/bin/../lib/gcc/arm-none-eabi/13.3.1/../../../../arm-none-eabi/lib/thumb/v7e-m+fp/hard\libnosys.a
END GROUP
LOAD C:/ST/STM32CubeIDE_1.15.1/STM32CubeIDE/plugins/com.st.stm32cube.ide.mcu.externaltools.gnu-tools-for-stm32.13.3.rel1.win32_1.0.0.202411081344/tools/bin/../lib/gcc/arm-none-eabi/13.3.1/thumb/v7e-m+fp/hard/crtend.o
LOAD C:/ST/STM32CubeIDE_1.15.1/STM32CubeIDE/plugins/com.st.stm32cube.ide.mcu.externaltools.gnu-tools-for-stm32.13.3.rel1.win32_1.0.0.202411081344/tools/bin/../lib/gcc/arm-none-eabi/13.3.1/thumb/v7e-m+fp/hard/crtn.o
                0x10048000                        _estack = (ORIGIN (RAM) + LENGTH (RAM))
                0x00000200                        _Min_Heap_Size = 0x200
                0x00000800                        _Min_Stack_Size = 0x800

.isr_vector     0x08100000      0x298
                0x08100000                        . = ALIGN (0x4)
 *(.isr_vector)
 .isr_vector    0x08100000      0x298 ./Core/Startup/startup_stm32h745zitx.o
                0x08100000                g_pfnVectors
                0x08100298                        . = ALIGN (0x4)

.text           0x08100298     0xe91c
                0x08100298                        . = ALIGN (0x4)
 *(.text)
 .text          0x08100298       0x40 C:/ST/STM32CubeIDE_1.15.1/STM32CubeIDE/plugins/com.st.stm32cube.ide.mcu.externaltools.gnu-tools-for-stm32.13.3.rel1.win32_1.0.0.202411081344/tools/bin/../lib/gcc/arm-none-eabi/13.3.1/thumb/v7e-m+fp/hard/crtbegin.o
 *(.text*)
 .text.Mgmt_HardwareSystemPreparing
                0x081002d8       0x10 ./0_DEV/M0_App4/Mgmt4/management4.o
                0x081002d8                Mgmt_HardwareSystemPreparing
 .text.Mgmt_SystemStart
                0x081002e8       0x16 ./0_DEV/M0_App4/Mgmt4/management4.o
                0x081002e8                Mgmt_SystemStart
 *fill*         0x081002fe        0x2 
 .text.SCH_Initialize
                0x08100300       0x90 ./0_DEV/M0_App4/OS4/scheduler.o
                0x08100300                SCH_Initialize
 .text.SCH_TASK_CreateTask
                0x08100390       0x88 ./0_DEV/M0_App4/OS4/scheduler.o
                0x08100390                SCH_TASK_CreateTask
 .text.SCH_RunSystemTickTimer
                0x08100418      0x17c ./0_DEV/M0_App4/OS4/scheduler.o
                0x08100418                SCH_RunSystemTickTimer
 .text.SCH_StartScheduler
                0x08100594       0x18 ./0_DEV/M0_App4/OS4/scheduler.o
                0x08100594                SCH_StartScheduler
 .text.SCH_HandleScheduledTask
                0x081005ac      0x190 ./0_DEV/M0_App4/OS4/scheduler.o
                0x081005ac                SCH_HandleScheduledTask
 .text.LL_GPIO_SetOutputPin
                0x0810073c       0x1c ./0_DEV/M0_App4/Task4/scheduler_tasks.o
 .text.LL_GPIO_ResetOutputPin
                0x08100758       0x1e ./0_DEV/M0_App4/Task4/scheduler_tasks.o
 *fill*         0x08100776        0x2 
 .text.SharedREG_Write
                0x08100778       0x54 ./0_DEV/M0_App4/Task4/scheduler_tasks.o
                0x08100778                SharedREG_Write
 .text.BlinkLed1_Task
                0x081007cc       0x3c ./0_DEV/M0_App4/Task4/scheduler_tasks.o
 .text.BlinkLed2_Task
                0x08100808        0xe ./0_DEV/M0_App4/Task4/scheduler_tasks.o
 *fill*         0x08100816        0x2 
 .text.CDC_RxPoll_Task
                0x08100818       0x40 ./0_DEV/M0_App4/Task4/scheduler_tasks.o
 .text.CDC_TxPoll_Task
                0x08100858       0x72 ./0_DEV/M0_App4/Task4/scheduler_tasks.o
 *fill*         0x081008ca        0x2 
 .text.USB_Check_Task
                0x081008cc       0x54 ./0_DEV/M0_App4/Task4/scheduler_tasks.o
 .text.UART_Port_RxPoll_Task
                0x08100920       0x3c ./0_DEV/M0_App4/Task4/scheduler_tasks.o
 .text.SchedulerTasks_Create
                0x0810095c       0x78 ./0_DEV/M0_App4/Task4/scheduler_tasks.o
                0x0810095c                SchedulerTasks_Create
 .text.LL_USART_Enable
                0x081009d4       0x20 ./0_DEV/M1_Driver4/UART_DMA/uart_dma_driver.o
 .text.LL_USART_Disable
                0x081009f4       0x20 ./0_DEV/M1_Driver4/UART_DMA/uart_dma_driver.o
 .text.LL_USART_IsActiveFlag_TXE_TXFNF
                0x08100a14       0x26 ./0_DEV/M1_Driver4/UART_DMA/uart_dma_driver.o
 .text.LL_USART_EnableIT_IDLE
                0x08100a3a       0x42 ./0_DEV/M1_Driver4/UART_DMA/uart_dma_driver.o
 .text.LL_USART_EnableIT_TXE_TXFNF
                0x08100a7c       0x42 ./0_DEV/M1_Driver4/UART_DMA/uart_dma_driver.o
 .text.LL_USART_DisableIT_TXE_TXFNF
                0x08100abe       0x42 ./0_DEV/M1_Driver4/UART_DMA/uart_dma_driver.o
 .text.LL_USART_IsEnabledIT_TXE_TXFNF
                0x08100b00       0x26 ./0_DEV/M1_Driver4/UART_DMA/uart_dma_driver.o
 .text.LL_USART_EnableDMAReq_RX
                0x08100b26       0x46 ./0_DEV/M1_Driver4/UART_DMA/uart_dma_driver.o
 .text.LL_USART_DMA_GetRegAddr
                0x08100b6c       0x2c ./0_DEV/M1_Driver4/UART_DMA/uart_dma_driver.o
 .text.LL_USART_TransmitData8
                0x08100b98       0x1e ./0_DEV/M1_Driver4/UART_DMA/uart_dma_driver.o
 *fill*         0x08100bb6        0x2 
 .text.LL_DMA_EnableStream
                0x08100bb8       0x44 ./0_DEV/M1_Driver4/UART_DMA/uart_dma_driver.o
 .text.LL_DMA_DisableStream
                0x08100bfc       0x44 ./0_DEV/M1_Driver4/UART_DMA/uart_dma_driver.o
 .text.LL_DMA_SetDataLength
                0x08100c40       0x4c ./0_DEV/M1_Driver4/UART_DMA/uart_dma_driver.o
 .text.LL_DMA_GetDataLength
                0x08100c8c       0x30 ./0_DEV/M1_Driver4/UART_DMA/uart_dma_driver.o
 .text.LL_DMA_SetMemoryAddress
                0x08100cbc       0x34 ./0_DEV/M1_Driver4/UART_DMA/uart_dma_driver.o
 .text.LL_DMA_SetPeriphAddress
                0x08100cf0       0x34 ./0_DEV/M1_Driver4/UART_DMA/uart_dma_driver.o
 .text.LL_DMA_EnableIT_HT
                0x08100d24       0x44 ./0_DEV/M1_Driver4/UART_DMA/uart_dma_driver.o
 .text.LL_DMA_EnableIT_TE
                0x08100d68       0x44 ./0_DEV/M1_Driver4/UART_DMA/uart_dma_driver.o
 .text.LL_DMA_EnableIT_TC
                0x08100dac       0x44 ./0_DEV/M1_Driver4/UART_DMA/uart_dma_driver.o
 .text.UART_DMA_Driver_Init
                0x08100df0      0x15c ./0_DEV/M1_Driver4/UART_DMA/uart_dma_driver.o
                0x08100df0                UART_DMA_Driver_Init
 .text.UART_DMA_Driver_Get
                0x08100f4c       0x54 ./0_DEV/M1_Driver4/UART_DMA/uart_dma_driver.o
                0x08100f4c                UART_DMA_Driver_Get
 .text.UART_Driver_Write
                0x08100fa0       0x6c ./0_DEV/M1_Driver4/UART_DMA/uart_dma_driver.o
                0x08100fa0                UART_Driver_Write
 .text.UART_Driver_TX_ISR
                0x0810100c       0x60 ./0_DEV/M1_Driver4/UART_DMA/uart_dma_driver.o
                0x0810100c                UART_Driver_TX_ISR
 .text.UART_DMA_Rx_Check
                0x0810106c       0xf2 ./0_DEV/M1_Driver4/UART_DMA/uart_dma_driver.o
                0x0810106c                UART_DMA_Rx_Check
 .text.UART_DMA_Driver_Read
                0x0810115e       0x42 ./0_DEV/M1_Driver4/UART_DMA/uart_dma_driver.o
                0x0810115e                UART_DMA_Driver_Read
 .text.UART_DMA_Driver_IsDataAvailable
                0x081011a0       0x2e ./0_DEV/M1_Driver4/UART_DMA/uart_dma_driver.o
                0x081011a0                UART_DMA_Driver_IsDataAvailable
 *fill*         0x081011ce        0x2 
 .text.CDC_RingBuffer_Init
                0x081011d0       0x48 ./0_DEV/M1_Driver4/USB_CDC/cdc_driver.o
                0x081011d0                CDC_RingBuffer_Init
 .text.CDC_TX_RingBuffer_Put
                0x08101218       0x24 ./0_DEV/M1_Driver4/USB_CDC/cdc_driver.o
 .text.CDC_RX_RingBuffer_Put
                0x0810123c       0x24 ./0_DEV/M1_Driver4/USB_CDC/cdc_driver.o
 .text.CDC_TX_RingBuffer_PutBuffer
                0x08101260       0x46 ./0_DEV/M1_Driver4/USB_CDC/cdc_driver.o
                0x08101260                CDC_TX_RingBuffer_PutBuffer
 .text.CDC_RX_RingBuffer_PutBuffer
                0x081012a6       0x46 ./0_DEV/M1_Driver4/USB_CDC/cdc_driver.o
                0x081012a6                CDC_RX_RingBuffer_PutBuffer
 .text.CDC_TX_RingBuffer_Get
                0x081012ec       0x20 ./0_DEV/M1_Driver4/USB_CDC/cdc_driver.o
                0x081012ec                CDC_TX_RingBuffer_Get
 .text.CDC_RX_RingBuffer_Get
                0x0810130c       0x20 ./0_DEV/M1_Driver4/USB_CDC/cdc_driver.o
                0x0810130c                CDC_RX_RingBuffer_Get
 .text.CDC_ISR_RxNotify
                0x0810132c       0x18 ./0_DEV/M1_Driver4/USB_CDC/cdc_driver.o
                0x0810132c                CDC_ISR_RxNotify
 .text.USB_Check_Notify
                0x08101344       0x18 ./0_DEV/M1_Driver4/USB_CDC/cdc_driver.o
                0x08101344                USB_Check_Notify
 .text.CDC_getRxReady
                0x0810135c       0x18 ./0_DEV/M1_Driver4/USB_CDC/cdc_driver.o
                0x0810135c                CDC_getRxReady
 .text.CDC_setRxReady
                0x08101374       0x20 ./0_DEV/M1_Driver4/USB_CDC/cdc_driver.o
                0x08101374                CDC_setRxReady
 .text.USB_checkUSB
                0x08101394       0x18 ./0_DEV/M1_Driver4/USB_CDC/cdc_driver.o
                0x08101394                USB_checkUSB
 .text.USB_setCheckFlag
                0x081013ac       0x20 ./0_DEV/M1_Driver4/USB_CDC/cdc_driver.o
                0x081013ac                USB_setCheckFlag
 .text.CDC_SendString
                0x081013cc       0x3a ./0_DEV/M1_Driver4/USB_CDC/cdc_driver.o
                0x081013cc                CDC_SendString
 .text.CDC_SendChar
                0x08101406       0x1c ./0_DEV/M1_Driver4/USB_CDC/cdc_driver.o
                0x08101406                CDC_SendChar
 .text.RingBuffer_Create
                0x08101422       0x66 ./0_DEV/M4_Util4/RingBuffer/ring_buffer.o
                0x08101422                RingBuffer_Create
 .text.RingBuffer_Put
                0x08101488       0x8c ./0_DEV/M4_Util4/RingBuffer/ring_buffer.o
                0x08101488                RingBuffer_Put
 .text.RingBuffer_Get
                0x08101514       0x82 ./0_DEV/M4_Util4/RingBuffer/ring_buffer.o
                0x08101514                RingBuffer_Get
 .text.RingBuffer_IsDataAvailable
                0x08101596       0x4a ./0_DEV/M4_Util4/RingBuffer/ring_buffer.o
                0x08101596                RingBuffer_IsDataAvailable
 .text.LL_TIM_ClearFlag_UPDATE
                0x081015e0       0x1c ./0_DEV/M4_Util4/Tick/tick.o
 .text.LL_TIM_IsActiveFlag_UPDATE
                0x081015fc       0x26 ./0_DEV/M4_Util4/Tick/tick.o
 *fill*         0x08101622        0x2 
 .text.TickTimer_IRQHandler
                0x08101624       0x2c ./0_DEV/M4_Util4/Tick/tick.o
                0x08101624                TickTimer_IRQHandler
 .text.SystemInit
                0x08101650       0x30 ./Common/Src/system_stm32h7xx_dualcore_boot_cm4_cm7.o
                0x08101650                SystemInit
 .text.ExitRun0Mode
                0x08101680       0x34 ./Common/Src/system_stm32h7xx_dualcore_boot_cm4_cm7.o
                0x08101680                ExitRun0Mode
 .text.__NVIC_GetPriorityGrouping
                0x081016b4       0x1c ./Core/Src/main.o
 .text.__NVIC_EnableIRQ
                0x081016d0       0x3c ./Core/Src/main.o
 .text.__NVIC_SetPriority
                0x0810170c       0x54 ./Core/Src/main.o
 .text.NVIC_EncodePriority
                0x08101760       0x66 ./Core/Src/main.o
 .text.LL_TIM_EnableCounter
                0x081017c6       0x20 ./Core/Src/main.o
 .text.LL_TIM_EnableUpdateEvent
                0x081017e6       0x20 ./Core/Src/main.o
 .text.LL_TIM_EnableARRPreload
                0x08101806       0x20 ./Core/Src/main.o
 .text.LL_TIM_SetClockSource
                0x08101826       0x2a ./Core/Src/main.o
 .text.LL_TIM_SetTriggerOutput
                0x08101850       0x26 ./Core/Src/main.o
 .text.LL_TIM_DisableMasterSlaveMode
                0x08101876       0x20 ./Core/Src/main.o
 .text.LL_TIM_EnableIT_UPDATE
                0x08101896       0x20 ./Core/Src/main.o
 .text.LL_USART_Enable
                0x081018b6       0x20 ./Core/Src/main.o
 .text.LL_USART_DisableFIFO
                0x081018d6       0x20 ./Core/Src/main.o
 .text.LL_USART_SetTXFIFOThreshold
                0x081018f6       0x4e ./Core/Src/main.o
 .text.LL_USART_SetRXFIFOThreshold
                0x08101944       0x4e ./Core/Src/main.o
 .text.LL_USART_ConfigAsyncMode
                0x08101992       0x2c ./Core/Src/main.o
 .text.LL_USART_IsActiveFlag_TEACK
                0x081019be       0x28 ./Core/Src/main.o
 .text.LL_USART_IsActiveFlag_REACK
                0x081019e6       0x28 ./Core/Src/main.o
 .text.LL_GPIO_ResetOutputPin
                0x08101a0e       0x1e ./Core/Src/main.o
 .text.LL_AHB4_GRP1_EnableClock
                0x08101a2c       0x38 ./Core/Src/main.o
 .text.LL_APB1_GRP1_EnableClock
                0x08101a64       0x38 ./Core/Src/main.o
 .text.LL_APB2_GRP1_EnableClock
                0x08101a9c       0x38 ./Core/Src/main.o
 .text.LL_DMA_SetDataTransferDirection
                0x08101ad4       0x4c ./Core/Src/main.o
 .text.LL_DMA_SetMode
                0x08101b20       0x4c ./Core/Src/main.o
 .text.LL_DMA_SetPeriphIncMode
                0x08101b6c       0x4c ./Core/Src/main.o
 .text.LL_DMA_SetMemoryIncMode
                0x08101bb8       0x4c ./Core/Src/main.o
 .text.LL_DMA_SetPeriphSize
                0x08101c04       0x4c ./Core/Src/main.o
 .text.LL_DMA_SetMemorySize
                0x08101c50       0x4c ./Core/Src/main.o
 .text.LL_DMA_SetStreamPriorityLevel
                0x08101c9c       0x4c ./Core/Src/main.o
 .text.LL_DMA_SetPeriphRequest
                0x08101ce8       0x64 ./Core/Src/main.o
 .text.LL_DMA_DisableFifoMode
                0x08101d4c       0x44 ./Core/Src/main.o
 .text.main     0x08101d90       0xa4 ./Core/Src/main.o
                0x08101d90                main
 .text.MX_SDMMC2_MMC_Init
                0x08101e34       0x48 ./Core/Src/main.o
 .text.MX_TIM2_Init
                0x08101e7c       0x9c ./Core/Src/main.o
 .text.MX_USART6_UART_Init
                0x08101f18      0x1a0 ./Core/Src/main.o
 .text.MX_BDMA_Init
                0x081020b8       0x34 ./Core/Src/main.o
 .text.MX_DMA_Init
                0x081020ec       0x70 ./Core/Src/main.o
 .text.MX_MDMA_Init
                0x0810215c       0x34 ./Core/Src/main.o
 .text.MX_GPIO_Init
                0x08102190       0x6c ./Core/Src/main.o
 .text.HAL_TIM_PeriodElapsedCallback
                0x081021fc       0x24 ./Core/Src/main.o
                0x081021fc                HAL_TIM_PeriodElapsedCallback
 .text.Error_Handler
                0x08102220        0xc ./Core/Src/main.o
                0x08102220                Error_Handler
 .text.HAL_MspInit
                0x0810222c       0x34 ./Core/Src/stm32h7xx_hal_msp.o
                0x0810222c                HAL_MspInit
 .text.HAL_MMC_MspInit
                0x08102260      0x1c8 ./Core/Src/stm32h7xx_hal_msp.o
                0x08102260                HAL_MMC_MspInit
 .text.HAL_InitTick
                0x08102428       0xd8 ./Core/Src/stm32h7xx_hal_timebase_tim.o
                0x08102428                HAL_InitTick
 .text.LL_USART_IsActiveFlag_IDLE
                0x08102500       0x26 ./Core/Src/stm32h7xx_it.o
 .text.LL_USART_ClearFlag_IDLE
                0x08102526       0x1a ./Core/Src/stm32h7xx_it.o
 .text.LL_USART_IsEnabledIT_IDLE
                0x08102540       0x26 ./Core/Src/stm32h7xx_it.o
 *fill*         0x08102566        0x2 
 .text.LL_DMA_EnableStream
                0x08102568       0x44 ./Core/Src/stm32h7xx_it.o
 .text.LL_DMA_IsActiveFlag_HT0
                0x081025ac       0x26 ./Core/Src/stm32h7xx_it.o
 .text.LL_DMA_IsActiveFlag_TC0
                0x081025d2       0x26 ./Core/Src/stm32h7xx_it.o
 .text.LL_DMA_IsActiveFlag_TE0
                0x081025f8       0x26 ./Core/Src/stm32h7xx_it.o
 .text.LL_DMA_ClearFlag_HT0
                0x0810261e       0x1a ./Core/Src/stm32h7xx_it.o
 .text.LL_DMA_ClearFlag_TC0
                0x08102638       0x1a ./Core/Src/stm32h7xx_it.o
 .text.LL_DMA_ClearFlag_TE0
                0x08102652       0x1a ./Core/Src/stm32h7xx_it.o
 .text.LL_DMA_IsEnabledIT_HT
                0x0810266c       0x3c ./Core/Src/stm32h7xx_it.o
 .text.LL_DMA_IsEnabledIT_TE
                0x081026a8       0x3c ./Core/Src/stm32h7xx_it.o
 .text.LL_DMA_IsEnabledIT_TC
                0x081026e4       0x3c ./Core/Src/stm32h7xx_it.o
 .text.NMI_Handler
                0x08102720        0x8 ./Core/Src/stm32h7xx_it.o
                0x08102720                NMI_Handler
 .text.HardFault_Handler
                0x08102728        0x8 ./Core/Src/stm32h7xx_it.o
                0x08102728                HardFault_Handler
 .text.MemManage_Handler
                0x08102730        0x8 ./Core/Src/stm32h7xx_it.o
                0x08102730                MemManage_Handler
 .text.BusFault_Handler
                0x08102738        0x8 ./Core/Src/stm32h7xx_it.o
                0x08102738                BusFault_Handler
 .text.UsageFault_Handler
                0x08102740        0x8 ./Core/Src/stm32h7xx_it.o
                0x08102740                UsageFault_Handler
 .text.SVC_Handler
                0x08102748        0xe ./Core/Src/stm32h7xx_it.o
                0x08102748                SVC_Handler
 .text.DebugMon_Handler
                0x08102756        0xe ./Core/Src/stm32h7xx_it.o
                0x08102756                DebugMon_Handler
 .text.PendSV_Handler
                0x08102764        0xe ./Core/Src/stm32h7xx_it.o
                0x08102764                PendSV_Handler
 .text.SysTick_Handler
                0x08102772        0xe ./Core/Src/stm32h7xx_it.o
                0x08102772                SysTick_Handler
 .text.TIM2_IRQHandler
                0x08102780       0x10 ./Core/Src/stm32h7xx_it.o
                0x08102780                TIM2_IRQHandler
 .text.TIM4_IRQHandler
                0x08102790       0x14 ./Core/Src/stm32h7xx_it.o
                0x08102790                TIM4_IRQHandler
 .text.DMA2_Stream0_IRQHandler
                0x081027a4       0x84 ./Core/Src/stm32h7xx_it.o
                0x081027a4                DMA2_Stream0_IRQHandler
 .text.USART6_IRQHandler
                0x08102828       0x38 ./Core/Src/stm32h7xx_it.o
                0x08102828                USART6_IRQHandler
 .text.OTG_FS_IRQHandler
                0x08102860       0x14 ./Core/Src/stm32h7xx_it.o
                0x08102860                OTG_FS_IRQHandler
 .text.SDMMC2_IRQHandler
                0x08102874       0x14 ./Core/Src/stm32h7xx_it.o
                0x08102874                SDMMC2_IRQHandler
 .text.Reset_Handler
                0x08102888       0x54 ./Core/Startup/startup_stm32h745zitx.o
                0x08102888                Reset_Handler
 .text.Default_Handler
                0x081028dc        0x2 ./Core/Startup/startup_stm32h745zitx.o
                0x081028dc                RTC_Alarm_IRQHandler
                0x081028dc                EXTI2_IRQHandler
                0x081028dc                TIM8_CC_IRQHandler
                0x081028dc                HRTIM1_Master_IRQHandler
                0x081028dc                UART8_IRQHandler
                0x081028dc                SPI4_IRQHandler
                0x081028dc                TIM1_CC_IRQHandler
                0x081028dc                BDMA_Channel6_IRQHandler
                0x081028dc                DMA2_Stream5_IRQHandler
                0x081028dc                HRTIM1_FLT_IRQHandler
                0x081028dc                JPEG_IRQHandler
                0x081028dc                DMA1_Stream5_IRQHandler
                0x081028dc                BDMA_Channel1_IRQHandler
                0x081028dc                HRTIM1_TIMD_IRQHandler
                0x081028dc                TAMP_STAMP_IRQHandler
                0x081028dc                EXTI3_IRQHandler
                0x081028dc                LPTIM4_IRQHandler
                0x081028dc                TIM8_TRG_COM_TIM14_IRQHandler
                0x081028dc                LPTIM2_IRQHandler
                0x081028dc                DFSDM1_FLT1_IRQHandler
                0x081028dc                DMAMUX2_OVR_IRQHandler
                0x081028dc                TIM8_UP_TIM13_IRQHandler
                0x081028dc                I2C3_ER_IRQHandler
                0x081028dc                DFSDM1_FLT2_IRQHandler
                0x081028dc                MDMA_IRQHandler
                0x081028dc                LPTIM3_IRQHandler
                0x081028dc                HSEM1_IRQHandler
                0x081028dc                EXTI0_IRQHandler
                0x081028dc                I2C2_EV_IRQHandler
                0x081028dc                DMA1_Stream2_IRQHandler
                0x081028dc                FPU_IRQHandler
                0x081028dc                OTG_HS_WKUP_IRQHandler
                0x081028dc                FDCAN1_IT1_IRQHandler
                0x081028dc                LTDC_ER_IRQHandler
                0x081028dc                DMA2_Stream2_IRQHandler
                0x081028dc                HRTIM1_TIME_IRQHandler
                0x081028dc                SPI1_IRQHandler
                0x081028dc                TIM6_DAC_IRQHandler
                0x081028dc                DCMI_IRQHandler
                0x081028dc                HRTIM1_TIMC_IRQHandler
                0x081028dc                DMA2_Stream3_IRQHandler
                0x081028dc                SAI2_IRQHandler
                0x081028dc                DFSDM1_FLT3_IRQHandler
                0x081028dc                TIM17_IRQHandler
                0x081028dc                USART3_IRQHandler
                0x081028dc                BDMA_Channel7_IRQHandler
                0x081028dc                LPTIM5_IRQHandler
                0x081028dc                UART5_IRQHandler
                0x081028dc                ADC3_IRQHandler
                0x081028dc                BDMA_Channel2_IRQHandler
                0x081028dc                QUADSPI_IRQHandler
                0x081028dc                I2C1_EV_IRQHandler
                0x081028dc                DMA1_Stream6_IRQHandler
                0x081028dc                DMAMUX1_OVR_IRQHandler
                0x081028dc                DMA1_Stream1_IRQHandler
                0x081028dc                TIM16_IRQHandler
                0x081028dc                UART4_IRQHandler
                0x081028dc                BDMA_Channel5_IRQHandler
                0x081028dc                TIM3_IRQHandler
                0x081028dc                RCC_IRQHandler
                0x081028dc                TIM8_BRK_TIM12_IRQHandler
                0x081028dc                TIM1_TRG_COM_IRQHandler
                0x081028dc                Default_Handler
                0x081028dc                ECC_IRQHandler
                0x081028dc                CEC_IRQHandler
                0x081028dc                EXTI15_10_IRQHandler
                0x081028dc                BDMA_Channel0_IRQHandler
                0x081028dc                ADC_IRQHandler
                0x081028dc                DMA1_Stream7_IRQHandler
                0x081028dc                HRTIM1_TIMA_IRQHandler
                0x081028dc                SPI5_IRQHandler
                0x081028dc                TIM7_IRQHandler
                0x081028dc                SDMMC1_IRQHandler
                0x081028dc                TIM5_IRQHandler
                0x081028dc                DMA2_Stream7_IRQHandler
                0x081028dc                TIM15_IRQHandler
                0x081028dc                PVD_AVD_IRQHandler
                0x081028dc                I2C3_EV_IRQHandler
                0x081028dc                EXTI9_5_IRQHandler
                0x081028dc                RTC_WKUP_IRQHandler
                0x081028dc                LTDC_IRQHandler
                0x081028dc                SAI3_IRQHandler
                0x081028dc                ETH_WKUP_IRQHandler
                0x081028dc                SPDIF_RX_IRQHandler
                0x081028dc                SPI2_IRQHandler
                0x081028dc                OTG_HS_EP1_IN_IRQHandler
                0x081028dc                DMA1_Stream0_IRQHandler
                0x081028dc                CRS_IRQHandler
                0x081028dc                CM7_SEV_IRQHandler
                0x081028dc                EXTI4_IRQHandler
                0x081028dc                RNG_IRQHandler
                0x081028dc                CM4_SEV_IRQHandler
                0x081028dc                HRTIM1_TIMB_IRQHandler
                0x081028dc                FDCAN2_IT1_IRQHandler
                0x081028dc                ETH_IRQHandler
                0x081028dc                TIM1_UP_IRQHandler
                0x081028dc                WWDG_RST_IRQHandler
                0x081028dc                BDMA_Channel4_IRQHandler
                0x081028dc                OTG_HS_EP1_OUT_IRQHandler
                0x081028dc                WWDG_IRQHandler
                0x081028dc                SPI6_IRQHandler
                0x081028dc                MDIOS_IRQHandler
                0x081028dc                I2C4_EV_IRQHandler
                0x081028dc                FDCAN2_IT0_IRQHandler
                0x081028dc                LPUART1_IRQHandler
                0x081028dc                FDCAN1_IT0_IRQHandler
                0x081028dc                OTG_FS_WKUP_IRQHandler
                0x081028dc                OTG_HS_IRQHandler
                0x081028dc                HSEM2_IRQHandler
                0x081028dc                DMA2D_IRQHandler
                0x081028dc                TIM1_BRK_IRQHandler
                0x081028dc                EXTI1_IRQHandler
                0x081028dc                OTG_FS_EP1_OUT_IRQHandler
                0x081028dc                BDMA_Channel3_IRQHandler
                0x081028dc                HOLD_CORE_IRQHandler
                0x081028dc                UART7_IRQHandler
                0x081028dc                MDIOS_WKUP_IRQHandler
                0x081028dc                USART2_IRQHandler
                0x081028dc                DFSDM1_FLT0_IRQHandler
                0x081028dc                SAI4_IRQHandler
                0x081028dc                I2C2_ER_IRQHandler
                0x081028dc                DMA2_Stream1_IRQHandler
                0x081028dc                FLASH_IRQHandler
                0x081028dc                DMA2_Stream4_IRQHandler
                0x081028dc                USART1_IRQHandler
                0x081028dc                SPI3_IRQHandler
                0x081028dc                WAKEUP_PIN_IRQHandler
                0x081028dc                DMA1_Stream4_IRQHandler
                0x081028dc                OTG_FS_EP1_IN_IRQHandler
                0x081028dc                I2C1_ER_IRQHandler
                0x081028dc                FMC_IRQHandler
                0x081028dc                FDCAN_CAL_IRQHandler
                0x081028dc                SWPMI1_IRQHandler
                0x081028dc                COMP1_IRQHandler
                0x081028dc                LPTIM1_IRQHandler
                0x081028dc                I2C4_ER_IRQHandler
                0x081028dc                DMA2_Stream6_IRQHandler
                0x081028dc                SAI1_IRQHandler
                0x081028dc                DMA1_Stream3_IRQHandler
 *fill*         0x081028de        0x2 
 .text.HAL_Init
                0x081028e0       0xbc ./Drivers/STM32H7xx_HAL_Driver/stm32h7xx_hal.o
                0x081028e0                HAL_Init
 .text.HAL_IncTick
                0x0810299c       0x28 ./Drivers/STM32H7xx_HAL_Driver/stm32h7xx_hal.o
                0x0810299c                HAL_IncTick
 .text.HAL_GetTick
                0x081029c4       0x18 ./Drivers/STM32H7xx_HAL_Driver/stm32h7xx_hal.o
                0x081029c4                HAL_GetTick
 .text.HAL_Delay
                0x081029dc       0x48 ./Drivers/STM32H7xx_HAL_Driver/stm32h7xx_hal.o
                0x081029dc                HAL_Delay
 .text.__NVIC_SetPriorityGrouping
                0x08102a24       0x48 ./Drivers/STM32H7xx_HAL_Driver/stm32h7xx_hal_cortex.o
 .text.__NVIC_GetPriorityGrouping
                0x08102a6c       0x1c ./Drivers/STM32H7xx_HAL_Driver/stm32h7xx_hal_cortex.o
 .text.__NVIC_EnableIRQ
                0x08102a88       0x3c ./Drivers/STM32H7xx_HAL_Driver/stm32h7xx_hal_cortex.o
 .text.__NVIC_SetPriority
                0x08102ac4       0x54 ./Drivers/STM32H7xx_HAL_Driver/stm32h7xx_hal_cortex.o
 .text.NVIC_EncodePriority
                0x08102b18       0x66 ./Drivers/STM32H7xx_HAL_Driver/stm32h7xx_hal_cortex.o
 .text.HAL_NVIC_SetPriorityGrouping
                0x08102b7e       0x16 ./Drivers/STM32H7xx_HAL_Driver/stm32h7xx_hal_cortex.o
                0x08102b7e                HAL_NVIC_SetPriorityGrouping
 .text.HAL_NVIC_SetPriority
                0x08102b94       0x34 ./Drivers/STM32H7xx_HAL_Driver/stm32h7xx_hal_cortex.o
                0x08102b94                HAL_NVIC_SetPriority
 .text.HAL_NVIC_EnableIRQ
                0x08102bc8       0x1c ./Drivers/STM32H7xx_HAL_Driver/stm32h7xx_hal_cortex.o
                0x08102bc8                HAL_NVIC_EnableIRQ
 .text.HAL_GetCurrentCPUID
                0x08102be4       0x24 ./Drivers/STM32H7xx_HAL_Driver/stm32h7xx_hal_cortex.o
                0x08102be4                HAL_GetCurrentCPUID
 .text.HAL_GPIO_Init
                0x08102c08      0x360 ./Drivers/STM32H7xx_HAL_Driver/stm32h7xx_hal_gpio.o
                0x08102c08                HAL_GPIO_Init
 .text.HAL_HSEM_ActivateNotification
                0x08102f68       0x24 ./Drivers/STM32H7xx_HAL_Driver/stm32h7xx_hal_hsem.o
                0x08102f68                HAL_HSEM_ActivateNotification
 .text.HAL_MMC_Init
                0x08102f8c       0x7e ./Drivers/STM32H7xx_HAL_Driver/stm32h7xx_hal_mmc.o
                0x08102f8c                HAL_MMC_Init
 *fill*         0x0810300a        0x2 
 .text.HAL_MMC_InitCard
                0x0810300c      0x138 ./Drivers/STM32H7xx_HAL_Driver/stm32h7xx_hal_mmc.o
                0x0810300c                HAL_MMC_InitCard
 .text.HAL_MMC_IRQHandler
                0x08103144      0x360 ./Drivers/STM32H7xx_HAL_Driver/stm32h7xx_hal_mmc.o
                0x08103144                HAL_MMC_IRQHandler
 .text.HAL_MMC_TxCpltCallback
                0x081034a4       0x14 ./Drivers/STM32H7xx_HAL_Driver/stm32h7xx_hal_mmc.o
                0x081034a4                HAL_MMC_TxCpltCallback
 .text.HAL_MMC_RxCpltCallback
                0x081034b8       0x14 ./Drivers/STM32H7xx_HAL_Driver/stm32h7xx_hal_mmc.o
                0x081034b8                HAL_MMC_RxCpltCallback
 .text.HAL_MMC_ErrorCallback
                0x081034cc       0x14 ./Drivers/STM32H7xx_HAL_Driver/stm32h7xx_hal_mmc.o
                0x081034cc                HAL_MMC_ErrorCallback
 .text.HAL_MMC_GetCardCSD
                0x081034e0      0x348 ./Drivers/STM32H7xx_HAL_Driver/stm32h7xx_hal_mmc.o
                0x081034e0                HAL_MMC_GetCardCSD
 .text.HAL_MMC_GetCardExtCSD
                0x08103828      0x1f8 ./Drivers/STM32H7xx_HAL_Driver/stm32h7xx_hal_mmc.o
                0x08103828                HAL_MMC_GetCardExtCSD
 .text.HAL_MMC_ConfigWideBusOperation
                0x08103a20      0x198 ./Drivers/STM32H7xx_HAL_Driver/stm32h7xx_hal_mmc.o
                0x08103a20                HAL_MMC_ConfigWideBusOperation
 .text.MMC_InitCard
                0x08103bb8      0x1fa ./Drivers/STM32H7xx_HAL_Driver/stm32h7xx_hal_mmc.o
 *fill*         0x08103db2        0x2 
 .text.MMC_PowerON
                0x08103db4       0xa0 ./Drivers/STM32H7xx_HAL_Driver/stm32h7xx_hal_mmc.o
 .text.MMC_ReadExtCSD
                0x08103e54      0x1e8 ./Drivers/STM32H7xx_HAL_Driver/stm32h7xx_hal_mmc.o
 .text.MMC_Read_IT
                0x0810403c       0x8c ./Drivers/STM32H7xx_HAL_Driver/stm32h7xx_hal_mmc.o
 .text.MMC_Write_IT
                0x081040c8       0x94 ./Drivers/STM32H7xx_HAL_Driver/stm32h7xx_hal_mmc.o
 .text.MMC_PwrClassUpdate
                0x0810415c      0x140 ./Drivers/STM32H7xx_HAL_Driver/stm32h7xx_hal_mmc.o
 .text.HAL_MMCEx_Read_DMADoubleBuf0CpltCallback
                0x0810429c       0x14 ./Drivers/STM32H7xx_HAL_Driver/stm32h7xx_hal_mmc.o
                0x0810429c                HAL_MMCEx_Read_DMADoubleBuf0CpltCallback
 .text.HAL_MMCEx_Read_DMADoubleBuf1CpltCallback
                0x081042b0       0x14 ./Drivers/STM32H7xx_HAL_Driver/stm32h7xx_hal_mmc.o
                0x081042b0                HAL_MMCEx_Read_DMADoubleBuf1CpltCallback
 .text.HAL_MMCEx_Write_DMADoubleBuf0CpltCallback
                0x081042c4       0x14 ./Drivers/STM32H7xx_HAL_Driver/stm32h7xx_hal_mmc.o
                0x081042c4                HAL_MMCEx_Write_DMADoubleBuf0CpltCallback
 .text.HAL_MMCEx_Write_DMADoubleBuf1CpltCallback
                0x081042d8       0x14 ./Drivers/STM32H7xx_HAL_Driver/stm32h7xx_hal_mmc.o
                0x081042d8                HAL_MMCEx_Write_DMADoubleBuf1CpltCallback
 .text.HAL_PCD_Init
                0x081042ec      0x218 ./Drivers/STM32H7xx_HAL_Driver/stm32h7xx_hal_pcd.o
                0x081042ec                HAL_PCD_Init
 .text.HAL_PCD_Start
                0x08104504       0x6a ./Drivers/STM32H7xx_HAL_Driver/stm32h7xx_hal_pcd.o
                0x08104504                HAL_PCD_Start
 .text.HAL_PCD_IRQHandler
                0x0810456e      0x99c ./Drivers/STM32H7xx_HAL_Driver/stm32h7xx_hal_pcd.o
                0x0810456e                HAL_PCD_IRQHandler
 .text.HAL_PCD_SetAddress
                0x08104f0a       0x48 ./Drivers/STM32H7xx_HAL_Driver/stm32h7xx_hal_pcd.o
                0x08104f0a                HAL_PCD_SetAddress
 .text.HAL_PCD_EP_Open
                0x08104f52       0xd4 ./Drivers/STM32H7xx_HAL_Driver/stm32h7xx_hal_pcd.o
                0x08104f52                HAL_PCD_EP_Open
 .text.HAL_PCD_EP_Close
                0x08105026       0x94 ./Drivers/STM32H7xx_HAL_Driver/stm32h7xx_hal_pcd.o
                0x08105026                HAL_PCD_EP_Close
 .text.HAL_PCD_EP_Receive
                0x081050ba       0x76 ./Drivers/STM32H7xx_HAL_Driver/stm32h7xx_hal_pcd.o
                0x081050ba                HAL_PCD_EP_Receive
 .text.HAL_PCD_EP_GetRxCount
                0x08105130       0x30 ./Drivers/STM32H7xx_HAL_Driver/stm32h7xx_hal_pcd.o
                0x08105130                HAL_PCD_EP_GetRxCount
 .text.HAL_PCD_EP_Transmit
                0x08105160       0x74 ./Drivers/STM32H7xx_HAL_Driver/stm32h7xx_hal_pcd.o
                0x08105160                HAL_PCD_EP_Transmit
 .text.HAL_PCD_EP_SetStall
                0x081051d4       0xc6 ./Drivers/STM32H7xx_HAL_Driver/stm32h7xx_hal_pcd.o
                0x081051d4                HAL_PCD_EP_SetStall
 .text.HAL_PCD_EP_ClrStall
                0x0810529a       0xac ./Drivers/STM32H7xx_HAL_Driver/stm32h7xx_hal_pcd.o
                0x0810529a                HAL_PCD_EP_ClrStall
 .text.HAL_PCD_EP_Abort
                0x08105346       0x62 ./Drivers/STM32H7xx_HAL_Driver/stm32h7xx_hal_pcd.o
                0x08105346                HAL_PCD_EP_Abort
 .text.PCD_WriteEmptyTxFifo
                0x081053a8      0x118 ./Drivers/STM32H7xx_HAL_Driver/stm32h7xx_hal_pcd.o
 .text.PCD_EP_OutXfrComplete_int
                0x081054c0      0x1d0 ./Drivers/STM32H7xx_HAL_Driver/stm32h7xx_hal_pcd.o
 .text.PCD_EP_OutSetupPacket_int
                0x08105690       0x8c ./Drivers/STM32H7xx_HAL_Driver/stm32h7xx_hal_pcd.o
 .text.HAL_PCDEx_SetTxFiFo
                0x0810571c       0x8e ./Drivers/STM32H7xx_HAL_Driver/stm32h7xx_hal_pcd_ex.o
                0x0810571c                HAL_PCDEx_SetTxFiFo
 .text.HAL_PCDEx_SetRxFiFo
                0x081057aa       0x22 ./Drivers/STM32H7xx_HAL_Driver/stm32h7xx_hal_pcd_ex.o
                0x081057aa                HAL_PCDEx_SetRxFiFo
 .text.HAL_PCDEx_ActivateLPM
                0x081057cc       0x48 ./Drivers/STM32H7xx_HAL_Driver/stm32h7xx_hal_pcd_ex.o
                0x081057cc                HAL_PCDEx_ActivateLPM
 .text.HAL_PCDEx_LPM_Callback
                0x08105814       0x18 ./Drivers/STM32H7xx_HAL_Driver/stm32h7xx_hal_pcd_ex.o
                0x08105814                HAL_PCDEx_LPM_Callback
 .text.HAL_PWREx_EnterSTOPMode
                0x0810582c       0xf4 ./Drivers/STM32H7xx_HAL_Driver/stm32h7xx_hal_pwr_ex.o
                0x0810582c                HAL_PWREx_EnterSTOPMode
 .text.HAL_PWREx_ClearPendingEvent
                0x08105920       0x1a ./Drivers/STM32H7xx_HAL_Driver/stm32h7xx_hal_pwr_ex.o
                0x08105920                HAL_PWREx_ClearPendingEvent
 *fill*         0x0810593a        0x2 
 .text.HAL_PWREx_EnableUSBVoltageDetector
                0x0810593c       0x20 ./Drivers/STM32H7xx_HAL_Driver/stm32h7xx_hal_pwr_ex.o
                0x0810593c                HAL_PWREx_EnableUSBVoltageDetector
 .text.HAL_RCC_GetSysClockFreq
                0x0810595c      0x2f4 ./Drivers/STM32H7xx_HAL_Driver/stm32h7xx_hal_rcc.o
                0x0810595c                HAL_RCC_GetSysClockFreq
 .text.HAL_RCC_GetHCLKFreq
                0x08105c50       0x64 ./Drivers/STM32H7xx_HAL_Driver/stm32h7xx_hal_rcc.o
                0x08105c50                HAL_RCC_GetHCLKFreq
 .text.HAL_RCC_GetPCLK1Freq
                0x08105cb4       0x2c ./Drivers/STM32H7xx_HAL_Driver/stm32h7xx_hal_rcc.o
                0x08105cb4                HAL_RCC_GetPCLK1Freq
 .text.HAL_RCC_GetClockConfig
                0x08105ce0       0x84 ./Drivers/STM32H7xx_HAL_Driver/stm32h7xx_hal_rcc.o
                0x08105ce0                HAL_RCC_GetClockConfig
 .text.HAL_RCCEx_PeriphCLKConfig
                0x08105d64     0x1414 ./Drivers/STM32H7xx_HAL_Driver/stm32h7xx_hal_rcc_ex.o
                0x08105d64                HAL_RCCEx_PeriphCLKConfig
 .text.HAL_RCCEx_GetPeriphCLKFreq
                0x08107178      0xb00 ./Drivers/STM32H7xx_HAL_Driver/stm32h7xx_hal_rcc_ex.o
                0x08107178                HAL_RCCEx_GetPeriphCLKFreq
 .text.HAL_RCCEx_GetD3PCLK1Freq
                0x08107c78       0x2c ./Drivers/STM32H7xx_HAL_Driver/stm32h7xx_hal_rcc_ex.o
                0x08107c78                HAL_RCCEx_GetD3PCLK1Freq
 .text.HAL_RCCEx_GetPLL2ClockFreq
                0x08107ca4      0x2a8 ./Drivers/STM32H7xx_HAL_Driver/stm32h7xx_hal_rcc_ex.o
                0x08107ca4                HAL_RCCEx_GetPLL2ClockFreq
 .text.HAL_RCCEx_GetPLL3ClockFreq
                0x08107f4c      0x2a8 ./Drivers/STM32H7xx_HAL_Driver/stm32h7xx_hal_rcc_ex.o
                0x08107f4c                HAL_RCCEx_GetPLL3ClockFreq
 .text.HAL_RCCEx_GetPLL1ClockFreq
                0x081081f4      0x2a4 ./Drivers/STM32H7xx_HAL_Driver/stm32h7xx_hal_rcc_ex.o
                0x081081f4                HAL_RCCEx_GetPLL1ClockFreq
 .text.RCCEx_PLL2_Config
                0x08108498      0x164 ./Drivers/STM32H7xx_HAL_Driver/stm32h7xx_hal_rcc_ex.o
 .text.RCCEx_PLL3_Config
                0x081085fc      0x164 ./Drivers/STM32H7xx_HAL_Driver/stm32h7xx_hal_rcc_ex.o
 .text.HAL_TIM_Base_Init
                0x08108760       0xae ./Drivers/STM32H7xx_HAL_Driver/stm32h7xx_hal_tim.o
                0x08108760                HAL_TIM_Base_Init
 .text.HAL_TIM_Base_MspInit
                0x0810880e       0x14 ./Drivers/STM32H7xx_HAL_Driver/stm32h7xx_hal_tim.o
                0x0810880e                HAL_TIM_Base_MspInit
 *fill*         0x08108822        0x2 
 .text.HAL_TIM_Base_Start_IT
                0x08108824       0xf0 ./Drivers/STM32H7xx_HAL_Driver/stm32h7xx_hal_tim.o
                0x08108824                HAL_TIM_Base_Start_IT
 .text.HAL_TIM_IRQHandler
                0x08108914      0x20e ./Drivers/STM32H7xx_HAL_Driver/stm32h7xx_hal_tim.o
                0x08108914                HAL_TIM_IRQHandler
 .text.HAL_TIM_OC_DelayElapsedCallback
                0x08108b22       0x14 ./Drivers/STM32H7xx_HAL_Driver/stm32h7xx_hal_tim.o
                0x08108b22                HAL_TIM_OC_DelayElapsedCallback
 .text.HAL_TIM_IC_CaptureCallback
                0x08108b36       0x14 ./Drivers/STM32H7xx_HAL_Driver/stm32h7xx_hal_tim.o
                0x08108b36                HAL_TIM_IC_CaptureCallback
 .text.HAL_TIM_PWM_PulseFinishedCallback
                0x08108b4a       0x14 ./Drivers/STM32H7xx_HAL_Driver/stm32h7xx_hal_tim.o
                0x08108b4a                HAL_TIM_PWM_PulseFinishedCallback
 .text.HAL_TIM_TriggerCallback
                0x08108b5e       0x14 ./Drivers/STM32H7xx_HAL_Driver/stm32h7xx_hal_tim.o
                0x08108b5e                HAL_TIM_TriggerCallback
 *fill*         0x08108b72        0x2 
 .text.TIM_Base_SetConfig
                0x08108b74      0x140 ./Drivers/STM32H7xx_HAL_Driver/stm32h7xx_hal_tim.o
                0x08108b74                TIM_Base_SetConfig
 .text.HAL_TIMEx_CommutCallback
                0x08108cb4       0x14 ./Drivers/STM32H7xx_HAL_Driver/stm32h7xx_hal_tim_ex.o
                0x08108cb4                HAL_TIMEx_CommutCallback
 .text.HAL_TIMEx_BreakCallback
                0x08108cc8       0x14 ./Drivers/STM32H7xx_HAL_Driver/stm32h7xx_hal_tim_ex.o
                0x08108cc8                HAL_TIMEx_BreakCallback
 .text.HAL_TIMEx_Break2Callback
                0x08108cdc       0x14 ./Drivers/STM32H7xx_HAL_Driver/stm32h7xx_hal_tim_ex.o
                0x08108cdc                HAL_TIMEx_Break2Callback
 .text.LL_GPIO_SetPinMode
                0x08108cf0       0x40 ./Drivers/STM32H7xx_HAL_Driver/stm32h7xx_ll_gpio.o
 .text.LL_GPIO_SetPinOutputType
                0x08108d30       0x30 ./Drivers/STM32H7xx_HAL_Driver/stm32h7xx_ll_gpio.o
 .text.LL_GPIO_SetPinSpeed
                0x08108d60       0x40 ./Drivers/STM32H7xx_HAL_Driver/stm32h7xx_ll_gpio.o
 .text.LL_GPIO_SetPinPull
                0x08108da0       0x40 ./Drivers/STM32H7xx_HAL_Driver/stm32h7xx_ll_gpio.o
 .text.LL_GPIO_SetAFPin_0_7
                0x08108de0       0x58 ./Drivers/STM32H7xx_HAL_Driver/stm32h7xx_ll_gpio.o
 .text.LL_GPIO_SetAFPin_8_15
                0x08108e38       0x6c ./Drivers/STM32H7xx_HAL_Driver/stm32h7xx_ll_gpio.o
 .text.LL_GPIO_Init
                0x08108ea4       0xdc ./Drivers/STM32H7xx_HAL_Driver/stm32h7xx_ll_gpio.o
                0x08108ea4                LL_GPIO_Init
 .text.LL_RCC_HSE_IsReady
                0x08108f80       0x28 ./Drivers/STM32H7xx_HAL_Driver/stm32h7xx_ll_rcc.o
 .text.LL_RCC_HSI_IsReady
                0x08108fa8       0x24 ./Drivers/STM32H7xx_HAL_Driver/stm32h7xx_ll_rcc.o
 .text.LL_RCC_HSI_GetDivider
                0x08108fcc       0x1c ./Drivers/STM32H7xx_HAL_Driver/stm32h7xx_ll_rcc.o
 .text.LL_RCC_CSI_IsReady
                0x08108fe8       0x28 ./Drivers/STM32H7xx_HAL_Driver/stm32h7xx_ll_rcc.o
 .text.LL_RCC_LSE_IsReady
                0x08109010       0x24 ./Drivers/STM32H7xx_HAL_Driver/stm32h7xx_ll_rcc.o
 .text.LL_RCC_GetSysClkSource
                0x08109034       0x1c ./Drivers/STM32H7xx_HAL_Driver/stm32h7xx_ll_rcc.o
 .text.LL_RCC_GetSysPrescaler
                0x08109050       0x1c ./Drivers/STM32H7xx_HAL_Driver/stm32h7xx_ll_rcc.o
 .text.LL_RCC_GetAHBPrescaler
                0x0810906c       0x1c ./Drivers/STM32H7xx_HAL_Driver/stm32h7xx_ll_rcc.o
 .text.LL_RCC_GetAPB1Prescaler
                0x08109088       0x1c ./Drivers/STM32H7xx_HAL_Driver/stm32h7xx_ll_rcc.o
 .text.LL_RCC_GetAPB2Prescaler
                0x081090a4       0x1c ./Drivers/STM32H7xx_HAL_Driver/stm32h7xx_ll_rcc.o
 .text.LL_RCC_GetClockSource
                0x081090c0       0x4c ./Drivers/STM32H7xx_HAL_Driver/stm32h7xx_ll_rcc.o
 .text.LL_RCC_GetUSARTClockSource
                0x0810910c       0x18 ./Drivers/STM32H7xx_HAL_Driver/stm32h7xx_ll_rcc.o
 .text.LL_RCC_PLL_GetSource
                0x08109124       0x1c ./Drivers/STM32H7xx_HAL_Driver/stm32h7xx_ll_rcc.o
 .text.LL_RCC_PLL1P_IsEnabled
                0x08109140       0x28 ./Drivers/STM32H7xx_HAL_Driver/stm32h7xx_ll_rcc.o
 .text.LL_RCC_PLL1Q_IsEnabled
                0x08109168       0x28 ./Drivers/STM32H7xx_HAL_Driver/stm32h7xx_ll_rcc.o
 .text.LL_RCC_PLL1R_IsEnabled
                0x08109190       0x28 ./Drivers/STM32H7xx_HAL_Driver/stm32h7xx_ll_rcc.o
 .text.LL_RCC_PLL1FRACN_IsEnabled
                0x081091b8       0x24 ./Drivers/STM32H7xx_HAL_Driver/stm32h7xx_ll_rcc.o
 .text.LL_RCC_PLL1_GetN
                0x081091dc       0x1c ./Drivers/STM32H7xx_HAL_Driver/stm32h7xx_ll_rcc.o
 .text.LL_RCC_PLL1_GetM
                0x081091f8       0x1c ./Drivers/STM32H7xx_HAL_Driver/stm32h7xx_ll_rcc.o
 .text.LL_RCC_PLL1_GetP
                0x08109214       0x20 ./Drivers/STM32H7xx_HAL_Driver/stm32h7xx_ll_rcc.o
 .text.LL_RCC_PLL1_GetQ
                0x08109234       0x20 ./Drivers/STM32H7xx_HAL_Driver/stm32h7xx_ll_rcc.o
 .text.LL_RCC_PLL1_GetR
                0x08109254       0x20 ./Drivers/STM32H7xx_HAL_Driver/stm32h7xx_ll_rcc.o
 .text.LL_RCC_PLL1_GetFRACN
                0x08109274       0x1c ./Drivers/STM32H7xx_HAL_Driver/stm32h7xx_ll_rcc.o
 .text.LL_RCC_PLL2_IsReady
                0x08109290       0x28 ./Drivers/STM32H7xx_HAL_Driver/stm32h7xx_ll_rcc.o
 .text.LL_RCC_PLL2P_IsEnabled
                0x081092b8       0x28 ./Drivers/STM32H7xx_HAL_Driver/stm32h7xx_ll_rcc.o
 .text.LL_RCC_PLL2Q_IsEnabled
                0x081092e0       0x28 ./Drivers/STM32H7xx_HAL_Driver/stm32h7xx_ll_rcc.o
 .text.LL_RCC_PLL2R_IsEnabled
                0x08109308       0x28 ./Drivers/STM32H7xx_HAL_Driver/stm32h7xx_ll_rcc.o
 .text.LL_RCC_PLL2FRACN_IsEnabled
                0x08109330       0x24 ./Drivers/STM32H7xx_HAL_Driver/stm32h7xx_ll_rcc.o
 .text.LL_RCC_PLL2_GetN
                0x08109354       0x1c ./Drivers/STM32H7xx_HAL_Driver/stm32h7xx_ll_rcc.o
 .text.LL_RCC_PLL2_GetM
                0x08109370       0x1c ./Drivers/STM32H7xx_HAL_Driver/stm32h7xx_ll_rcc.o
 .text.LL_RCC_PLL2_GetP
                0x0810938c       0x20 ./Drivers/STM32H7xx_HAL_Driver/stm32h7xx_ll_rcc.o
 .text.LL_RCC_PLL2_GetQ
                0x081093ac       0x20 ./Drivers/STM32H7xx_HAL_Driver/stm32h7xx_ll_rcc.o
 .text.LL_RCC_PLL2_GetR
                0x081093cc       0x20 ./Drivers/STM32H7xx_HAL_Driver/stm32h7xx_ll_rcc.o
 .text.LL_RCC_PLL2_GetFRACN
                0x081093ec       0x1c ./Drivers/STM32H7xx_HAL_Driver/stm32h7xx_ll_rcc.o
 .text.LL_RCC_PLL3_IsReady
                0x08109408       0x28 ./Drivers/STM32H7xx_HAL_Driver/stm32h7xx_ll_rcc.o
 .text.LL_RCC_PLL3P_IsEnabled
                0x08109430       0x28 ./Drivers/STM32H7xx_HAL_Driver/stm32h7xx_ll_rcc.o
 .text.LL_RCC_PLL3Q_IsEnabled
                0x08109458       0x28 ./Drivers/STM32H7xx_HAL_Driver/stm32h7xx_ll_rcc.o
 .text.LL_RCC_PLL3R_IsEnabled
                0x08109480       0x28 ./Drivers/STM32H7xx_HAL_Driver/stm32h7xx_ll_rcc.o
 .text.LL_RCC_PLL3FRACN_IsEnabled
                0x081094a8       0x28 ./Drivers/STM32H7xx_HAL_Driver/stm32h7xx_ll_rcc.o
 .text.LL_RCC_PLL3_GetN
                0x081094d0       0x1c ./Drivers/STM32H7xx_HAL_Driver/stm32h7xx_ll_rcc.o
 .text.LL_RCC_PLL3_GetM
                0x081094ec       0x1c ./Drivers/STM32H7xx_HAL_Driver/stm32h7xx_ll_rcc.o
 .text.LL_RCC_PLL3_GetP
                0x08109508       0x20 ./Drivers/STM32H7xx_HAL_Driver/stm32h7xx_ll_rcc.o
 .text.LL_RCC_PLL3_GetQ
                0x08109528       0x20 ./Drivers/STM32H7xx_HAL_Driver/stm32h7xx_ll_rcc.o
 .text.LL_RCC_PLL3_GetR
                0x08109548       0x20 ./Drivers/STM32H7xx_HAL_Driver/stm32h7xx_ll_rcc.o
 .text.LL_RCC_PLL3_GetFRACN
                0x08109568       0x1c ./Drivers/STM32H7xx_HAL_Driver/stm32h7xx_ll_rcc.o
 .text.LL_RCC_GetPLL1ClockFreq
                0x08109584      0x130 ./Drivers/STM32H7xx_HAL_Driver/stm32h7xx_ll_rcc.o
                0x08109584                LL_RCC_GetPLL1ClockFreq
 .text.LL_RCC_GetPLL2ClockFreq
                0x081096b4      0x130 ./Drivers/STM32H7xx_HAL_Driver/stm32h7xx_ll_rcc.o
                0x081096b4                LL_RCC_GetPLL2ClockFreq
 .text.LL_RCC_GetPLL3ClockFreq
                0x081097e4      0x134 ./Drivers/STM32H7xx_HAL_Driver/stm32h7xx_ll_rcc.o
                0x081097e4                LL_RCC_GetPLL3ClockFreq
 .text.LL_RCC_CalcPLLClockFreq
                0x08109918       0x80 ./Drivers/STM32H7xx_HAL_Driver/stm32h7xx_ll_rcc.o
                0x08109918                LL_RCC_CalcPLLClockFreq
 .text.LL_RCC_GetUSARTClockFreq
                0x08109998      0x1dc ./Drivers/STM32H7xx_HAL_Driver/stm32h7xx_ll_rcc.o
                0x08109998                LL_RCC_GetUSARTClockFreq
 .text.RCC_GetSystemClockFreq
                0x08109b74       0xc4 ./Drivers/STM32H7xx_HAL_Driver/stm32h7xx_ll_rcc.o
 .text.RCC_GetHCLKClockFreq
                0x08109c38       0x2c ./Drivers/STM32H7xx_HAL_Driver/stm32h7xx_ll_rcc.o
 .text.RCC_GetPCLK1ClockFreq
                0x08109c64       0x30 ./Drivers/STM32H7xx_HAL_Driver/stm32h7xx_ll_rcc.o
 .text.RCC_GetPCLK2ClockFreq
                0x08109c94       0x30 ./Drivers/STM32H7xx_HAL_Driver/stm32h7xx_ll_rcc.o
 .text.SDMMC_Init
                0x08109cc4       0x54 ./Drivers/STM32H7xx_HAL_Driver/stm32h7xx_ll_sdmmc.o
                0x08109cc4                SDMMC_Init
 .text.SDMMC_ReadFIFO
                0x08109d18       0x1a ./Drivers/STM32H7xx_HAL_Driver/stm32h7xx_ll_sdmmc.o
                0x08109d18                SDMMC_ReadFIFO
 .text.SDMMC_WriteFIFO
                0x08109d32       0x22 ./Drivers/STM32H7xx_HAL_Driver/stm32h7xx_ll_sdmmc.o
                0x08109d32                SDMMC_WriteFIFO
 .text.SDMMC_PowerState_ON
                0x08109d54       0x22 ./Drivers/STM32H7xx_HAL_Driver/stm32h7xx_ll_sdmmc.o
                0x08109d54                SDMMC_PowerState_ON
 .text.SDMMC_GetPowerState
                0x08109d76       0x1c ./Drivers/STM32H7xx_HAL_Driver/stm32h7xx_ll_sdmmc.o
                0x08109d76                SDMMC_GetPowerState
 *fill*         0x08109d92        0x2 
 .text.SDMMC_SendCommand
                0x08109d94       0x54 ./Drivers/STM32H7xx_HAL_Driver/stm32h7xx_ll_sdmmc.o
                0x08109d94                SDMMC_SendCommand
 .text.SDMMC_GetCommandResponse
                0x08109de8       0x1a ./Drivers/STM32H7xx_HAL_Driver/stm32h7xx_ll_sdmmc.o
                0x08109de8                SDMMC_GetCommandResponse
 .text.SDMMC_GetResponse
                0x08109e02       0x26 ./Drivers/STM32H7xx_HAL_Driver/stm32h7xx_ll_sdmmc.o
                0x08109e02                SDMMC_GetResponse
 .text.SDMMC_ConfigData
                0x08109e28       0x58 ./Drivers/STM32H7xx_HAL_Driver/stm32h7xx_ll_sdmmc.o
                0x08109e28                SDMMC_ConfigData
 .text.SDMMC_CmdBlockLength
                0x08109e80       0x46 ./Drivers/STM32H7xx_HAL_Driver/stm32h7xx_ll_sdmmc.o
                0x08109e80                SDMMC_CmdBlockLength
 *fill*         0x08109ec6        0x2 
 .text.SDMMC_CmdStopTransfer
                0x08109ec8       0x78 ./Drivers/STM32H7xx_HAL_Driver/stm32h7xx_ll_sdmmc.o
                0x08109ec8                SDMMC_CmdStopTransfer
 .text.SDMMC_CmdSelDesel
                0x08109f40       0x46 ./Drivers/STM32H7xx_HAL_Driver/stm32h7xx_ll_sdmmc.o
                0x08109f40                SDMMC_CmdSelDesel
 .text.SDMMC_CmdGoIdleState
                0x08109f86       0x3c ./Drivers/STM32H7xx_HAL_Driver/stm32h7xx_ll_sdmmc.o
                0x08109f86                SDMMC_CmdGoIdleState
 .text.SDMMC_CmdSendCID
                0x08109fc2       0x3e ./Drivers/STM32H7xx_HAL_Driver/stm32h7xx_ll_sdmmc.o
                0x08109fc2                SDMMC_CmdSendCID
 .text.SDMMC_CmdSendCSD
                0x0810a000       0x40 ./Drivers/STM32H7xx_HAL_Driver/stm32h7xx_ll_sdmmc.o
                0x0810a000                SDMMC_CmdSendCSD
 .text.SDMMC_CmdSetRelAddMmc
                0x0810a040       0x4a ./Drivers/STM32H7xx_HAL_Driver/stm32h7xx_ll_sdmmc.o
                0x0810a040                SDMMC_CmdSetRelAddMmc
 .text.SDMMC_CmdSendStatus
                0x0810a08a       0x46 ./Drivers/STM32H7xx_HAL_Driver/stm32h7xx_ll_sdmmc.o
                0x0810a08a                SDMMC_CmdSendStatus
 .text.SDMMC_CmdOpCondition
                0x0810a0d0       0x40 ./Drivers/STM32H7xx_HAL_Driver/stm32h7xx_ll_sdmmc.o
                0x0810a0d0                SDMMC_CmdOpCondition
 .text.SDMMC_CmdSwitch
                0x0810a110       0x46 ./Drivers/STM32H7xx_HAL_Driver/stm32h7xx_ll_sdmmc.o
                0x0810a110                SDMMC_CmdSwitch
 .text.SDMMC_CmdSendEXTCSD
                0x0810a156       0x46 ./Drivers/STM32H7xx_HAL_Driver/stm32h7xx_ll_sdmmc.o
                0x0810a156                SDMMC_CmdSendEXTCSD
 .text.SDMMC_GetCmdResp1
                0x0810a19c      0x1e4 ./Drivers/STM32H7xx_HAL_Driver/stm32h7xx_ll_sdmmc.o
                0x0810a19c                SDMMC_GetCmdResp1
 .text.SDMMC_GetCmdResp2
                0x0810a380       0x94 ./Drivers/STM32H7xx_HAL_Driver/stm32h7xx_ll_sdmmc.o
                0x0810a380                SDMMC_GetCmdResp2
 .text.SDMMC_GetCmdResp3
                0x0810a414       0x80 ./Drivers/STM32H7xx_HAL_Driver/stm32h7xx_ll_sdmmc.o
                0x0810a414                SDMMC_GetCmdResp3
 .text.SDMMC_GetCmdError
                0x0810a494       0x5c ./Drivers/STM32H7xx_HAL_Driver/stm32h7xx_ll_sdmmc.o
 .text.LL_TIM_SetPrescaler
                0x0810a4f0       0x1c ./Drivers/STM32H7xx_HAL_Driver/stm32h7xx_ll_tim.o
 .text.LL_TIM_SetAutoReload
                0x0810a50c       0x1c ./Drivers/STM32H7xx_HAL_Driver/stm32h7xx_ll_tim.o
 .text.LL_TIM_SetRepetitionCounter
                0x0810a528       0x1c ./Drivers/STM32H7xx_HAL_Driver/stm32h7xx_ll_tim.o
 .text.LL_TIM_GenerateEvent_UPDATE
                0x0810a544       0x20 ./Drivers/STM32H7xx_HAL_Driver/stm32h7xx_ll_tim.o
 .text.LL_TIM_Init
                0x0810a564      0x128 ./Drivers/STM32H7xx_HAL_Driver/stm32h7xx_ll_tim.o
                0x0810a564                LL_TIM_Init
 .text.LL_USART_IsEnabled
                0x0810a68c       0x26 ./Drivers/STM32H7xx_HAL_Driver/stm32h7xx_ll_usart.o
 .text.LL_USART_SetPrescaler
                0x0810a6b2       0x28 ./Drivers/STM32H7xx_HAL_Driver/stm32h7xx_ll_usart.o
 .text.LL_USART_SetStopBitsLength
                0x0810a6da       0x26 ./Drivers/STM32H7xx_HAL_Driver/stm32h7xx_ll_usart.o
 .text.LL_USART_SetHWFlowCtrl
                0x0810a700       0x26 ./Drivers/STM32H7xx_HAL_Driver/stm32h7xx_ll_usart.o
 *fill*         0x0810a726        0x2 
 .text.LL_USART_SetBaudRate
                0x0810a728       0xa0 ./Drivers/STM32H7xx_HAL_Driver/stm32h7xx_ll_usart.o
 .text.LL_USART_Init
                0x0810a7c8      0x154 ./Drivers/STM32H7xx_HAL_Driver/stm32h7xx_ll_usart.o
                0x0810a7c8                LL_USART_Init
 .text.USB_CoreInit
                0x0810a91c       0xe2 ./Drivers/STM32H7xx_HAL_Driver/stm32h7xx_ll_usb.o
                0x0810a91c                USB_CoreInit
 *fill*         0x0810a9fe        0x2 
 .text.USB_SetTurnaroundTime
                0x0810aa00      0x144 ./Drivers/STM32H7xx_HAL_Driver/stm32h7xx_ll_usb.o
                0x0810aa00                USB_SetTurnaroundTime
 .text.USB_EnableGlobalInt
                0x0810ab44       0x22 ./Drivers/STM32H7xx_HAL_Driver/stm32h7xx_ll_usb.o
                0x0810ab44                USB_EnableGlobalInt
 .text.USB_DisableGlobalInt
                0x0810ab66       0x22 ./Drivers/STM32H7xx_HAL_Driver/stm32h7xx_ll_usb.o
                0x0810ab66                USB_DisableGlobalInt
 .text.USB_SetCurrentMode
                0x0810ab88       0x98 ./Drivers/STM32H7xx_HAL_Driver/stm32h7xx_ll_usb.o
                0x0810ab88                USB_SetCurrentMode
 .text.USB_DevInit
                0x0810ac20      0x2bc ./Drivers/STM32H7xx_HAL_Driver/stm32h7xx_ll_usb.o
                0x0810ac20                USB_DevInit
 .text.USB_FlushTxFifo
                0x0810aedc       0x64 ./Drivers/STM32H7xx_HAL_Driver/stm32h7xx_ll_usb.o
                0x0810aedc                USB_FlushTxFifo
 .text.USB_FlushRxFifo
                0x0810af40       0x5c ./Drivers/STM32H7xx_HAL_Driver/stm32h7xx_ll_usb.o
                0x0810af40                USB_FlushRxFifo
 .text.USB_SetDevSpeed
                0x0810af9c       0x32 ./Drivers/STM32H7xx_HAL_Driver/stm32h7xx_ll_usb.o
                0x0810af9c                USB_SetDevSpeed
 .text.USB_GetDevSpeed
                0x0810afce       0x4a ./Drivers/STM32H7xx_HAL_Driver/stm32h7xx_ll_usb.o
                0x0810afce                USB_GetDevSpeed
 .text.USB_ActivateEndpoint
                0x0810b018      0x10e ./Drivers/STM32H7xx_HAL_Driver/stm32h7xx_ll_usb.o
                0x0810b018                USB_ActivateEndpoint
 *fill*         0x0810b126        0x2 
 .text.USB_DeactivateEndpoint
                0x0810b128      0x1b8 ./Drivers/STM32H7xx_HAL_Driver/stm32h7xx_ll_usb.o
                0x0810b128                USB_DeactivateEndpoint
 .text.USB_EPStartXfer
                0x0810b2e0      0x53c ./Drivers/STM32H7xx_HAL_Driver/stm32h7xx_ll_usb.o
                0x0810b2e0                USB_EPStartXfer
 .text.USB_EPStopXfer
                0x0810b81c      0x154 ./Drivers/STM32H7xx_HAL_Driver/stm32h7xx_ll_usb.o
                0x0810b81c                USB_EPStopXfer
 .text.USB_WritePacket
                0x0810b970       0x7c ./Drivers/STM32H7xx_HAL_Driver/stm32h7xx_ll_usb.o
                0x0810b970                USB_WritePacket
 .text.USB_ReadPacket
                0x0810b9ec       0xb0 ./Drivers/STM32H7xx_HAL_Driver/stm32h7xx_ll_usb.o
                0x0810b9ec                USB_ReadPacket
 .text.USB_EPSetStall
                0x0810ba9c       0xdc ./Drivers/STM32H7xx_HAL_Driver/stm32h7xx_ll_usb.o
                0x0810ba9c                USB_EPSetStall
 .text.USB_EPClearStall
                0x0810bb78       0xcc ./Drivers/STM32H7xx_HAL_Driver/stm32h7xx_ll_usb.o
                0x0810bb78                USB_EPClearStall
 .text.USB_SetDevAddress
                0x0810bc44       0x4c ./Drivers/STM32H7xx_HAL_Driver/stm32h7xx_ll_usb.o
                0x0810bc44                USB_SetDevAddress
 .text.USB_DevConnect
                0x0810bc90       0x42 ./Drivers/STM32H7xx_HAL_Driver/stm32h7xx_ll_usb.o
                0x0810bc90                USB_DevConnect
 .text.USB_DevDisconnect
                0x0810bcd2       0x42 ./Drivers/STM32H7xx_HAL_Driver/stm32h7xx_ll_usb.o
                0x0810bcd2                USB_DevDisconnect
 .text.USB_ReadInterrupts
                0x0810bd14       0x26 ./Drivers/STM32H7xx_HAL_Driver/stm32h7xx_ll_usb.o
                0x0810bd14                USB_ReadInterrupts
 .text.USB_ReadDevAllOutEpInterrupt
                0x0810bd3a       0x34 ./Drivers/STM32H7xx_HAL_Driver/stm32h7xx_ll_usb.o
                0x0810bd3a                USB_ReadDevAllOutEpInterrupt
 .text.USB_ReadDevAllInEpInterrupt
                0x0810bd6e       0x34 ./Drivers/STM32H7xx_HAL_Driver/stm32h7xx_ll_usb.o
                0x0810bd6e                USB_ReadDevAllInEpInterrupt
 .text.USB_ReadDevOutEPInterrupt
                0x0810bda2       0x3c ./Drivers/STM32H7xx_HAL_Driver/stm32h7xx_ll_usb.o
                0x0810bda2                USB_ReadDevOutEPInterrupt
 .text.USB_ReadDevInEPInterrupt
                0x0810bdde       0x5c ./Drivers/STM32H7xx_HAL_Driver/stm32h7xx_ll_usb.o
                0x0810bdde                USB_ReadDevInEPInterrupt
 .text.USB_GetMode
                0x0810be3a       0x1c ./Drivers/STM32H7xx_HAL_Driver/stm32h7xx_ll_usb.o
                0x0810be3a                USB_GetMode
 .text.USB_ActivateSetup
                0x0810be56       0x46 ./Drivers/STM32H7xx_HAL_Driver/stm32h7xx_ll_usb.o
                0x0810be56                USB_ActivateSetup
 .text.USB_EP0_OutStart
                0x0810be9c       0xbc ./Drivers/STM32H7xx_HAL_Driver/stm32h7xx_ll_usb.o
                0x0810be9c                USB_EP0_OutStart
 .text.USB_CoreReset
                0x0810bf58       0x62 ./Drivers/STM32H7xx_HAL_Driver/stm32h7xx_ll_usb.o
 *fill*         0x0810bfba        0x2 
 .text.USBD_CDC_Init
                0x0810bfbc      0x1f0 ./Middlewares/ST/STM32_USB_Device_Library/usbd_cdc.o
 .text.USBD_CDC_DeInit
                0x0810c1ac      0x104 ./Middlewares/ST/STM32_USB_Device_Library/usbd_cdc.o
 .text.USBD_CDC_Setup
                0x0810c2b0      0x1b8 ./Middlewares/ST/STM32_USB_Device_Library/usbd_cdc.o
 .text.USBD_CDC_DataIn
                0x0810c468       0xfe ./Middlewares/ST/STM32_USB_Device_Library/usbd_cdc.o
 .text.USBD_CDC_DataOut
                0x0810c566       0x70 ./Middlewares/ST/STM32_USB_Device_Library/usbd_cdc.o
 .text.USBD_CDC_EP0_RxReady
                0x0810c5d6       0x74 ./Middlewares/ST/STM32_USB_Device_Library/usbd_cdc.o
 *fill*         0x0810c64a        0x2 
 .text.USBD_CDC_GetFSCfgDesc
                0x0810c64c       0x70 ./Middlewares/ST/STM32_USB_Device_Library/usbd_cdc.o
 .text.USBD_CDC_GetHSCfgDesc
                0x0810c6bc       0x70 ./Middlewares/ST/STM32_USB_Device_Library/usbd_cdc.o
 .text.USBD_CDC_GetOtherSpeedCfgDesc
                0x0810c72c       0x70 ./Middlewares/ST/STM32_USB_Device_Library/usbd_cdc.o
 .text.USBD_CDC_GetDeviceQualifierDescriptor
                0x0810c79c       0x20 ./Middlewares/ST/STM32_USB_Device_Library/usbd_cdc.o
                0x0810c79c                USBD_CDC_GetDeviceQualifierDescriptor
 .text.USBD_CDC_RegisterInterface
                0x0810c7bc       0x34 ./Middlewares/ST/STM32_USB_Device_Library/usbd_cdc.o
                0x0810c7bc                USBD_CDC_RegisterInterface
 .text.USBD_CDC_SetTxBuffer
                0x0810c7f0       0x44 ./Middlewares/ST/STM32_USB_Device_Library/usbd_cdc.o
                0x0810c7f0                USBD_CDC_SetTxBuffer
 .text.USBD_CDC_SetRxBuffer
                0x0810c834       0x3a ./Middlewares/ST/STM32_USB_Device_Library/usbd_cdc.o
                0x0810c834                USBD_CDC_SetRxBuffer
 *fill*         0x0810c86e        0x2 
 .text.USBD_CDC_TransmitPacket
                0x0810c870       0x80 ./Middlewares/ST/STM32_USB_Device_Library/usbd_cdc.o
                0x0810c870                USBD_CDC_TransmitPacket
 .text.USBD_CDC_ReceivePacket
                0x0810c8f0       0x6c ./Middlewares/ST/STM32_USB_Device_Library/usbd_cdc.o
                0x0810c8f0                USBD_CDC_ReceivePacket
 .text.USBD_Init
                0x0810c95c       0x60 ./Middlewares/ST/STM32_USB_Device_Library/usbd_core.o
                0x0810c95c                USBD_Init
 .text.USBD_RegisterClass
                0x0810c9bc       0x6c ./Middlewares/ST/STM32_USB_Device_Library/usbd_core.o
                0x0810c9bc                USBD_RegisterClass
 .text.USBD_Start
                0x0810ca28       0x18 ./Middlewares/ST/STM32_USB_Device_Library/usbd_core.o
                0x0810ca28                USBD_Start
 .text.USBD_RunTestMode
                0x0810ca40       0x16 ./Middlewares/ST/STM32_USB_Device_Library/usbd_core.o
                0x0810ca40                USBD_RunTestMode
 .text.USBD_SetClassConfig
                0x0810ca56       0x38 ./Middlewares/ST/STM32_USB_Device_Library/usbd_core.o
                0x0810ca56                USBD_SetClassConfig
 .text.USBD_ClrClassConfig
                0x0810ca8e       0x34 ./Middlewares/ST/STM32_USB_Device_Library/usbd_core.o
                0x0810ca8e                USBD_ClrClassConfig
 .text.USBD_LL_SetupStage
                0x0810cac2       0xaa ./Middlewares/ST/STM32_USB_Device_Library/usbd_core.o
                0x0810cac2                USBD_LL_SetupStage
 .text.USBD_LL_DataOutStage
                0x0810cb6c      0x166 ./Middlewares/ST/STM32_USB_Device_Library/usbd_core.o
                0x0810cb6c                USBD_LL_DataOutStage
 .text.USBD_LL_DataInStage
                0x0810ccd2      0x164 ./Middlewares/ST/STM32_USB_Device_Library/usbd_core.o
                0x0810ccd2                USBD_LL_DataInStage
 .text.USBD_LL_Reset
                0x0810ce36       0xa4 ./Middlewares/ST/STM32_USB_Device_Library/usbd_core.o
                0x0810ce36                USBD_LL_Reset
 .text.USBD_LL_SetSpeed
                0x0810ceda       0x20 ./Middlewares/ST/STM32_USB_Device_Library/usbd_core.o
                0x0810ceda                USBD_LL_SetSpeed
 .text.USBD_LL_Suspend
                0x0810cefa       0x38 ./Middlewares/ST/STM32_USB_Device_Library/usbd_core.o
                0x0810cefa                USBD_LL_Suspend
 .text.USBD_LL_Resume
                0x0810cf32       0x30 ./Middlewares/ST/STM32_USB_Device_Library/usbd_core.o
                0x0810cf32                USBD_LL_Resume
 .text.USBD_LL_SOF
                0x0810cf62       0x40 ./Middlewares/ST/STM32_USB_Device_Library/usbd_core.o
                0x0810cf62                USBD_LL_SOF
 .text.USBD_LL_IsoINIncomplete
                0x0810cfa2       0x64 ./Middlewares/ST/STM32_USB_Device_Library/usbd_core.o
                0x0810cfa2                USBD_LL_IsoINIncomplete
 .text.USBD_LL_IsoOUTIncomplete
                0x0810d006       0x64 ./Middlewares/ST/STM32_USB_Device_Library/usbd_core.o
                0x0810d006                USBD_LL_IsoOUTIncomplete
 .text.USBD_LL_DevConnected
                0x0810d06a       0x16 ./Middlewares/ST/STM32_USB_Device_Library/usbd_core.o
                0x0810d06a                USBD_LL_DevConnected
 .text.USBD_LL_DevDisconnected
                0x0810d080       0x46 ./Middlewares/ST/STM32_USB_Device_Library/usbd_core.o
                0x0810d080                USBD_LL_DevDisconnected
 .text.USBD_CoreFindIF
                0x0810d0c6       0x1a ./Middlewares/ST/STM32_USB_Device_Library/usbd_core.o
                0x0810d0c6                USBD_CoreFindIF
 .text.USBD_CoreFindEP
                0x0810d0e0       0x1a ./Middlewares/ST/STM32_USB_Device_Library/usbd_core.o
                0x0810d0e0                USBD_CoreFindEP
 .text.USBD_GetEpDesc
                0x0810d0fa       0x70 ./Middlewares/ST/STM32_USB_Device_Library/usbd_core.o
                0x0810d0fa                USBD_GetEpDesc
 .text.USBD_GetNextDesc
                0x0810d16a       0x38 ./Middlewares/ST/STM32_USB_Device_Library/usbd_core.o
                0x0810d16a                USBD_GetNextDesc
 .text.SWAPBYTE
                0x0810d1a2       0x3e ./Middlewares/ST/STM32_USB_Device_Library/usbd_ctlreq.o
 .text.USBD_StdDevReq
                0x0810d1e0       0xe4 ./Middlewares/ST/STM32_USB_Device_Library/usbd_ctlreq.o
                0x0810d1e0                USBD_StdDevReq
 .text.USBD_StdItfReq
                0x0810d2c4       0xd8 ./Middlewares/ST/STM32_USB_Device_Library/usbd_ctlreq.o
                0x0810d2c4                USBD_StdItfReq
 .text.USBD_StdEPReq
                0x0810d39c      0x33a ./Middlewares/ST/STM32_USB_Device_Library/usbd_ctlreq.o
                0x0810d39c                USBD_StdEPReq
 *fill*         0x0810d6d6        0x2 
 .text.USBD_GetDescriptor
                0x0810d6d8      0x328 ./Middlewares/ST/STM32_USB_Device_Library/usbd_ctlreq.o
 .text.USBD_SetAddress
                0x0810da00       0x88 ./Middlewares/ST/STM32_USB_Device_Library/usbd_ctlreq.o
 .text.USBD_SetConfig
                0x0810da88      0x154 ./Middlewares/ST/STM32_USB_Device_Library/usbd_ctlreq.o
 .text.USBD_GetConfig
                0x0810dbdc       0x6c ./Middlewares/ST/STM32_USB_Device_Library/usbd_ctlreq.o
 .text.USBD_GetStatus
                0x0810dc48       0x68 ./Middlewares/ST/STM32_USB_Device_Library/usbd_ctlreq.o
 .text.USBD_SetFeature
                0x0810dcb0       0x52 ./Middlewares/ST/STM32_USB_Device_Library/usbd_ctlreq.o
 .text.USBD_ClrFeature
                0x0810dd02       0x44 ./Middlewares/ST/STM32_USB_Device_Library/usbd_ctlreq.o
 .text.USBD_ParseSetupRequest
                0x0810dd46       0x74 ./Middlewares/ST/STM32_USB_Device_Library/usbd_ctlreq.o
                0x0810dd46                USBD_ParseSetupRequest
 .text.USBD_CtlError
                0x0810ddba       0x22 ./Middlewares/ST/STM32_USB_Device_Library/usbd_ctlreq.o
                0x0810ddba                USBD_CtlError
 .text.USBD_GetString
                0x0810dddc       0xa4 ./Middlewares/ST/STM32_USB_Device_Library/usbd_ctlreq.o
                0x0810dddc                USBD_GetString
 .text.USBD_GetLen
                0x0810de80       0x34 ./Middlewares/ST/STM32_USB_Device_Library/usbd_ctlreq.o
 .text.USBD_CtlSendData
                0x0810deb4       0x36 ./Middlewares/ST/STM32_USB_Device_Library/usbd_ioreq.o
                0x0810deb4                USBD_CtlSendData
 .text.USBD_CtlContinueSendData
                0x0810deea       0x22 ./Middlewares/ST/STM32_USB_Device_Library/usbd_ioreq.o
                0x0810deea                USBD_CtlContinueSendData
 .text.USBD_CtlPrepareRx
                0x0810df0c       0x3a ./Middlewares/ST/STM32_USB_Device_Library/usbd_ioreq.o
                0x0810df0c                USBD_CtlPrepareRx
 .text.USBD_CtlContinueRx
                0x0810df46       0x22 ./Middlewares/ST/STM32_USB_Device_Library/usbd_ioreq.o
                0x0810df46                USBD_CtlContinueRx
 .text.USBD_CtlSendStatus
                0x0810df68       0x26 ./Middlewares/ST/STM32_USB_Device_Library/usbd_ioreq.o
                0x0810df68                USBD_CtlSendStatus
 .text.USBD_CtlReceiveStatus
                0x0810df8e       0x26 ./Middlewares/ST/STM32_USB_Device_Library/usbd_ioreq.o
                0x0810df8e                USBD_CtlReceiveStatus
 .text.MX_USB_DEVICE_Init
                0x0810dfb4       0x64 ./USB_DEVICE/App/usb_device.o
                0x0810dfb4                MX_USB_DEVICE_Init
 .text.CDC_Init_FS
                0x0810e018       0x28 ./USB_DEVICE/App/usbd_cdc_if.o
 .text.CDC_DeInit_FS
                0x0810e040       0x10 ./USB_DEVICE/App/usbd_cdc_if.o
 .text.CDC_Control_FS
                0x0810e050      0x108 ./USB_DEVICE/App/usbd_cdc_if.o
 .text.CDC_Receive_FS
                0x0810e158       0x54 ./USB_DEVICE/App/usbd_cdc_if.o
 .text.CDC_Transmit_FS
                0x0810e1ac       0x4c ./USB_DEVICE/App/usbd_cdc_if.o
                0x0810e1ac                CDC_Transmit_FS
 .text.CDC_TransmitCplt_FS
                0x0810e1f8       0x22 ./USB_DEVICE/App/usbd_cdc_if.o
 *fill*         0x0810e21a        0x2 
 .text.CDC_ComPort_IsOpen
                0x0810e21c       0x18 ./USB_DEVICE/App/usbd_cdc_if.o
                0x0810e21c                CDC_ComPort_IsOpen
 .text.CDC_IsTxReady
                0x0810e234       0x30 ./USB_DEVICE/App/usbd_cdc_if.o
                0x0810e234                CDC_IsTxReady
 .text.USBD_FS_DeviceDescriptor
                0x0810e264       0x24 ./USB_DEVICE/App/usbd_desc.o
                0x0810e264                USBD_FS_DeviceDescriptor
 .text.USBD_FS_LangIDStrDescriptor
                0x0810e288       0x24 ./USB_DEVICE/App/usbd_desc.o
                0x0810e288                USBD_FS_LangIDStrDescriptor
 .text.USBD_FS_ProductStrDescriptor
                0x0810e2ac       0x3c ./USB_DEVICE/App/usbd_desc.o
                0x0810e2ac                USBD_FS_ProductStrDescriptor
 .text.USBD_FS_ManufacturerStrDescriptor
                0x0810e2e8       0x28 ./USB_DEVICE/App/usbd_desc.o
                0x0810e2e8                USBD_FS_ManufacturerStrDescriptor
 .text.USBD_FS_SerialStrDescriptor
                0x0810e310       0x24 ./USB_DEVICE/App/usbd_desc.o
                0x0810e310                USBD_FS_SerialStrDescriptor
 .text.USBD_FS_ConfigStrDescriptor
                0x0810e334       0x3c ./USB_DEVICE/App/usbd_desc.o
                0x0810e334                USBD_FS_ConfigStrDescriptor
 .text.USBD_FS_InterfaceStrDescriptor
                0x0810e370       0x3c ./USB_DEVICE/App/usbd_desc.o
                0x0810e370                USBD_FS_InterfaceStrDescriptor
 .text.Get_SerialNum
                0x0810e3ac       0x44 ./USB_DEVICE/App/usbd_desc.o
 .text.IntToUnicode
                0x0810e3f0       0x7e ./USB_DEVICE/App/usbd_desc.o
 *fill*         0x0810e46e        0x2 
 .text.HAL_PCD_MspInit
                0x0810e470      0x108 ./USB_DEVICE/Target/usbd_conf.o
                0x0810e470                HAL_PCD_MspInit
 .text.HAL_PCD_SetupStageCallback
                0x0810e578       0x24 ./USB_DEVICE/Target/usbd_conf.o
                0x0810e578                HAL_PCD_SetupStageCallback
 .text.HAL_PCD_DataOutStageCallback
                0x0810e59c       0x36 ./USB_DEVICE/Target/usbd_conf.o
                0x0810e59c                HAL_PCD_DataOutStageCallback
 .text.HAL_PCD_DataInStageCallback
                0x0810e5d2       0x34 ./USB_DEVICE/Target/usbd_conf.o
                0x0810e5d2                HAL_PCD_DataInStageCallback
 .text.HAL_PCD_SOFCallback
                0x0810e606       0x1c ./USB_DEVICE/Target/usbd_conf.o
                0x0810e606                HAL_PCD_SOFCallback
 .text.HAL_PCD_ResetCallback
                0x0810e622       0x50 ./USB_DEVICE/Target/usbd_conf.o
                0x0810e622                HAL_PCD_ResetCallback
 *fill*         0x0810e672        0x2 
 .text.HAL_PCD_SuspendCallback
                0x0810e674       0x4c ./USB_DEVICE/Target/usbd_conf.o
                0x0810e674                HAL_PCD_SuspendCallback
 .text.HAL_PCD_ResumeCallback
                0x0810e6c0       0x1c ./USB_DEVICE/Target/usbd_conf.o
                0x0810e6c0                HAL_PCD_ResumeCallback
 .text.HAL_PCD_ISOOUTIncompleteCallback
                0x0810e6dc       0x24 ./USB_DEVICE/Target/usbd_conf.o
                0x0810e6dc                HAL_PCD_ISOOUTIncompleteCallback
 .text.HAL_PCD_ISOINIncompleteCallback
                0x0810e700       0x24 ./USB_DEVICE/Target/usbd_conf.o
                0x0810e700                HAL_PCD_ISOINIncompleteCallback
 .text.HAL_PCD_ConnectCallback
                0x0810e724       0x1c ./USB_DEVICE/Target/usbd_conf.o
                0x0810e724                HAL_PCD_ConnectCallback
 .text.HAL_PCD_DisconnectCallback
                0x0810e740       0x1c ./USB_DEVICE/Target/usbd_conf.o
                0x0810e740                HAL_PCD_DisconnectCallback
 .text.USBD_LL_Init
                0x0810e75c       0xa0 ./USB_DEVICE/Target/usbd_conf.o
                0x0810e75c                USBD_LL_Init
 .text.USBD_LL_Start
                0x0810e7fc       0x36 ./USB_DEVICE/Target/usbd_conf.o
                0x0810e7fc                USBD_LL_Start
 .text.USBD_LL_OpenEP
                0x0810e832       0x4c ./USB_DEVICE/Target/usbd_conf.o
                0x0810e832                USBD_LL_OpenEP
 .text.USBD_LL_CloseEP
                0x0810e87e       0x3e ./USB_DEVICE/Target/usbd_conf.o
                0x0810e87e                USBD_LL_CloseEP
 .text.USBD_LL_StallEP
                0x0810e8bc       0x3e ./USB_DEVICE/Target/usbd_conf.o
                0x0810e8bc                USBD_LL_StallEP
 .text.USBD_LL_ClearStallEP
                0x0810e8fa       0x3e ./USB_DEVICE/Target/usbd_conf.o
                0x0810e8fa                USBD_LL_ClearStallEP
 .text.USBD_LL_IsStallEP
                0x0810e938       0x58 ./USB_DEVICE/Target/usbd_conf.o
                0x0810e938                USBD_LL_IsStallEP
 .text.USBD_LL_SetUSBAddress
                0x0810e990       0x3e ./USB_DEVICE/Target/usbd_conf.o
                0x0810e990                USBD_LL_SetUSBAddress
 .text.USBD_LL_Transmit
                0x0810e9ce       0x42 ./USB_DEVICE/Target/usbd_conf.o
                0x0810e9ce                USBD_LL_Transmit
 .text.USBD_LL_PrepareReceive
                0x0810ea10       0x42 ./USB_DEVICE/Target/usbd_conf.o
                0x0810ea10                USBD_LL_PrepareReceive
 .text.USBD_LL_GetRxDataSize
                0x0810ea52       0x26 ./USB_DEVICE/Target/usbd_conf.o
                0x0810ea52                USBD_LL_GetRxDataSize
 .text.USBD_static_malloc
                0x0810ea78       0x1c ./USB_DEVICE/Target/usbd_conf.o
                0x0810ea78                USBD_static_malloc
 .text.USBD_static_free
                0x0810ea94       0x14 ./USB_DEVICE/Target/usbd_conf.o
                0x0810ea94                USBD_static_free
 .text.USBD_Get_USB_Status
                0x0810eaa8       0x58 ./USB_DEVICE/Target/usbd_conf.o
                0x0810eaa8                USBD_Get_USB_Status
 .text.memset   0x0810eb00       0x10 C:/ST/STM32CubeIDE_1.15.1/STM32CubeIDE/plugins/com.st.stm32cube.ide.mcu.externaltools.gnu-tools-for-stm32.13.3.rel1.win32_1.0.0.202411081344/tools/bin/../lib/gcc/arm-none-eabi/13.3.1/../../../../arm-none-eabi/lib/thumb/v7e-m+fp/hard\libc_nano.a(libc_a-memset.o)
                0x0810eb00                memset
 .text.strncpy  0x0810eb10       0x26 C:/ST/STM32CubeIDE_1.15.1/STM32CubeIDE/plugins/com.st.stm32cube.ide.mcu.externaltools.gnu-tools-for-stm32.13.3.rel1.win32_1.0.0.202411081344/tools/bin/../lib/gcc/arm-none-eabi/13.3.1/../../../../arm-none-eabi/lib/thumb/v7e-m+fp/hard\libc_nano.a(libc_a-strncpy.o)
                0x0810eb10                strncpy
 *fill*         0x0810eb36        0x2 
 .text.__libc_init_array
                0x0810eb38       0x48 C:/ST/STM32CubeIDE_1.15.1/STM32CubeIDE/plugins/com.st.stm32cube.ide.mcu.externaltools.gnu-tools-for-stm32.13.3.rel1.win32_1.0.0.202411081344/tools/bin/../lib/gcc/arm-none-eabi/13.3.1/../../../../arm-none-eabi/lib/thumb/v7e-m+fp/hard\libc_nano.a(libc_a-init.o)
                0x0810eb38                __libc_init_array
 .text.memcpy   0x0810eb80       0x1c C:/ST/STM32CubeIDE_1.15.1/STM32CubeIDE/plugins/com.st.stm32cube.ide.mcu.externaltools.gnu-tools-for-stm32.13.3.rel1.win32_1.0.0.202411081344/tools/bin/../lib/gcc/arm-none-eabi/13.3.1/../../../../arm-none-eabi/lib/thumb/v7e-m+fp/hard\libc_nano.a(libc_a-memcpy-stub.o)
                0x0810eb80                memcpy
 *(.glue_7)
 .glue_7        0x0810eb9c        0x0 linker stubs
 *(.glue_7t)
 .glue_7t       0x0810eb9c        0x0 linker stubs
 *(.eh_frame)
 .eh_frame      0x0810eb9c        0x0 C:/ST/STM32CubeIDE_1.15.1/STM32CubeIDE/plugins/com.st.stm32cube.ide.mcu.externaltools.gnu-tools-for-stm32.13.3.rel1.win32_1.0.0.202411081344/tools/bin/../lib/gcc/arm-none-eabi/13.3.1/thumb/v7e-m+fp/hard/crtbegin.o
 *(.init)
 .init          0x0810eb9c        0x4 C:/ST/STM32CubeIDE_1.15.1/STM32CubeIDE/plugins/com.st.stm32cube.ide.mcu.externaltools.gnu-tools-for-stm32.13.3.rel1.win32_1.0.0.202411081344/tools/bin/../lib/gcc/arm-none-eabi/13.3.1/thumb/v7e-m+fp/hard/crti.o
                0x0810eb9c                _init
 .init          0x0810eba0        0x8 C:/ST/STM32CubeIDE_1.15.1/STM32CubeIDE/plugins/com.st.stm32cube.ide.mcu.externaltools.gnu-tools-for-stm32.13.3.rel1.win32_1.0.0.202411081344/tools/bin/../lib/gcc/arm-none-eabi/13.3.1/thumb/v7e-m+fp/hard/crtn.o
 *(.fini)
 .fini          0x0810eba8        0x4 C:/ST/STM32CubeIDE_1.15.1/STM32CubeIDE/plugins/com.st.stm32cube.ide.mcu.externaltools.gnu-tools-for-stm32.13.3.rel1.win32_1.0.0.202411081344/tools/bin/../lib/gcc/arm-none-eabi/13.3.1/thumb/v7e-m+fp/hard/crti.o
                0x0810eba8                _fini
 .fini          0x0810ebac        0x8 C:/ST/STM32CubeIDE_1.15.1/STM32CubeIDE/plugins/com.st.stm32cube.ide.mcu.externaltools.gnu-tools-for-stm32.13.3.rel1.win32_1.0.0.202411081344/tools/bin/../lib/gcc/arm-none-eabi/13.3.1/thumb/v7e-m+fp/hard/crtn.o
                0x0810ebb4                        . = ALIGN (0x4)
                0x0810ebb4                        _etext = .

.vfp11_veneer   0x0810ebb4        0x0
 .vfp11_veneer  0x0810ebb4        0x0 linker stubs

.v4_bx          0x0810ebb4        0x0
 .v4_bx         0x0810ebb4        0x0 linker stubs

.iplt           0x0810ebb4        0x0
 .iplt          0x0810ebb4        0x0 C:/ST/STM32CubeIDE_1.15.1/STM32CubeIDE/plugins/com.st.stm32cube.ide.mcu.externaltools.gnu-tools-for-stm32.13.3.rel1.win32_1.0.0.202411081344/tools/bin/../lib/gcc/arm-none-eabi/13.3.1/thumb/v7e-m+fp/hard/crtbegin.o

.rodata         0x0810ebb4       0xec
                0x0810ebb4                        . = ALIGN (0x4)
 *(.rodata)
 .rodata        0x0810ebb4       0x15 ./0_DEV/M1_Driver4/UART_DMA/uart_dma_driver.o
 *fill*         0x0810ebc9        0x3 
 .rodata        0x0810ebcc        0xf ./0_DEV/M1_Driver4/USB_CDC/cdc_driver.o
 *fill*         0x0810ebdb        0x1 
 .rodata        0x0810ebdc       0x18 ./USB_DEVICE/App/usbd_cdc_if.o
 .rodata        0x0810ebf4       0x42 ./USB_DEVICE/App/usbd_desc.o
 *(.rodata*)
 *fill*         0x0810ec36        0x2 
 .rodata.LL_DMA_STR_OFFSET_TAB
                0x0810ec38        0x8 ./0_DEV/M1_Driver4/UART_DMA/uart_dma_driver.o
 .rodata.D1CorePrescTable
                0x0810ec40       0x10 ./Common/Src/system_stm32h7xx_dualcore_boot_cm4_cm7.o
                0x0810ec40                D1CorePrescTable
 .rodata.LL_DMA_STR_OFFSET_TAB
                0x0810ec50        0x8 ./Core/Src/main.o
 .rodata.LL_DMA_STR_OFFSET_TAB
                0x0810ec58        0x8 ./Core/Src/stm32h7xx_it.o
 .rodata.LL_RCC_PrescTable
                0x0810ec60       0x10 ./Drivers/STM32H7xx_HAL_Driver/stm32h7xx_ll_rcc.o
                0x0810ec60                LL_RCC_PrescTable
 .rodata.USART_PRESCALER_TAB
                0x0810ec70       0x30 ./Drivers/STM32H7xx_HAL_Driver/stm32h7xx_ll_usart.o
                0x0810eca0                        . = ALIGN (0x4)

.ARM.extab
 *(.ARM.extab* .gnu.linkonce.armextab.*)

.ARM            0x0810eca0        0x0
                0x0810eca0                        __exidx_start = .
 *(.ARM.exidx*)
                0x0810eca0                        __exidx_end = .

.preinit_array  0x0810eca0        0x0
                0x0810eca0                        PROVIDE (__preinit_array_start = .)
 *(.preinit_array*)
                0x0810eca0                        PROVIDE (__preinit_array_end = .)

.init_array     0x0810eca0        0x4
                0x0810eca0                        PROVIDE (__init_array_start = .)
 *(SORT_BY_NAME(.init_array.*))
 *(.init_array*)
 .init_array    0x0810eca0        0x4 C:/ST/STM32CubeIDE_1.15.1/STM32CubeIDE/plugins/com.st.stm32cube.ide.mcu.externaltools.gnu-tools-for-stm32.13.3.rel1.win32_1.0.0.202411081344/tools/bin/../lib/gcc/arm-none-eabi/13.3.1/thumb/v7e-m+fp/hard/crtbegin.o
                0x0810eca4                        PROVIDE (__init_array_end = .)

.fini_array     0x0810eca4        0x4
                [!provide]                        PROVIDE (__fini_array_start = .)
 *(SORT_BY_NAME(.fini_array.*))
 *(.fini_array*)
 .fini_array    0x0810eca4        0x4 C:/ST/STM32CubeIDE_1.15.1/STM32CubeIDE/plugins/com.st.stm32cube.ide.mcu.externaltools.gnu-tools-for-stm32.13.3.rel1.win32_1.0.0.202411081344/tools/bin/../lib/gcc/arm-none-eabi/13.3.1/thumb/v7e-m+fp/hard/crtbegin.o
                [!provide]                        PROVIDE (__fini_array_end = .)
                0x0810eca8                        _sidata = LOADADDR (.data)

.rel.dyn        0x0810eca8        0x0
 .rel.iplt      0x0810eca8        0x0 C:/ST/STM32CubeIDE_1.15.1/STM32CubeIDE/plugins/com.st.stm32cube.ide.mcu.externaltools.gnu-tools-for-stm32.13.3.rel1.win32_1.0.0.202411081344/tools/bin/../lib/gcc/arm-none-eabi/13.3.1/thumb/v7e-m+fp/hard/crtbegin.o

.data           0x10032000      0x1fc load address 0x0810eca8
                0x10032000                        . = ALIGN (0x4)
                0x10032000                        _sdata = .
 *(.data)
 *(.data*)
 .data.schedulerTasks
                0x10032000       0x78 ./0_DEV/M0_App4/Task4/scheduler_tasks.o
 .data.uart_dma_drivers
                0x10032078       0x78 ./0_DEV/M1_Driver4/UART_DMA/uart_dma_driver.o
 .data.SystemCoreClock
                0x100320f0        0x4 ./Common/Src/system_stm32h7xx_dualcore_boot_cm4_cm7.o
                0x100320f0                SystemCoreClock
 .data.SystemD2Clock
                0x100320f4        0x4 ./Common/Src/system_stm32h7xx_dualcore_boot_cm4_cm7.o
                0x100320f4                SystemD2Clock
 .data.uwTickPrio
                0x100320f8        0x4 ./Drivers/STM32H7xx_HAL_Driver/stm32h7xx_hal.o
                0x100320f8                uwTickPrio
 .data.uwTickFreq
                0x100320fc        0x1 ./Drivers/STM32H7xx_HAL_Driver/stm32h7xx_hal.o
                0x100320fc                uwTickFreq
 *fill*         0x100320fd        0x3 
 .data.USBD_CDC_DeviceQualifierDesc
                0x10032100        0xa ./Middlewares/ST/STM32_USB_Device_Library/usbd_cdc.o
 *fill*         0x1003210a        0x2 
 .data.USBD_CDC
                0x1003210c       0x38 ./Middlewares/ST/STM32_USB_Device_Library/usbd_cdc.o
                0x1003210c                USBD_CDC
 .data.USBD_CDC_CfgDesc
                0x10032144       0x43 ./Middlewares/ST/STM32_USB_Device_Library/usbd_cdc.o
 .data.CDCInEpAdd
                0x10032187        0x1 ./Middlewares/ST/STM32_USB_Device_Library/usbd_cdc.o
 .data.CDCOutEpAdd
                0x10032188        0x1 ./Middlewares/ST/STM32_USB_Device_Library/usbd_cdc.o
 .data.CDCCmdEpAdd
                0x10032189        0x1 ./Middlewares/ST/STM32_USB_Device_Library/usbd_cdc.o
 *fill*         0x1003218a        0x2 
 .data.USBD_Interface_fops_FS
                0x1003218c       0x14 ./USB_DEVICE/App/usbd_cdc_if.o
                0x1003218c                USBD_Interface_fops_FS
 .data.lineCoding.0
                0x100321a0        0x7 ./USB_DEVICE/App/usbd_cdc_if.o
 *fill*         0x100321a7        0x1 
 .data.FS_Desc  0x100321a8       0x20 ./USB_DEVICE/App/usbd_desc.o
                0x100321a8                FS_Desc
 .data.USBD_FS_DeviceDesc
                0x100321c8       0x12 ./USB_DEVICE/App/usbd_desc.o
                0x100321c8                USBD_FS_DeviceDesc
 *fill*         0x100321da        0x2 
 .data.USBD_LangIDDesc
                0x100321dc        0x4 ./USB_DEVICE/App/usbd_desc.o
                0x100321dc                USBD_LangIDDesc
 .data.USBD_StringSerial
                0x100321e0       0x1a ./USB_DEVICE/App/usbd_desc.o
                0x100321e0                USBD_StringSerial
 *(.RamFunc)
 *(.RamFunc*)
                0x100321fc                        . = ALIGN (0x4)
 *fill*         0x100321fa        0x2 
                0x100321fc                        _edata = .

.igot.plt       0x100321fc        0x0 load address 0x0810eea4
 .igot.plt      0x100321fc        0x0 C:/ST/STM32CubeIDE_1.15.1/STM32CubeIDE/plugins/com.st.stm32cube.ide.mcu.externaltools.gnu-tools-for-stm32.13.3.rel1.win32_1.0.0.202411081344/tools/bin/../lib/gcc/arm-none-eabi/13.3.1/thumb/v7e-m+fp/hard/crtbegin.o
                0x100321fc                        . = ALIGN (0x4)

.bss            0x100321fc     0x4980 load address 0x0810eea4
                0x100321fc                        _sbss = .
                0x100321fc                        __bss_start__ = _sbss
 *(.bss)
 .bss           0x100321fc       0x1c C:/ST/STM32CubeIDE_1.15.1/STM32CubeIDE/plugins/com.st.stm32cube.ide.mcu.externaltools.gnu-tools-for-stm32.13.3.rel1.win32_1.0.0.202411081344/tools/bin/../lib/gcc/arm-none-eabi/13.3.1/thumb/v7e-m+fp/hard/crtbegin.o
 *(.bss*)
 .bss.s_SchedulerRunning
                0x10032218        0x1 ./0_DEV/M0_App4/OS4/scheduler.o
 *fill*         0x10032219        0x3 
 .bss.s_TaskContext
                0x1003221c      0x180 ./0_DEV/M0_App4/OS4/scheduler.o
 .bss.s_NumOfTaskScheduled
                0x1003239c        0x1 ./0_DEV/M0_App4/OS4/scheduler.o
 *fill*         0x1003239d        0x3 
 .bss.s_TimerContext
                0x100323a0       0xa0 ./0_DEV/M0_App4/OS4/scheduler.o
 .bss.s_NumOfTimers
                0x10032440        0x1 ./0_DEV/M0_App4/OS4/scheduler.o
 *fill*         0x10032441        0x3 
 .bss.s_SemaphoreContext
                0x10032444        0x4 ./0_DEV/M0_App4/OS4/scheduler.o
 .bss.s_NumOfSemaphores
                0x10032448        0x1 ./0_DEV/M0_App4/OS4/scheduler.o
 *fill*         0x10032449        0x3 
 .bss.s_TaskPending
                0x1003244c        0x4 ./0_DEV/M0_App4/OS4/scheduler.o
 .bss.s_TimerPending
                0x10032450        0x4 ./0_DEV/M0_App4/OS4/scheduler.o
 .bss.s_SystemTick
                0x10032454        0x4 ./0_DEV/M0_App4/OS4/scheduler.o
                0x10032454                s_SystemTick
 .bss.s_SoftTimers
                0x10032458        0x8 ./0_DEV/M0_App4/OS4/scheduler.o
                0x10032458                s_SoftTimers
 .bss.asyncTaskHandle
                0x10032460        0x1 ./0_DEV/M0_App4/Task4/scheduler_tasks.o
 .bss.ledState.0
                0x10032461        0x1 ./0_DEV/M0_App4/Task4/scheduler_tasks.o
 *fill*         0x10032462        0x2 
 .bss.uart6_dma_rx_buffer
                0x10032464      0x800 ./0_DEV/M1_Driver4/UART_DMA/uart_dma_driver.o
 .bss.uart6_rx_data
                0x10032c64      0x800 ./0_DEV/M1_Driver4/UART_DMA/uart_dma_driver.o
 .bss.uart6_tx_data
                0x10033464      0x800 ./0_DEV/M1_Driver4/UART_DMA/uart_dma_driver.o
 .bss.cdcRxBuffer
                0x10033c64      0x800 ./0_DEV/M1_Driver4/USB_CDC/cdc_driver.o
 .bss.cdcRxRingBuffer
                0x10034464       0x30 ./0_DEV/M1_Driver4/USB_CDC/cdc_driver.o
 .bss.cdcTxBuffer