Archive member included to satisfy reference by file (symbol)

C:/ST/STM32CubeIDE_1.15.1/STM32CubeIDE/plugins/com.st.stm32cube.ide.mcu.externaltools.gnu-tools-for-stm32.13.3.rel1.win32_1.0.0.202411081344/tools/bin/../lib/gcc/arm-none-eabi/13.3.1/../../../../arm-none-eabi/lib/thumb/v7e-m+fp/hard\libc_nano.a(libc_a-exit.o)
                              C:/ST/STM32CubeIDE_1.15.1/STM32CubeIDE/plugins/com.st.stm32cube.ide.mcu.externaltools.gnu-tools-for-stm32.13.3.rel1.win32_1.0.0.202411081344/tools/bin/../lib/gcc/arm-none-eabi/13.3.1/../../../../arm-none-eabi/lib/thumb/v7e-m+fp/hard/crt0.o (exit)
C:/ST/STM32CubeIDE_1.15.1/STM32CubeIDE/plugins/com.st.stm32cube.ide.mcu.externaltools.gnu-tools-for-stm32.13.3.rel1.win32_1.0.0.202411081344/tools/bin/../lib/gcc/arm-none-eabi/13.3.1/../../../../arm-none-eabi/lib/thumb/v7e-m+fp/hard\libc_nano.a(libc_a-findfp.o)
                              C:/ST/STM32CubeIDE_1.15.1/STM32CubeIDE/plugins/com.st.stm32cube.ide.mcu.externaltools.gnu-tools-for-stm32.13.3.rel1.win32_1.0.0.202411081344/tools/bin/../lib/gcc/arm-none-eabi/13.3.1/../../../../arm-none-eabi/lib/thumb/v7e-m+fp/hard\libc_nano.a(libc_a-exit.o) (__stdio_exit_handler)
C:/ST/STM32CubeIDE_1.15.1/STM32CubeIDE/plugins/com.st.stm32cube.ide.mcu.externaltools.gnu-tools-for-stm32.13.3.rel1.win32_1.0.0.202411081344/tools/bin/../lib/gcc/arm-none-eabi/13.3.1/../../../../arm-none-eabi/lib/thumb/v7e-m+fp/hard\libc_nano.a(libc_a-fwalk.o)
                              C:/ST/STM32CubeIDE_1.15.1/STM32CubeIDE/plugins/com.st.stm32cube.ide.mcu.externaltools.gnu-tools-for-stm32.13.3.rel1.win32_1.0.0.202411081344/tools/bin/../lib/gcc/arm-none-eabi/13.3.1/../../../../arm-none-eabi/lib/thumb/v7e-m+fp/hard\libc_nano.a(libc_a-findfp.o) (_fwalk_sglue)
C:/ST/STM32CubeIDE_1.15.1/STM32CubeIDE/plugins/com.st.stm32cube.ide.mcu.externaltools.gnu-tools-for-stm32.13.3.rel1.win32_1.0.0.202411081344/tools/bin/../lib/gcc/arm-none-eabi/13.3.1/../../../../arm-none-eabi/lib/thumb/v7e-m+fp/hard\libc_nano.a(libc_a-stdio.o)
                              C:/ST/STM32CubeIDE_1.15.1/STM32CubeIDE/plugins/com.st.stm32cube.ide.mcu.externaltools.gnu-tools-for-stm32.13.3.rel1.win32_1.0.0.202411081344/tools/bin/../lib/gcc/arm-none-eabi/13.3.1/../../../../arm-none-eabi/lib/thumb/v7e-m+fp/hard\libc_nano.a(libc_a-findfp.o) (__sread)
C:/ST/STM32CubeIDE_1.15.1/STM32CubeIDE/plugins/com.st.stm32cube.ide.mcu.externaltools.gnu-tools-for-stm32.13.3.rel1.win32_1.0.0.202411081344/tools/bin/../lib/gcc/arm-none-eabi/13.3.1/../../../../arm-none-eabi/lib/thumb/v7e-m+fp/hard\libc_nano.a(libc_a-memset.o)
                              C:/ST/STM32CubeIDE_1.15.1/STM32CubeIDE/plugins/com.st.stm32cube.ide.mcu.externaltools.gnu-tools-for-stm32.13.3.rel1.win32_1.0.0.202411081344/tools/bin/../lib/gcc/arm-none-eabi/13.3.1/../../../../arm-none-eabi/lib/thumb/v7e-m+fp/hard/crt0.o (memset)
C:/ST/STM32CubeIDE_1.15.1/STM32CubeIDE/plugins/com.st.stm32cube.ide.mcu.externaltools.gnu-tools-for-stm32.13.3.rel1.win32_1.0.0.202411081344/tools/bin/../lib/gcc/arm-none-eabi/13.3.1/../../../../arm-none-eabi/lib/thumb/v7e-m+fp/hard\libc_nano.a(libc_a-closer.o)
                              C:/ST/STM32CubeIDE_1.15.1/STM32CubeIDE/plugins/com.st.stm32cube.ide.mcu.externaltools.gnu-tools-for-stm32.13.3.rel1.win32_1.0.0.202411081344/tools/bin/../lib/gcc/arm-none-eabi/13.3.1/../../../../arm-none-eabi/lib/thumb/v7e-m+fp/hard\libc_nano.a(libc_a-stdio.o) (_close_r)
C:/ST/STM32CubeIDE_1.15.1/STM32CubeIDE/plugins/com.st.stm32cube.ide.mcu.externaltools.gnu-tools-for-stm32.13.3.rel1.win32_1.0.0.202411081344/tools/bin/../lib/gcc/arm-none-eabi/13.3.1/../../../../arm-none-eabi/lib/thumb/v7e-m+fp/hard\libc_nano.a(libc_a-reent.o)
                              C:/ST/STM32CubeIDE_1.15.1/STM32CubeIDE/plugins/com.st.stm32cube.ide.mcu.externaltools.gnu-tools-for-stm32.13.3.rel1.win32_1.0.0.202411081344/tools/bin/../lib/gcc/arm-none-eabi/13.3.1/../../../../arm-none-eabi/lib/thumb/v7e-m+fp/hard\libc_nano.a(libc_a-closer.o) (errno)
C:/ST/STM32CubeIDE_1.15.1/STM32CubeIDE/plugins/com.st.stm32cube.ide.mcu.externaltools.gnu-tools-for-stm32.13.3.rel1.win32_1.0.0.202411081344/tools/bin/../lib/gcc/arm-none-eabi/13.3.1/../../../../arm-none-eabi/lib/thumb/v7e-m+fp/hard\libc_nano.a(libc_a-impure.o)
                              C:/ST/STM32CubeIDE_1.15.1/STM32CubeIDE/plugins/com.st.stm32cube.ide.mcu.externaltools.gnu-tools-for-stm32.13.3.rel1.win32_1.0.0.202411081344/tools/bin/../lib/gcc/arm-none-eabi/13.3.1/../../../../arm-none-eabi/lib/thumb/v7e-m+fp/hard\libc_nano.a(libc_a-reent.o) (_impure_ptr)
C:/ST/STM32CubeIDE_1.15.1/STM32CubeIDE/plugins/com.st.stm32cube.ide.mcu.externaltools.gnu-tools-for-stm32.13.3.rel1.win32_1.0.0.202411081344/tools/bin/../lib/gcc/arm-none-eabi/13.3.1/../../../../arm-none-eabi/lib/thumb/v7e-m+fp/hard\libc_nano.a(libc_a-lseekr.o)
[...]
Memory Configuration

Name             Origin             Length             Attributes
FLASH            0x08100000         0x00100000         xr
RAM              0x10032000         0x00016000         xrw
*default*        0x00000000         0xffffffff

Linker script and memory map

LOAD C:/ST/STM32CubeIDE_1.15.1/STM32CubeIDE/plugins/com.st.stm32cube.ide.mcu.externaltools.gnu-tools-for-stm32.13.3.rel1.win32_1.0.0.202411081344/tools/bin/../lib/gcc/arm-none-eabi/13.3.1/thumb/v7e-m+fp/hard/crti.o
LOAD C:/ST/STM32CubeIDE_1.15.1/STM32CubeIDE/plugins/com.st.stm32cube.ide.mcu.externaltools.gnu-tools-for-stm32.13.3.rel1.win32_1.0.0.202411081344/tools/bin/../lib/gcc/arm-none-eabi/13.3.1/thumb/v7e-m+fp/hard/crtbegin.o
LOAD C:/ST/STM32CubeIDE_1.15.1/STM32CubeIDE/plugins/com.st.stm32cube.ide.mcu.externaltools.gnu-tools-for-stm32.13.3.rel1.win32_1.0.0.202411081344/tools/bin/../lib/gcc/arm-none-eabi/13.3.1/../../../../arm-none-eabi/lib/thumb/v7e-m+fp/hard/crt0.o
LOAD ./0_DEV/M0_App4/OS4/scheduler.o
LOAD ./0_DEV/M0_App4/Task4/scheduler_tasks.o
LOAD ./0_DEV/M4_Util4/Tick/tick.o
LOAD ./Common/Src/system_stm32h7xx_dualcore_boot_cm4_cm7.o
LOAD ./Core/Src/main.o
LOAD ./Core/Src/stm32h7xx_hal_msp.o
LOAD ./Core/Src/stm32h7xx_hal_timebase_tim.o
LOAD ./Core/Src/stm32h7xx_it.o
LOAD ./Core/Src/syscalls.o
LOAD ./Core/Src/sysmem.o
LOAD ./Core/Startup/startup_stm32h745zitx.o
LOAD ./Drivers/STM32H7xx_HAL_Driver/stm32h7xx_hal.o
LOAD ./Drivers/STM32H7xx_HAL_Driver/stm32h7xx_hal_cortex.o
LOAD ./Drivers/STM32H7xx_HAL_Driver/stm32h7xx_hal_dma.o
LOAD ./Drivers/STM32H7xx_HAL_Driver/stm32h7xx_hal_dma_ex.o
LOAD ./Drivers/STM32H7xx_HAL_Driver/stm32h7xx_hal_exti.o
LOAD ./Drivers/STM32H7xx_HAL_Driver/stm32h7xx_hal_flash.o
LOAD ./Drivers/STM32H7xx_HAL_Driver/stm32h7xx_hal_flash_ex.o
LOAD ./Drivers/STM32H7xx_HAL_Driver/stm32h7xx_hal_gpio.o
LOAD ./Drivers/STM32H7xx_HAL_Driver/stm32h7xx_hal_hsem.o
LOAD ./Drivers/STM32H7xx_HAL_Driver/stm32h7xx_hal_i2c.o
LOAD ./Drivers/STM32H7xx_HAL_Driver/stm32h7xx_hal_i2c_ex.o
LOAD ./Drivers/STM32H7xx_HAL_Driver/stm32h7xx_hal_mdma.o
LOAD ./Drivers/STM32H7xx_HAL_Driver/stm32h7xx_hal_mmc.o
LOAD ./Drivers/STM32H7xx_HAL_Driver/stm32h7xx_hal_mmc_ex.o
LOAD ./Drivers/STM32H7xx_HAL_Driver/stm32h7xx_hal_pcd.o
LOAD ./Drivers/STM32H7xx_HAL_Driver/stm32h7xx_hal_pcd_ex.o
LOAD ./Drivers/STM32H7xx_HAL_Driver/stm32h7xx_hal_pwr.o
LOAD ./Drivers/STM32H7xx_HAL_Driver/stm32h7xx_hal_pwr_ex.o
LOAD ./Drivers/STM32H7xx_HAL_Driver/stm32h7xx_hal_rcc.o
LOAD ./Drivers/STM32H7xx_HAL_Driver/stm32h7xx_hal_rcc_ex.o
LOAD ./Drivers/STM32H7xx_HAL_Driver/stm32h7xx_hal_sd.o
LOAD ./Drivers/STM32H7xx_HAL_Driver/stm32h7xx_hal_sd_ex.o
LOAD ./Drivers/STM32H7xx_HAL_Driver/stm32h7xx_hal_tim.o
LOAD ./Drivers/STM32H7xx_HAL_Driver/stm32h7xx_hal_tim_ex.o
LOAD ./Drivers/STM32H7xx_HAL_Driver/stm32h7xx_ll_delayblock.o
LOAD ./Drivers/STM32H7xx_HAL_Driver/stm32h7xx_ll_dma.o
LOAD ./Drivers/STM32H7xx_HAL_Driver/stm32h7xx_ll_exti.o
LOAD ./Drivers/STM32H7xx_HAL_Driver/stm32h7xx_ll_gpio.o
LOAD ./Drivers/STM32H7xx_HAL_Driver/stm32h7xx_ll_rcc.o
LOAD ./Drivers/STM32H7xx_HAL_Driver/stm32h7xx_ll_sdmmc.o
LOAD ./Drivers/STM32H7xx_HAL_Driver/stm32h7xx_ll_tim.o
LOAD ./Drivers/STM32H7xx_HAL_Driver/stm32h7xx_ll_usart.o
LOAD ./Drivers/STM32H7xx_HAL_Driver/stm32h7xx_ll_usb.o
LOAD ./Drivers/STM32H7xx_HAL_Driver/stm32h7xx_ll_utils.o
LOAD ./Middlewares/ST/STM32_USB_Device_Library/usbd_cdc.o
LOAD ./Middlewares/ST/STM32_USB_Device_Library/usbd_core.o
LOAD ./Middlewares/ST/STM32_USB_Device_Library/usbd_ctlreq.o
LOAD ./Middlewares/ST/STM32_USB_Device_Library/usbd_ioreq.o
LOAD ./USB_DEVICE/App/usb_device.o
LOAD ./USB_DEVICE/App/usbd_cdc_if.o
LOAD ./USB_DEVICE/App/usbd_desc.o
LOAD ./USB_DEVICE/Target/usbd_conf.o
START GROUP
LOAD C:/ST/STM32CubeIDE_1.15.1/STM32CubeIDE/plugins/com.st.stm32cube.ide.mcu.externaltools.gnu-tools-for-stm32.13.3.rel1.win32_1.0.0.202411081344/tools/bin/../lib/gcc/arm-none-eabi/13.3.1/../../../../arm-none-eabi/lib/thumb/v7e-m+fp/hard\libc_nano.a
LOAD C:/ST/STM32CubeIDE_1.15.1/STM32CubeIDE/plugins/com.st.stm32cube.ide.mcu.externaltools.gnu-tools-for-stm32.13.3.rel1.win32_1.0.0.202411081344/tools/bin/../lib/gcc/arm-none-eabi/13.3.1/../../../../arm-none-eabi/lib/thumb/v7e-m+fp/hard\libm.a
END GROUP
START GROUP
LOAD C:/ST/STM32CubeIDE_1.15.1/STM32CubeIDE/plugins/com.st.stm32cube.ide.mcu.externaltools.gnu-tools-for-stm32.13.3.rel1.win32_1.0.0.202411081344/tools/bin/../lib/gcc/arm-none-eabi/13.3.1/thumb/v7e-m+fp/hard\libgcc.a
LOAD C:/ST/STM32CubeIDE_1.15.1/STM32CubeIDE/plugins/com.st.stm32cube.ide.mcu.externaltools.gnu-tools-for-stm32.13.3.rel1.win32_1.0.0.202411081344/tools/bin/../lib/gcc/arm-none-eabi/13.3.1/../../../../arm-none-eabi/lib/thumb/v7e-m+fp/hard\libc_nano.a
END GROUP
START GROUP
LOAD C:/ST/STM32CubeIDE_1.15.1/STM32CubeIDE/plugins/com.st.stm32cube.ide.mcu.externaltools.gnu-tools-for-stm32.13.3.rel1.win32_1.0.0.202411081344/tools/bin/../lib/gcc/arm-none-eabi/13.3.1/thumb/v7e-m+fp/hard\libgcc.a
LOAD C:/ST/STM32CubeIDE_1.15.1/STM32CubeIDE/plugins/com.st.stm32cube.ide.mcu.externaltools.gnu-tools-for-stm32.13.3.rel1.win32_1.0.0.202411081344/tools/bin/../lib/gcc/arm-none-eabi/13.3.1/../../../../arm-none-eabi/lib/thumb/v7e-m+fp/hard\libc_nano.a
LOAD C:/ST/STM32CubeIDE_1.15.1/STM32CubeIDE/plugins/com.st.stm32cube.ide.mcu.externaltools.gnu-tools-for-stm32.13.3.rel1.win32_1.0.0.202411081344/tools/bin/../lib/gcc/arm-none-eabi/13.3.1/../../../../arm-none-eabi/lib/thumb/v7e-m+fp/hard\libnosys.a
END GROUP
START GROUP
LOAD C:/ST/STM32CubeIDE_1.15.1/STM32CubeIDE/plugins/com.st.stm32cube.ide.mcu.externaltools.gnu-tools-for-stm32.13.3.rel1.win32_1.0.0.202411081344/tools/bin/../lib/gcc/arm-none-eabi/13.3.1/thumb/v7e-m+fp/hard\libgcc.a
LOAD C:/ST/STM32CubeIDE_1.15.1/STM32CubeIDE/plugins/com.st.stm32cube.ide.mcu.externaltools.gnu-tools-for-stm32.13.3.rel1.win32_1.0.0.202411081344/tools/bin/../lib/gcc/arm-none-eabi/13.3.1/../../../../arm-none-eabi/lib/thumb/v7e-m+fp/hard\libc_nano.a
LOAD C:/ST/STM32CubeIDE_1.15.1/STM32CubeIDE/plugins/com.st.stm32cube.ide.mcu.externaltools.gnu-tools-for-stm32.13.3.rel1.win32_1.0.0.202411081344/tools/bin/../lib/gcc/arm-none-eabi/13.3.1/../../../../arm-none-eabi/lib/thumb/v7e-m+fp/hard\libnosys.a
END GROUP
LOAD C:/ST/STM32CubeIDE_1.15.1/STM32CubeIDE/plugins/com.st.stm32cube.ide.mcu.externaltools.gnu-tools-for-stm32.13.3.rel1.win32_1.0.0.202411081344/tools/bin/../lib/gcc/arm-none-eabi/13.3.1/thumb/v7e-m+fp/hard/crtend.o
LOAD C:/ST/STM32CubeIDE_1.15.1/STM32CubeIDE/plugins/com.st.stm32cube.ide.mcu.externaltools.gnu-tools-for-stm32.13.3.rel1.win32_1.0.0.202411081344/tools/bin/../lib/gcc/arm-none-eabi/13.3.1/thumb/v7e-m+fp/hard/crtn.o
                0x10048000                        _estack = (ORIGIN (RAM) + LENGTH (RAM))
                0x00000200                        _Min_Heap_Size = 0x200
                0x00000800                        _Min_Stack_Size = 0x800

.isr_vector     0x08100000      0x298
                0x08100000                        . = ALIGN (0x4)
 *(.isr_vector)
 .isr_vector    0x08100000      0x298 ./Core/Startup/startup_stm32h745zitx.o
                0x08100000                g_pfnVectors
                0x08100298                        . = ALIGN (0x4)

.text           0x08100298     0xd720
                0x08100298                        . = ALIGN (0x4)
 *(.text)
 .text          0x08100298       0x40 C:/ST/STM32CubeIDE_1.15.1/STM32CubeIDE/plugins/com.st.stm32cube.ide.mcu.externaltools.gnu-tools-for-stm32.13.3.rel1.win32_1.0.0.202411081344/tools/bin/../lib/gcc/arm-none-eabi/13.3.1/thumb/v7e-m+fp/hard/crtbegin.o
 *(.text*)
 .text.SCH_Initialize
                0x081002d8       0x90 ./0_DEV/M0_App4/OS4/scheduler.o
                0x081002d8                SCH_Initialize
 .text.SCH_TASK_CreateTask
                0x08100368       0x88 ./0_DEV/M0_App4/OS4/scheduler.o
                0x08100368                SCH_TASK_CreateTask
 .text.SCH_RunSystemTickTimer
                0x081003f0      0x17c ./0_DEV/M0_App4/OS4/scheduler.o
                0x081003f0                SCH_RunSystemTickTimer
 .text.SCH_StartScheduler
                0x0810056c       0x18 ./0_DEV/M0_App4/OS4/scheduler.o
                0x0810056c                SCH_StartScheduler
 .text.SCH_HandleScheduledTask
                0x08100584      0x190 ./0_DEV/M0_App4/OS4/scheduler.o
                0x08100584                SCH_HandleScheduledTask
 .text.LL_GPIO_SetOutputPin
                0x08100714       0x1c ./0_DEV/M0_App4/Task4/scheduler_tasks.o
 .text.LL_GPIO_ResetOutputPin
                0x08100730       0x1e ./0_DEV/M0_App4/Task4/scheduler_tasks.o
 *fill*         0x0810074e        0x2 
 .text.BlinkLed1_Task
                0x08100750       0x3c ./0_DEV/M0_App4/Task4/scheduler_tasks.o
 .text.BlinkLed2_Task
                0x0810078c       0x3c ./0_DEV/M0_App4/Task4/scheduler_tasks.o
 .text.SchedulerTasks_Create
                0x081007c8       0x78 ./0_DEV/M0_App4/Task4/scheduler_tasks.o
                0x081007c8                SchedulerTasks_Create
 .text.LL_TIM_ClearFlag_UPDATE
                0x08100840       0x1c ./0_DEV/M4_Util4/Tick/tick.o
 .text.LL_TIM_IsActiveFlag_UPDATE
                0x0810085c       0x26 ./0_DEV/M4_Util4/Tick/tick.o
 *fill*         0x08100882        0x2 
 .text.TickTimer_IRQHandler
                0x08100884       0x2c ./0_DEV/M4_Util4/Tick/tick.o
                0x08100884                TickTimer_IRQHandler
 .text.SystemInit
                0x081008b0       0x30 ./Common/Src/system_stm32h7xx_dualcore_boot_cm4_cm7.o
                0x081008b0                SystemInit
 .text.ExitRun0Mode
                0x081008e0       0x34 ./Common/Src/system_stm32h7xx_dualcore_boot_cm4_cm7.o
                0x081008e0                ExitRun0Mode
 .text.__NVIC_GetPriorityGrouping
                0x08100914       0x1c ./Core/Src/main.o
 .text.__NVIC_EnableIRQ
                0x08100930       0x3c ./Core/Src/main.o
 .text.__NVIC_SetPriority
                0x0810096c       0x54 ./Core/Src/main.o
 .text.NVIC_EncodePriority
                0x081009c0       0x66 ./Core/Src/main.o
 .text.LL_TIM_EnableCounter
                0x08100a26       0x20 ./Core/Src/main.o
 .text.LL_TIM_EnableUpdateEvent
                0x08100a46       0x20 ./Core/Src/main.o
 .text.LL_TIM_EnableARRPreload
                0x08100a66       0x20 ./Core/Src/main.o
 .text.LL_TIM_SetClockSource
                0x08100a86       0x2a ./Core/Src/main.o
 .text.LL_TIM_SetTriggerOutput
                0x08100ab0       0x26 ./Core/Src/main.o
 .text.LL_TIM_DisableMasterSlaveMode
                0x08100ad6       0x20 ./Core/Src/main.o
 .text.LL_TIM_EnableIT_UPDATE
                0x08100af6       0x20 ./Core/Src/main.o
 .text.LL_USART_Enable
                0x08100b16       0x20 ./Core/Src/main.o
 .text.LL_USART_DisableFIFO
                0x08100b36       0x20 ./Core/Src/main.o
 .text.LL_USART_SetTXFIFOThreshold
                0x08100b56       0x4e ./Core/Src/main.o
 .text.LL_USART_SetRXFIFOThreshold
                0x08100ba4       0x4e ./Core/Src/main.o
 .text.LL_USART_ConfigAsyncMode
                0x08100bf2       0x2c ./Core/Src/main.o
 .text.LL_USART_IsActiveFlag_TEACK
                0x08100c1e       0x28 ./Core/Src/main.o
 .text.LL_USART_IsActiveFlag_REACK
                0x08100c46       0x28 ./Core/Src/main.o
 .text.LL_GPIO_ResetOutputPin
                0x08100c6e       0x1e ./Core/Src/main.o
 .text.LL_AHB4_GRP1_EnableClock
                0x08100c8c       0x38 ./Core/Src/main.o
 .text.LL_APB1_GRP1_EnableClock
                0x08100cc4       0x38 ./Core/Src/main.o
 .text.LL_APB2_GRP1_EnableClock
                0x08100cfc       0x38 ./Core/Src/main.o
 .text.LL_DMA_SetDataTransferDirection
                0x08100d34       0x4c ./Core/Src/main.o
 .text.LL_DMA_SetMode
                0x08100d80       0x4c ./Core/Src/main.o
 .text.LL_DMA_SetPeriphIncMode
                0x08100dcc       0x4c ./Core/Src/main.o
 .text.LL_DMA_SetMemoryIncMode
                0x08100e18       0x4c ./Core/Src/main.o
 .text.LL_DMA_SetPeriphSize
                0x08100e64       0x4c ./Core/Src/main.o
 .text.LL_DMA_SetMemorySize
                0x08100eb0       0x4c ./Core/Src/main.o
 .text.LL_DMA_SetStreamPriorityLevel
                0x08100efc       0x4c ./Core/Src/main.o
 .text.LL_DMA_SetPeriphRequest
                0x08100f48       0x64 ./Core/Src/main.o
 .text.LL_DMA_DisableFifoMode
                0x08100fac       0x44 ./Core/Src/main.o
 .text.main     0x08100ff0       0xa8 ./Core/Src/main.o
                0x08100ff0                main
 .text.MX_SDMMC2_MMC_Init
                0x08101098       0x48 ./Core/Src/main.o
 .text.MX_TIM2_Init
                0x081010e0       0x9c ./Core/Src/main.o
 .text.MX_USART6_UART_Init
                0x0810117c      0x1a0 ./Core/Src/main.o
 .text.MX_BDMA_Init
                0x0810131c       0x34 ./Core/Src/main.o
 .text.MX_DMA_Init
                0x08101350       0x70 ./Core/Src/main.o
 .text.MX_MDMA_Init
                0x081013c0       0x34 ./Core/Src/main.o
 .text.MX_GPIO_Init
                0x081013f4       0x6c ./Core/Src/main.o
 .text.HAL_TIM_PeriodElapsedCallback
                0x08101460       0x24 ./Core/Src/main.o
                0x08101460                HAL_TIM_PeriodElapsedCallback
 .text.Error_Handler
                0x08101484        0xc ./Core/Src/main.o
                0x08101484                Error_Handler
 .text.HAL_MspInit
                0x08101490       0x34 ./Core/Src/stm32h7xx_hal_msp.o
                0x08101490                HAL_MspInit
 .text.HAL_MMC_MspInit
                0x081014c4      0x1c8 ./Core/Src/stm32h7xx_hal_msp.o
                0x081014c4                HAL_MMC_MspInit
 .text.HAL_InitTick
                0x0810168c       0xd8 ./Core/Src/stm32h7xx_hal_timebase_tim.o
                0x0810168c                HAL_InitTick
 .text.NMI_Handler
                0x08101764        0x8 ./Core/Src/stm32h7xx_it.o
                0x08101764                NMI_Handler
 .text.HardFault_Handler
                0x0810176c        0x8 ./Core/Src/stm32h7xx_it.o
                0x0810176c                HardFault_Handler
 .text.MemManage_Handler
                0x08101774        0x8 ./Core/Src/stm32h7xx_it.o
                0x08101774                MemManage_Handler
 .text.BusFault_Handler
                0x0810177c        0x8 ./Core/Src/stm32h7xx_it.o
                0x0810177c                BusFault_Handler
 .text.UsageFault_Handler
                0x08101784        0x8 ./Core/Src/stm32h7xx_it.o
                0x08101784                UsageFault_Handler
 .text.SVC_Handler
                0x0810178c        0xe ./Core/Src/stm32h7xx_it.o
                0x0810178c                SVC_Handler
 .text.DebugMon_Handler
                0x0810179a        0xe ./Core/Src/stm32h7xx_it.o
                0x0810179a                DebugMon_Handler
 .text.PendSV_Handler
                0x081017a8        0xe ./Core/Src/stm32h7xx_it.o
                0x081017a8                PendSV_Handler
 .text.SysTick_Handler
                0x081017b6        0xe ./Core/Src/stm32h7xx_it.o
                0x081017b6                SysTick_Handler
 .text.TIM2_IRQHandler
                0x081017c4       0x10 ./Core/Src/stm32h7xx_it.o
                0x081017c4                TIM2_IRQHandler
 .text.TIM4_IRQHandler
                0x081017d4       0x14 ./Core/Src/stm32h7xx_it.o
                0x081017d4                TIM4_IRQHandler
 .text.DMA2_Stream0_IRQHandler
                0x081017e8        0xe ./Core/Src/stm32h7xx_it.o
                0x081017e8                DMA2_Stream0_IRQHandler
 .text.USART6_IRQHandler
                0x081017f6        0xe ./Core/Src/stm32h7xx_it.o
                0x081017f6                USART6_IRQHandler
 .text.OTG_FS_IRQHandler
                0x08101804       0x14 ./Core/Src/stm32h7xx_it.o
                0x08101804                OTG_FS_IRQHandler
 .text.SDMMC2_IRQHandler
                0x08101818       0x14 ./Core/Src/stm32h7xx_it.o
                0x08101818                SDMMC2_IRQHandler
 .text.Reset_Handler
                0x0810182c       0x54 ./Core/Startup/startup_stm32h745zitx.o
                0x0810182c                Reset_Handler
 .text.Default_Handler
                0x08101880        0x2 ./Core/Startup/startup_stm32h745zitx.o
                0x08101880                RTC_Alarm_IRQHandler
                0x08101880                EXTI2_IRQHandler
                0x08101880                TIM8_CC_IRQHandler
                0x08101880                HRTIM1_Master_IRQHandler
                0x08101880                UART8_IRQHandler
                0x08101880                SPI4_IRQHandler
                0x08101880                TIM1_CC_IRQHandler
                0x08101880                BDMA_Channel6_IRQHandler
                0x08101880                DMA2_Stream5_IRQHandler
                0x08101880                HRTIM1_FLT_IRQHandler
                0x08101880                JPEG_IRQHandler
                0x08101880                DMA1_Stream5_IRQHandler
                0x08101880                BDMA_Channel1_IRQHandler
                0x08101880                HRTIM1_TIMD_IRQHandler
                0x08101880                TAMP_STAMP_IRQHandler
                0x08101880                EXTI3_IRQHandler
                0x08101880                LPTIM4_IRQHandler
                0x08101880                TIM8_TRG_COM_TIM14_IRQHandler
                0x08101880                LPTIM2_IRQHandler
                0x08101880                DFSDM1_FLT1_IRQHandler
                0x08101880                DMAMUX2_OVR_IRQHandler
                0x08101880                TIM8_UP_TIM13_IRQHandler
                0x08101880                I2C3_ER_IRQHandler
                0x08101880                DFSDM1_FLT2_IRQHandler
                0x08101880                MDMA_IRQHandler
                0x08101880                LPTIM3_IRQHandler
                0x08101880                HSEM1_IRQHandler
                0x08101880                EXTI0_IRQHandler
                0x08101880                I2C2_EV_IRQHandler
                0x08101880                DMA1_Stream2_IRQHandler
                0x08101880                FPU_IRQHandler
                0x08101880                OTG_HS_WKUP_IRQHandler
                0x08101880                FDCAN1_IT1_IRQHandler
                0x08101880                LTDC_ER_IRQHandler
                0x08101880                DMA2_Stream2_IRQHandler
                0x08101880                HRTIM1_TIME_IRQHandler
                0x08101880                SPI1_IRQHandler
                0x08101880                TIM6_DAC_IRQHandler
                0x08101880                DCMI_IRQHandler
                0x08101880                HRTIM1_TIMC_IRQHandler
                0x08101880                DMA2_Stream3_IRQHandler
                0x08101880                SAI2_IRQHandler
                0x08101880                DFSDM1_FLT3_IRQHandler
                0x08101880                TIM17_IRQHandler
                0x08101880                USART3_IRQHandler
                0x08101880                BDMA_Channel7_IRQHandler
                0x08101880                LPTIM5_IRQHandler
                0x08101880                UART5_IRQHandler
                0x08101880                ADC3_IRQHandler
                0x08101880                BDMA_Channel2_IRQHandler
                0x08101880                QUADSPI_IRQHandler
                0x08101880                I2C1_EV_IRQHandler
                0x08101880                DMA1_Stream6_IRQHandler
                0x08101880                DMAMUX1_OVR_IRQHandler
                0x08101880                DMA1_Stream1_IRQHandler
                0x08101880                TIM16_IRQHandler
                0x08101880                UART4_IRQHandler
                0x08101880                BDMA_Channel5_IRQHandler
                0x08101880                TIM3_IRQHandler
                0x08101880                RCC_IRQHandler
                0x08101880                TIM8_BRK_TIM12_IRQHandler
                0x08101880                TIM1_TRG_COM_IRQHandler
                0x08101880                Default_Handler
                0x08101880                ECC_IRQHandler
                0x08101880                CEC_IRQHandler
                0x08101880                EXTI15_10_IRQHandler
                0x08101880                BDMA_Channel0_IRQHandler
                0x08101880                ADC_IRQHandler
                0x08101880                DMA1_Stream7_IRQHandler
                0x08101880                HRTIM1_TIMA_IRQHandler
                0x08101880                SPI5_IRQHandler
                0x08101880                TIM7_IRQHandler
                0x08101880                SDMMC1_IRQHandler
                0x08101880                TIM5_IRQHandler
                0x08101880                DMA2_Stream7_IRQHandler
                0x08101880                TIM15_IRQHandler
                0x08101880                PVD_AVD_IRQHandler
                0x08101880                I2C3_EV_IRQHandler
                0x08101880                EXTI9_5_IRQHandler
                0x08101880                RTC_WKUP_IRQHandler
                0x08101880                LTDC_IRQHandler
                0x08101880                SAI3_IRQHandler
                0x08101880                ETH_WKUP_IRQHandler
                0x08101880                SPDIF_RX_IRQHandler
                0x08101880                SPI2_IRQHandler
                0x08101880                OTG_HS_EP1_IN_IRQHandler
                0x08101880                DMA1_Stream0_IRQHandler
                0x08101880                CRS_IRQHandler
                0x08101880                CM7_SEV_IRQHandler
                0x08101880                EXTI4_IRQHandler
                0x08101880                RNG_IRQHandler
                0x08101880                CM4_SEV_IRQHandler
                0x08101880                HRTIM1_TIMB_IRQHandler
                0x08101880                FDCAN2_IT1_IRQHandler
                0x08101880                ETH_IRQHandler
                0x08101880                TIM1_UP_IRQHandler
                0x08101880                WWDG_RST_IRQHandler
                0x08101880                BDMA_Channel4_IRQHandler
                0x08101880                OTG_HS_EP1_OUT_IRQHandler
                0x08101880                WWDG_IRQHandler
                0x08101880                SPI6_IRQHandler
                0x08101880                MDIOS_IRQHandler
                0x08101880                I2C4_EV_IRQHandler
                0x08101880                FDCAN2_IT0_IRQHandler
                0x08101880                LPUART1_IRQHandler
                0x08101880                FDCAN1_IT0_IRQHandler
                0x08101880                OTG_FS_WKUP_IRQHandler
                0x08101880                OTG_HS_IRQHandler
                0x08101880                HSEM2_IRQHandler
                0x08101880                DMA2D_IRQHandler
                0x08101880                TIM1_BRK_IRQHandler
                0x08101880                EXTI1_IRQHandler
                0x08101880                OTG_FS_EP1_OUT_IRQHandler
                0x08101880                BDMA_Channel3_IRQHandler
                0x08101880                HOLD_CORE_IRQHandler
                0x08101880                UART7_IRQHandler
                0x08101880                MDIOS_WKUP_IRQHandler
                0x08101880                USART2_IRQHandler
                0x08101880                DFSDM1_FLT0_IRQHandler
                0x08101880                SAI4_IRQHandler
                0x08101880                I2C2_ER_IRQHandler
                0x08101880                DMA2_Stream1_IRQHandler
                0x08101880                FLASH_IRQHandler
                0x08101880                DMA2_Stream4_IRQHandler
                0x08101880                USART1_IRQHandler
                0x08101880                SPI3_IRQHandler
                0x08101880                WAKEUP_PIN_IRQHandler
                0x08101880                DMA1_Stream4_IRQHandler
                0x08101880                OTG_FS_EP1_IN_IRQHandler
                0x08101880                I2C1_ER_IRQHandler
                0x08101880                FMC_IRQHandler
                0x08101880                FDCAN_CAL_IRQHandler
                0x08101880                SWPMI1_IRQHandler
                0x08101880                COMP1_IRQHandler
                0x08101880                LPTIM1_IRQHandler
                0x08101880                I2C4_ER_IRQHandler
                0x08101880                DMA2_Stream6_IRQHandler
                0x08101880                SAI1_IRQHandler
                0x08101880                DMA1_Stream3_IRQHandler
 *fill*         0x08101882        0x2 
 .text.HAL_Init
                0x08101884       0xbc ./Drivers/STM32H7xx_HAL_Driver/stm32h7xx_hal.o
                0x08101884                HAL_Init
 .text.HAL_IncTick
                0x08101940       0x28 ./Drivers/STM32H7xx_HAL_Driver/stm32h7xx_hal.o
                0x08101940                HAL_IncTick
 .text.HAL_GetTick
                0x08101968       0x18 ./Drivers/STM32H7xx_HAL_Driver/stm32h7xx_hal.o
                0x08101968                HAL_GetTick
 .text.HAL_Delay
                0x08101980       0x48 ./Drivers/STM32H7xx_HAL_Driver/stm32h7xx_hal.o
                0x08101980                HAL_Delay
 .text.__NVIC_SetPriorityGrouping
                0x081019c8       0x48 ./Drivers/STM32H7xx_HAL_Driver/stm32h7xx_hal_cortex.o
 .text.__NVIC_GetPriorityGrouping
                0x08101a10       0x1c ./Drivers/STM32H7xx_HAL_Driver/stm32h7xx_hal_cortex.o
 .text.__NVIC_EnableIRQ
                0x08101a2c       0x3c ./Drivers/STM32H7xx_HAL_Driver/stm32h7xx_hal_cortex.o
 .text.__NVIC_SetPriority
                0x08101a68       0x54 ./Drivers/STM32H7xx_HAL_Driver/stm32h7xx_hal_cortex.o
 .text.NVIC_EncodePriority
                0x08101abc       0x66 ./Drivers/STM32H7xx_HAL_Driver/stm32h7xx_hal_cortex.o
 .text.HAL_NVIC_SetPriorityGrouping
                0x08101b22       0x16 ./Drivers/STM32H7xx_HAL_Driver/stm32h7xx_hal_cortex.o
                0x08101b22                HAL_NVIC_SetPriorityGrouping
 .text.HAL_NVIC_SetPriority
                0x08101b38       0x34 ./Drivers/STM32H7xx_HAL_Driver/stm32h7xx_hal_cortex.o
                0x08101b38                HAL_NVIC_SetPriority
 .text.HAL_NVIC_EnableIRQ
                0x08101b6c       0x1c ./Drivers/STM32H7xx_HAL_Driver/stm32h7xx_hal_cortex.o
                0x08101b6c                HAL_NVIC_EnableIRQ
 .text.HAL_GetCurrentCPUID
                0x08101b88       0x24 ./Drivers/STM32H7xx_HAL_Driver/stm32h7xx_hal_cortex.o
                0x08101b88                HAL_GetCurrentCPUID
 .text.HAL_GPIO_Init
                0x08101bac      0x360 ./Drivers/STM32H7xx_HAL_Driver/stm32h7xx_hal_gpio.o
                0x08101bac                HAL_GPIO_Init
 .text.HAL_HSEM_ActivateNotification
                0x08101f0c       0x24 ./Drivers/STM32H7xx_HAL_Driver/stm32h7xx_hal_hsem.o
                0x08101f0c                HAL_HSEM_ActivateNotification
 .text.HAL_MMC_Init
                0x08101f30       0x7e ./Drivers/STM32H7xx_HAL_Driver/stm32h7xx_hal_mmc.o
                0x08101f30                HAL_MMC_Init
 *fill*         0x08101fae        0x2 
 .text.HAL_MMC_InitCard
                0x08101fb0      0x138 ./Drivers/STM32H7xx_HAL_Driver/stm32h7xx_hal_mmc.o
                0x08101fb0                HAL_MMC_InitCard
 .text.HAL_MMC_IRQHandler
                0x081020e8      0x360 ./Drivers/STM32H7xx_HAL_Driver/stm32h7xx_hal_mmc.o
                0x081020e8                HAL_MMC_IRQHandler
 .text.HAL_MMC_TxCpltCallback
                0x08102448       0x14 ./Drivers/STM32H7xx_HAL_Driver/stm32h7xx_hal_mmc.o
                0x08102448                HAL_MMC_TxCpltCallback
 .text.HAL_MMC_RxCpltCallback
                0x0810245c       0x14 ./Drivers/STM32H7xx_HAL_Driver/stm32h7xx_hal_mmc.o
                0x0810245c                HAL_MMC_RxCpltCallback
 .text.HAL_MMC_ErrorCallback
                0x08102470       0x14 ./Drivers/STM32H7xx_HAL_Driver/stm32h7xx_hal_mmc.o
                0x08102470                HAL_MMC_ErrorCallback
 .text.HAL_MMC_GetCardCSD
                0x08102484      0x348 ./Drivers/STM32H7xx_HAL_Driver/stm32h7xx_hal_mmc.o
                0x08102484                HAL_MMC_GetCardCSD
 .text.HAL_MMC_GetCardExtCSD
                0x081027cc      0x1f8 ./Drivers/STM32H7xx_HAL_Driver/stm32h7xx_hal_mmc.o
                0x081027cc                HAL_MMC_GetCardExtCSD
 .text.HAL_MMC_ConfigWideBusOperation
                0x081029c4      0x198 ./Drivers/STM32H7xx_HAL_Driver/stm32h7xx_hal_mmc.o
                0x081029c4                HAL_MMC_ConfigWideBusOperation
 .text.MMC_InitCard
                0x08102b5c      0x1fa ./Drivers/STM32H7xx_HAL_Driver/stm32h7xx_hal_mmc.o
 *fill*         0x08102d56        0x2 
 .text.MMC_PowerON
                0x08102d58       0xa0 ./Drivers/STM32H7xx_HAL_Driver/stm32h7xx_hal_mmc.o
 .text.MMC_ReadExtCSD
                0x08102df8      0x1e8 ./Drivers/STM32H7xx_HAL_Driver/stm32h7xx_hal_mmc.o
 .text.MMC_Read_IT
                0x08102fe0       0x8c ./Drivers/STM32H7xx_HAL_Driver/stm32h7xx_hal_mmc.o
 .text.MMC_Write_IT
                0x0810306c       0x94 ./Drivers/STM32H7xx_HAL_Driver/stm32h7xx_hal_mmc.o
 .text.MMC_PwrClassUpdate
                0x08103100      0x140 ./Drivers/STM32H7xx_HAL_Driver/stm32h7xx_hal_mmc.o
 .text.HAL_MMCEx_Read_DMADoubleBuf0CpltCallback
                0x08103240       0x14 ./Drivers/STM32H7xx_HAL_Driver/stm32h7xx_hal_mmc.o
                0x08103240                HAL_MMCEx_Read_DMADoubleBuf0CpltCallback
 .text.HAL_MMCEx_Read_DMADoubleBuf1CpltCallback
                0x08103254       0x14 ./Drivers/STM32H7xx_HAL_Driver/stm32h7xx_hal_mmc.o
                0x08103254                HAL_MMCEx_Read_DMADoubleBuf1CpltCallback
 .text.HAL_MMCEx_Write_DMADoubleBuf0CpltCallback
                0x08103268       0x14 ./Drivers/STM32H7xx_HAL_Driver/stm32h7xx_hal_mmc.o
                0x08103268                HAL_MMCEx_Write_DMADoubleBuf0CpltCallback
 .text.HAL_MMCEx_Write_DMADoubleBuf1CpltCallback
                0x0810327c       0x14 ./Drivers/STM32H7xx_HAL_Driver/stm32h7xx_hal_mmc.o
                0x0810327c                HAL_MMCEx_Write_DMADoubleBuf1CpltCallback
 .text.HAL_PCD_Init
                0x08103290      0x218 ./Drivers/STM32H7xx_HAL_Driver/stm32h7xx_hal_pcd.o
                0x08103290                HAL_PCD_Init
 .text.HAL_PCD_Start
                0x081034a8       0x6a ./Drivers/STM32H7xx_HAL_Driver/stm32h7xx_hal_pcd.o
                0x081034a8                HAL_PCD_Start
 .text.HAL_PCD_IRQHandler
                0x08103512      0x99c ./Drivers/STM32H7xx_HAL_Driver/stm32h7xx_hal_pcd.o
                0x08103512                HAL_PCD_IRQHandler
 .text.HAL_PCD_SetAddress
                0x08103eae       0x48 ./Drivers/STM32H7xx_HAL_Driver/stm32h7xx_hal_pcd.o
                0x08103eae                HAL_PCD_SetAddress
 .text.HAL_PCD_EP_Open
                0x08103ef6       0xd4 ./Drivers/STM32H7xx_HAL_Driver/stm32h7xx_hal_pcd.o
                0x08103ef6                HAL_PCD_EP_Open
 .text.HAL_PCD_EP_Close
                0x08103fca       0x94 ./Drivers/STM32H7xx_HAL_Driver/stm32h7xx_hal_pcd.o
                0x08103fca                HAL_PCD_EP_Close
 .text.HAL_PCD_EP_Receive
                0x0810405e       0x76 ./Drivers/STM32H7xx_HAL_Driver/stm32h7xx_hal_pcd.o
                0x0810405e                HAL_PCD_EP_Receive
 .text.HAL_PCD_EP_GetRxCount
                0x081040d4       0x30 ./Drivers/STM32H7xx_HAL_Driver/stm32h7xx_hal_pcd.o
                0x081040d4                HAL_PCD_EP_GetRxCount
 .text.HAL_PCD_EP_Transmit
                0x08104104       0x74 ./Drivers/STM32H7xx_HAL_Driver/stm32h7xx_hal_pcd.o
                0x08104104                HAL_PCD_EP_Transmit
 .text.HAL_PCD_EP_SetStall
                0x08104178       0xc6 ./Drivers/STM32H7xx_HAL_Driver/stm32h7xx_hal_pcd.o
                0x08104178                HAL_PCD_EP_SetStall
 .text.HAL_PCD_EP_ClrStall
                0x0810423e       0xac ./Drivers/STM32H7xx_HAL_Driver/stm32h7xx_hal_pcd.o
                0x0810423e                HAL_PCD_EP_ClrStall
 .text.HAL_PCD_EP_Abort
                0x081042ea       0x62 ./Drivers/STM32H7xx_HAL_Driver/stm32h7xx_hal_pcd.o
                0x081042ea                HAL_PCD_EP_Abort
 .text.PCD_WriteEmptyTxFifo
                0x0810434c      0x118 ./Drivers/STM32H7xx_HAL_Driver/stm32h7xx_hal_pcd.o
 .text.PCD_EP_OutXfrComplete_int
                0x08104464      0x1d0 ./Drivers/STM32H7xx_HAL_Driver/stm32h7xx_hal_pcd.o
 .text.PCD_EP_OutSetupPacket_int
                0x08104634       0x8c ./Drivers/STM32H7xx_HAL_Driver/stm32h7xx_hal_pcd.o
 .text.HAL_PCDEx_SetTxFiFo
                0x081046c0       0x8e ./Drivers/STM32H7xx_HAL_Driver/stm32h7xx_hal_pcd_ex.o
                0x081046c0                HAL_PCDEx_SetTxFiFo
 .text.HAL_PCDEx_SetRxFiFo
                0x0810474e       0x22 ./Drivers/STM32H7xx_HAL_Driver/stm32h7xx_hal_pcd_ex.o
                0x0810474e                HAL_PCDEx_SetRxFiFo
 .text.HAL_PCDEx_ActivateLPM
                0x08104770       0x48 ./Drivers/STM32H7xx_HAL_Driver/stm32h7xx_hal_pcd_ex.o
                0x08104770                HAL_PCDEx_ActivateLPM
 .text.HAL_PCDEx_LPM_Callback
                0x081047b8       0x18 ./Drivers/STM32H7xx_HAL_Driver/stm32h7xx_hal_pcd_ex.o
                0x081047b8                HAL_PCDEx_LPM_Callback
 .text.HAL_PWREx_EnterSTOPMode
                0x081047d0       0xf4 ./Drivers/STM32H7xx_HAL_Driver/stm32h7xx_hal_pwr_ex.o
                0x081047d0                HAL_PWREx_EnterSTOPMode
 .text.HAL_PWREx_ClearPendingEvent
                0x081048c4       0x1a ./Drivers/STM32H7xx_HAL_Driver/stm32h7xx_hal_pwr_ex.o
                0x081048c4                HAL_PWREx_ClearPendingEvent
 *fill*         0x081048de        0x2 
 .text.HAL_PWREx_EnableUSBVoltageDetector
                0x081048e0       0x20 ./Drivers/STM32H7xx_HAL_Driver/stm32h7xx_hal_pwr_ex.o
                0x081048e0                HAL_PWREx_EnableUSBVoltageDetector
 .text.HAL_RCC_GetSysClockFreq
                0x08104900      0x2f4 ./Drivers/STM32H7xx_HAL_Driver/stm32h7xx_hal_rcc.o
                0x08104900                HAL_RCC_GetSysClockFreq
 .text.HAL_RCC_GetHCLKFreq
                0x08104bf4       0x64 ./Drivers/STM32H7xx_HAL_Driver/stm32h7xx_hal_rcc.o
                0x08104bf4                HAL_RCC_GetHCLKFreq
 .text.HAL_RCC_GetPCLK1Freq
                0x08104c58       0x2c ./Drivers/STM32H7xx_HAL_Driver/stm32h7xx_hal_rcc.o
                0x08104c58                HAL_RCC_GetPCLK1Freq
 .text.HAL_RCC_GetClockConfig
                0x08104c84       0x84 ./Drivers/STM32H7xx_HAL_Driver/stm32h7xx_hal_rcc.o
                0x08104c84                HAL_RCC_GetClockConfig
 .text.HAL_RCCEx_PeriphCLKConfig
                0x08104d08     0x1414 ./Drivers/STM32H7xx_HAL_Driver/stm32h7xx_hal_rcc_ex.o
                0x08104d08                HAL_RCCEx_PeriphCLKConfig
 .text.HAL_RCCEx_GetPeriphCLKFreq
                0x0810611c      0xb00 ./Drivers/STM32H7xx_HAL_Driver/stm32h7xx_hal_rcc_ex.o
                0x0810611c                HAL_RCCEx_GetPeriphCLKFreq
 .text.HAL_RCCEx_GetD3PCLK1Freq
                0x08106c1c       0x2c ./Drivers/STM32H7xx_HAL_Driver/stm32h7xx_hal_rcc_ex.o
                0x08106c1c                HAL_RCCEx_GetD3PCLK1Freq
 .text.HAL_RCCEx_GetPLL2ClockFreq
                0x08106c48      0x2a8 ./Drivers/STM32H7xx_HAL_Driver/stm32h7xx_hal_rcc_ex.o
                0x08106c48                HAL_RCCEx_GetPLL2ClockFreq
 .text.HAL_RCCEx_GetPLL3ClockFreq
                0x08106ef0      0x2a8 ./Drivers/STM32H7xx_HAL_Driver/stm32h7xx_hal_rcc_ex.o
                0x08106ef0                HAL_RCCEx_GetPLL3ClockFreq
 .text.HAL_RCCEx_GetPLL1ClockFreq
                0x08107198      0x2a4 ./Drivers/STM32H7xx_HAL_Driver/stm32h7xx_hal_rcc_ex.o
                0x08107198                HAL_RCCEx_GetPLL1ClockFreq
 .text.RCCEx_PLL2_Config
                0x0810743c      0x164 ./Drivers/STM32H7xx_HAL_Driver/stm32h7xx_hal_rcc_ex.o
 .text.RCCEx_PLL3_Config
                0x081075a0      0x164 ./Drivers/STM32H7xx_HAL_Driver/stm32h7xx_hal_rcc_ex.o
 .text.HAL_TIM_Base_Init
                0x08107704       0xae ./Drivers/STM32H7xx_HAL_Driver/stm32h7xx_hal_tim.o
                0x08107704                HAL_TIM_Base_Init
 .text.HAL_TIM_Base_MspInit
                0x081077b2       0x14 ./Drivers/STM32H7xx_HAL_Driver/stm32h7xx_hal_tim.o
                0x081077b2                HAL_TIM_Base_MspInit
 *fill*         0x081077c6        0x2 
 .text.HAL_TIM_Base_Start_IT
                0x081077c8       0xf0 ./Drivers/STM32H7xx_HAL_Driver/stm32h7xx_hal_tim.o
                0x081077c8                HAL_TIM_Base_Start_IT
 .text.HAL_TIM_IRQHandler
                0x081078b8      0x20e ./Drivers/STM32H7xx_HAL_Driver/stm32h7xx_hal_tim.o
                0x081078b8                HAL_TIM_IRQHandler
 .text.HAL_TIM_OC_DelayElapsedCallback
                0x08107ac6       0x14 ./Drivers/STM32H7xx_HAL_Driver/stm32h7xx_hal_tim.o
                0x08107ac6                HAL_TIM_OC_DelayElapsedCallback
 .text.HAL_TIM_IC_CaptureCallback
                0x08107ada       0x14 ./Drivers/STM32H7xx_HAL_Driver/stm32h7xx_hal_tim.o
                0x08107ada                HAL_TIM_IC_CaptureCallback
 .text.HAL_TIM_PWM_PulseFinishedCallback
                0x08107aee       0x14 ./Drivers/STM32H7xx_HAL_Driver/stm32h7xx_hal_tim.o
                0x08107aee                HAL_TIM_PWM_PulseFinishedCallback
 .text.HAL_TIM_TriggerCallback
                0x08107b02       0x14 ./Drivers/STM32H7xx_HAL_Driver/stm32h7xx_hal_tim.o
                0x08107b02                HAL_TIM_TriggerCallback
 *fill*         0x08107b16        0x2 
 .text.TIM_Base_SetConfig
                0x08107b18      0x140 ./Drivers/STM32H7xx_HAL_Driver/stm32h7xx_hal_tim.o
                0x08107b18                TIM_Base_SetConfig
 .text.HAL_TIMEx_CommutCallback
                0x08107c58       0x14 ./Drivers/STM32H7xx_HAL_Driver/stm32h7xx_hal_tim_ex.o
                0x08107c58                HAL_TIMEx_CommutCallback
 .text.HAL_TIMEx_BreakCallback
                0x08107c6c       0x14 ./Drivers/STM32H7xx_HAL_Driver/stm32h7xx_hal_tim_ex.o
                0x08107c6c                HAL_TIMEx_BreakCallback
 .text.HAL_TIMEx_Break2Callback
                0x08107c80       0x14 ./Drivers/STM32H7xx_HAL_Driver/stm32h7xx_hal_tim_ex.o
                0x08107c80                HAL_TIMEx_Break2Callback
 .text.LL_GPIO_SetPinMode
                0x08107c94       0x40 ./Drivers/STM32H7xx_HAL_Driver/stm32h7xx_ll_gpio.o
 .text.LL_GPIO_SetPinOutputType
                0x08107cd4       0x30 ./Drivers/STM32H7xx_HAL_Driver/stm32h7xx_ll_gpio.o
 .text.LL_GPIO_SetPinSpeed
                0x08107d04       0x40 ./Drivers/STM32H7xx_HAL_Driver/stm32h7xx_ll_gpio.o
 .text.LL_GPIO_SetPinPull
                0x08107d44       0x40 ./Drivers/STM32H7xx_HAL_Driver/stm32h7xx_ll_gpio.o
 .text.LL_GPIO_SetAFPin_0_7
                0x08107d84       0x58 ./Drivers/STM32H7xx_HAL_Driver/stm32h7xx_ll_gpio.o
 .text.LL_GPIO_SetAFPin_8_15
                0x08107ddc       0x6c ./Drivers/STM32H7xx_HAL_Driver/stm32h7xx_ll_gpio.o
 .text.LL_GPIO_Init
                0x08107e48       0xdc ./Drivers/STM32H7xx_HAL_Driver/stm32h7xx_ll_gpio.o
                0x08107e48                LL_GPIO_Init
 .text.LL_RCC_HSE_IsReady
                0x08107f24       0x28 ./Drivers/STM32H7xx_HAL_Driver/stm32h7xx_ll_rcc.o
 .text.LL_RCC_HSI_IsReady
                0x08107f4c       0x24 ./Drivers/STM32H7xx_HAL_Driver/stm32h7xx_ll_rcc.o
 .text.LL_RCC_HSI_GetDivider
                0x08107f70       0x1c ./Drivers/STM32H7xx_HAL_Driver/stm32h7xx_ll_rcc.o
 .text.LL_RCC_CSI_IsReady
                0x08107f8c       0x28 ./Drivers/STM32H7xx_HAL_Driver/stm32h7xx_ll_rcc.o
 .text.LL_RCC_LSE_IsReady
                0x08107fb4       0x24 ./Drivers/STM32H7xx_HAL_Driver/stm32h7xx_ll_rcc.o
 .text.LL_RCC_GetSysClkSource
                0x08107fd8       0x1c ./Drivers/STM32H7xx_HAL_Driver/stm32h7xx_ll_rcc.o
 .text.LL_RCC_GetSysPrescaler
                0x08107ff4       0x1c ./Drivers/STM32H7xx_HAL_Driver/stm32h7xx_ll_rcc.o
 .text.LL_RCC_GetAHBPrescaler
                0x08108010       0x1c ./Drivers/STM32H7xx_HAL_Driver/stm32h7xx_ll_rcc.o
 .text.LL_RCC_GetAPB1Prescaler
                0x0810802c       0x1c ./Drivers/STM32H7xx_HAL_Driver/stm32h7xx_ll_rcc.o
 .text.LL_RCC_GetAPB2Prescaler
                0x08108048       0x1c ./Drivers/STM32H7xx_HAL_Driver/stm32h7xx_ll_rcc.o
 .text.LL_RCC_GetClockSource
                0x08108064       0x4c ./Drivers/STM32H7xx_HAL_Driver/stm32h7xx_ll_rcc.o
 .text.LL_RCC_GetUSARTClockSource
                0x081080b0       0x18 ./Drivers/STM32H7xx_HAL_Driver/stm32h7xx_ll_rcc.o
 .text.LL_RCC_PLL_GetSource
                0x081080c8       0x1c ./Drivers/STM32H7xx_HAL_Driver/stm32h7xx_ll_rcc.o
 .text.LL_RCC_PLL1P_IsEnabled
                0x081080e4       0x28 ./Drivers/STM32H7xx_HAL_Driver/stm32h7xx_ll_rcc.o
 .text.LL_RCC_PLL1Q_IsEnabled
                0x0810810c       0x28 ./Drivers/STM32H7xx_HAL_Driver/stm32h7xx_ll_rcc.o
 .text.LL_RCC_PLL1R_IsEnabled
                0x08108134       0x28 ./Drivers/STM32H7xx_HAL_Driver/stm32h7xx_ll_rcc.o
 .text.LL_RCC_PLL1FRACN_IsEnabled
                0x0810815c       0x24 ./Drivers/STM32H7xx_HAL_Driver/stm32h7xx_ll_rcc.o
 .text.LL_RCC_PLL1_GetN
                0x08108180       0x1c ./Drivers/STM32H7xx_HAL_Driver/stm32h7xx_ll_rcc.o
 .text.LL_RCC_PLL1_GetM
                0x0810819c       0x1c ./Drivers/STM32H7xx_HAL_Driver/stm32h7xx_ll_rcc.o
 .text.LL_RCC_PLL1_GetP
                0x081081b8       0x20 ./Drivers/STM32H7xx_HAL_Driver/stm32h7xx_ll_rcc.o
 .text.LL_RCC_PLL1_GetQ
                0x081081d8       0x20 ./Drivers/STM32H7xx_HAL_Driver/stm32h7xx_ll_rcc.o
 .text.LL_RCC_PLL1_GetR
                0x081081f8       0x20 ./Drivers/STM32H7xx_HAL_Driver/stm32h7xx_ll_rcc.o
 .text.LL_RCC_PLL1_GetFRACN
                0x08108218       0x1c ./Drivers/STM32H7xx_HAL_Driver/stm32h7xx_ll_rcc.o
 .text.LL_RCC_PLL2_IsReady
                0x08108234       0x28 ./Drivers/STM32H7xx_HAL_Driver/stm32h7xx_ll_rcc.o
 .text.LL_RCC_PLL2P_IsEnabled
                0x0810825c       0x28 ./Drivers/STM32H7xx_HAL_Driver/stm32h7xx_ll_rcc.o
 .text.LL_RCC_PLL2Q_IsEnabled
                0x08108284       0x28 ./Drivers/STM32H7xx_HAL_Driver/stm32h7xx_ll_rcc.o
 .text.LL_RCC_PLL2R_IsEnabled
                0x081082ac       0x28 ./Drivers/STM32H7xx_HAL_Driver/stm32h7xx_ll_rcc.o
 .text.LL_RCC_PLL2FRACN_IsEnabled
                0x081082d4       0x24 ./Drivers/STM32H7xx_HAL_Driver/stm32h7xx_ll_rcc.o
 .text.LL_RCC_PLL2_GetN
                0x081082f8       0x1c ./Drivers/STM32H7xx_HAL_Driver/stm32h7xx_ll_rcc.o
 .text.LL_RCC_PLL2_GetM
                0x08108314       0x1c ./Drivers/STM32H7xx_HAL_Driver/stm32h7xx_ll_rcc.o
 .text.LL_RCC_PLL2_GetP
                0x08108330       0x20 ./Drivers/STM32H7xx_HAL_Driver/stm32h7xx_ll_rcc.o
 .text.LL_RCC_PLL2_GetQ
                0x08108350       0x20 ./Drivers/STM32H7xx_HAL_Driver/stm32h7xx_ll_rcc.o
 .text.LL_RCC_PLL2_GetR
                0x08108370       0x20 ./Drivers/STM32H7xx_HAL_Driver/stm32h7xx_ll_rcc.o
 .text.LL_RCC_PLL2_GetFRACN
                0x08108390       0x1c ./Drivers/STM32H7xx_HAL_Driver/stm32h7xx_ll_rcc.o
 .text.LL_RCC_PLL3_IsReady
                0x081083ac       0x28 ./Drivers/STM32H7xx_HAL_Driver/stm32h7xx_ll_rcc.o
 .text.LL_RCC_PLL3P_IsEnabled
                0x081083d4       0x28 ./Drivers/STM32H7xx_HAL_Driver/stm32h7xx_ll_rcc.o
 .text.LL_RCC_PLL3Q_IsEnabled
                0x081083fc       0x28 ./Drivers/STM32H7xx_HAL_Driver/stm32h7xx_ll_rcc.o
 .text.LL_RCC_PLL3R_IsEnabled
                0x08108424       0x28 ./Drivers/STM32H7xx_HAL_Driver/stm32h7xx_ll_rcc.o
 .text.LL_RCC_PLL3FRACN_IsEnabled
                0x0810844c       0x28 ./Drivers/STM32H7xx_HAL_Driver/stm32h7xx_ll_rcc.o
 .text.LL_RCC_PLL3_GetN
                0x08108474       0x1c ./Drivers/STM32H7xx_HAL_Driver/stm32h7xx_ll_rcc.o
 .text.LL_RCC_PLL3_GetM
                0x08108490       0x1c ./Drivers/STM32H7xx_HAL_Driver/stm32h7xx_ll_rcc.o
 .text.LL_RCC_PLL3_GetP
                0x081084ac       0x20 ./Drivers/STM32H7xx_HAL_Driver/stm32h7xx_ll_rcc.o
 .text.LL_RCC_PLL3_GetQ
                0x081084cc       0x20 ./Drivers/STM32H7xx_HAL_Driver/stm32h7xx_ll_rcc.o
 .text.LL_RCC_PLL3_GetR
                0x081084ec       0x20 ./Drivers/STM32H7xx_HAL_Driver/stm32h7xx_ll_rcc.o
 .text.LL_RCC_PLL3_GetFRACN
                0x0810850c       0x1c ./Drivers/STM32H7xx_HAL_Driver/stm32h7xx_ll_rcc.o
 .text.LL_RCC_GetPLL1ClockFreq
                0x08108528      0x130 ./Drivers/STM32H7xx_HAL_Driver/stm32h7xx_ll_rcc.o
                0x08108528                LL_RCC_GetPLL1ClockFreq
 .text.LL_RCC_GetPLL2ClockFreq
                0x08108658      0x130 ./Drivers/STM32H7xx_HAL_Driver/stm32h7xx_ll_rcc.o
                0x08108658                LL_RCC_GetPLL2ClockFreq
 .text.LL_RCC_GetPLL3ClockFreq
                0x08108788      0x134 ./Drivers/STM32H7xx_HAL_Driver/stm32h7xx_ll_rcc.o
                0x08108788                LL_RCC_GetPLL3ClockFreq
 .text.LL_RCC_CalcPLLClockFreq
                0x081088bc       0x80 ./Drivers/STM32H7xx_HAL_Driver/stm32h7xx_ll_rcc.o
                0x081088bc                LL_RCC_CalcPLLClockFreq
 .text.LL_RCC_GetUSARTClockFreq
                0x0810893c      0x1dc ./Drivers/STM32H7xx_HAL_Driver/stm32h7xx_ll_rcc.o
                0x0810893c                LL_RCC_GetUSARTClockFreq
 .text.RCC_GetSystemClockFreq
                0x08108b18       0xc4 ./Drivers/STM32H7xx_HAL_Driver/stm32h7xx_ll_rcc.o
 .text.RCC_GetHCLKClockFreq
                0x08108bdc       0x2c ./Drivers/STM32H7xx_HAL_Driver/stm32h7xx_ll_rcc.o
 .text.RCC_GetPCLK1ClockFreq
                0x08108c08       0x30 ./Drivers/STM32H7xx_HAL_Driver/stm32h7xx_ll_rcc.o
 .text.RCC_GetPCLK2ClockFreq
                0x08108c38       0x30 ./Drivers/STM32H7xx_HAL_Driver/stm32h7xx_ll_rcc.o
 .text.SDMMC_Init
                0x08108c68       0x54 ./Drivers/STM32H7xx_HAL_Driver/stm32h7xx_ll_sdmmc.o
                0x08108c68                SDMMC_Init
 .text.SDMMC_ReadFIFO
                0x08108cbc       0x1a ./Drivers/STM32H7xx_HAL_Driver/stm32h7xx_ll_sdmmc.o
                0x08108cbc                SDMMC_ReadFIFO
 .text.SDMMC_WriteFIFO
                0x08108cd6       0x22 ./Drivers/STM32H7xx_HAL_Driver/stm32h7xx_ll_sdmmc.o
                0x08108cd6                SDMMC_WriteFIFO
 .text.SDMMC_PowerState_ON
                0x08108cf8       0x22 ./Drivers/STM32H7xx_HAL_Driver/stm32h7xx_ll_sdmmc.o
                0x08108cf8                SDMMC_PowerState_ON
 .text.SDMMC_GetPowerState
                0x08108d1a       0x1c ./Drivers/STM32H7xx_HAL_Driver/stm32h7xx_ll_sdmmc.o
                0x08108d1a                SDMMC_GetPowerState
 *fill*         0x08108d36        0x2 
 .text.SDMMC_SendCommand
                0x08108d38       0x54 ./Drivers/STM32H7xx_HAL_Driver/stm32h7xx_ll_sdmmc.o
                0x08108d38                SDMMC_SendCommand
 .text.SDMMC_GetCommandResponse
                0x08108d8c       0x1a ./Drivers/STM32H7xx_HAL_Driver/stm32h7xx_ll_sdmmc.o
                0x08108d8c                SDMMC_GetCommandResponse
 .text.SDMMC_GetResponse
                0x08108da6       0x26 ./Drivers/STM32H7xx_HAL_Driver/stm32h7xx_ll_sdmmc.o
                0x08108da6                SDMMC_GetResponse
 .text.SDMMC_ConfigData
                0x08108dcc       0x58 ./Drivers/STM32H7xx_HAL_Driver/stm32h7xx_ll_sdmmc.o
                0x08108dcc                SDMMC_ConfigData
 .text.SDMMC_CmdBlockLength
                0x08108e24       0x46 ./Drivers/STM32H7xx_HAL_Driver/stm32h7xx_ll_sdmmc.o
                0x08108e24                SDMMC_CmdBlockLength
 *fill*         0x08108e6a        0x2 
 .text.SDMMC_CmdStopTransfer
                0x08108e6c       0x78 ./Drivers/STM32H7xx_HAL_Driver/stm32h7xx_ll_sdmmc.o
                0x08108e6c                SDMMC_CmdStopTransfer
 .text.SDMMC_CmdSelDesel
                0x08108ee4       0x46 ./Drivers/STM32H7xx_HAL_Driver/stm32h7xx_ll_sdmmc.o
                0x08108ee4                SDMMC_CmdSelDesel
 .text.SDMMC_CmdGoIdleState
                0x08108f2a       0x3c ./Drivers/STM32H7xx_HAL_Driver/stm32h7xx_ll_sdmmc.o
                0x08108f2a                SDMMC_CmdGoIdleState
 .text.SDMMC_CmdSendCID
                0x08108f66       0x3e ./Drivers/STM32H7xx_HAL_Driver/stm32h7xx_ll_sdmmc.o
                0x08108f66                SDMMC_CmdSendCID
 .text.SDMMC_CmdSendCSD
                0x08108fa4       0x40 ./Drivers/STM32H7xx_HAL_Driver/stm32h7xx_ll_sdmmc.o
                0x08108fa4                SDMMC_CmdSendCSD
 .text.SDMMC_CmdSetRelAddMmc
                0x08108fe4       0x4a ./Drivers/STM32H7xx_HAL_Driver/stm32h7xx_ll_sdmmc.o
                0x08108fe4                SDMMC_CmdSetRelAddMmc
 .text.SDMMC_CmdSendStatus
                0x0810902e       0x46 ./Drivers/STM32H7xx_HAL_Driver/stm32h7xx_ll_sdmmc.o
                0x0810902e                SDMMC_CmdSendStatus
 .text.SDMMC_CmdOpCondition
                0x08109074       0x40 ./Drivers/STM32H7xx_HAL_Driver/stm32h7xx_ll_sdmmc.o
                0x08109074                SDMMC_CmdOpCondition
 .text.SDMMC_CmdSwitch
                0x081090b4       0x46 ./Drivers/STM32H7xx_HAL_Driver/stm32h7xx_ll_sdmmc.o
                0x081090b4                SDMMC_CmdSwitch
 .text.SDMMC_CmdSendEXTCSD
                0x081090fa       0x46 ./Drivers/STM32H7xx_HAL_Driver/stm32h7xx_ll_sdmmc.o
                0x081090fa                SDMMC_CmdSendEXTCSD
 .text.SDMMC_GetCmdResp1
                0x08109140      0x1e4 ./Drivers/STM32H7xx_HAL_Driver/stm32h7xx_ll_sdmmc.o
                0x08109140                SDMMC_GetCmdResp1
 .text.SDMMC_GetCmdResp2
                0x08109324       0x94 ./Drivers/STM32H7xx_HAL_Driver/stm32h7xx_ll_sdmmc.o
                0x08109324                SDMMC_GetCmdResp2
 .text.SDMMC_GetCmdResp3
                0x081093b8       0x80 ./Drivers/STM32H7xx_HAL_Driver/stm32h7xx_ll_sdmmc.o
                0x081093b8                SDMMC_GetCmdResp3
 .text.SDMMC_GetCmdError
                0x08109438       0x5c ./Drivers/STM32H7xx_HAL_Driver/stm32h7xx_ll_sdmmc.o
 .text.LL_TIM_SetPrescaler
                0x08109494       0x1c ./Drivers/STM32H7xx_HAL_Driver/stm32h7xx_ll_tim.o
 .text.LL_TIM_SetAutoReload
                0x081094b0       0x1c ./Drivers/STM32H7xx_HAL_Driver/stm32h7xx_ll_tim.o
 .text.LL_TIM_SetRepetitionCounter
                0x081094cc       0x1c ./Drivers/STM32H7xx_HAL_Driver/stm32h7xx_ll_tim.o
 .text.LL_TIM_GenerateEvent_UPDATE
                0x081094e8       0x20 ./Drivers/STM32H7xx_HAL_Driver/stm32h7xx_ll_tim.o
 .text.LL_TIM_Init
                0x08109508      0x128 ./Drivers/STM32H7xx_HAL_Driver/stm32h7xx_ll_tim.o
                0x08109508                LL_TIM_Init
 .text.LL_USART_IsEnabled
                0x08109630       0x26 ./Drivers/STM32H7xx_HAL_Driver/stm32h7xx_ll_usart.o
 .text.LL_USART_SetPrescaler
                0x08109656       0x28 ./Drivers/STM32H7xx_HAL_Driver/stm32h7xx_ll_usart.o
 .text.LL_USART_SetStopBitsLength
                0x0810967e       0x26 ./Drivers/STM32H7xx_HAL_Driver/stm32h7xx_ll_usart.o
 .text.LL_USART_SetHWFlowCtrl
                0x081096a4       0x26 ./Drivers/STM32H7xx_HAL_Driver/stm32h7xx_ll_usart.o
 *fill*         0x081096ca        0x2 
 .text.LL_USART_SetBaudRate
                0x081096cc       0xa0 ./Drivers/STM32H7xx_HAL_Driver/stm32h7xx_ll_usart.o
 .text.LL_USART_Init
                0x0810976c      0x154 ./Drivers/STM32H7xx_HAL_Driver/stm32h7xx_ll_usart.o
                0x0810976c                LL_USART_Init
 .text.USB_CoreInit
                0x081098c0       0xe2 ./Drivers/STM32H7xx_HAL_Driver/stm32h7xx_ll_usb.o
                0x081098c0                USB_CoreInit
 *fill*         0x081099a2        0x2 
 .text.USB_SetTurnaroundTime
                0x081099a4      0x144 ./Drivers/STM32H7xx_HAL_Driver/stm32h7xx_ll_usb.o
                0x081099a4                USB_SetTurnaroundTime
 .text.USB_EnableGlobalInt
                0x08109ae8       0x22 ./Drivers/STM32H7xx_HAL_Driver/stm32h7xx_ll_usb.o
                0x08109ae8                USB_EnableGlobalInt
 .text.USB_DisableGlobalInt
                0x08109b0a       0x22 ./Drivers/STM32H7xx_HAL_Driver/stm32h7xx_ll_usb.o
                0x08109b0a                USB_DisableGlobalInt
 .text.USB_SetCurrentMode
                0x08109b2c       0x98 ./Drivers/STM32H7xx_HAL_Driver/stm32h7xx_ll_usb.o
                0x08109b2c                USB_SetCurrentMode
 .text.USB_DevInit
                0x08109bc4      0x2bc ./Drivers/STM32H7xx_HAL_Driver/stm32h7xx_ll_usb.o
                0x08109bc4                USB_DevInit
 .text.USB_FlushTxFifo
                0x08109e80       0x64 ./Drivers/STM32H7xx_HAL_Driver/stm32h7xx_ll_usb.o
                0x08109e80                USB_FlushTxFifo
 .text.USB_FlushRxFifo
                0x08109ee4       0x5c ./Drivers/STM32H7xx_HAL_Driver/stm32h7xx_ll_usb.o
                0x08109ee4                USB_FlushRxFifo
 .text.USB_SetDevSpeed
                0x08109f40       0x32 ./Drivers/STM32H7xx_HAL_Driver/stm32h7xx_ll_usb.o
                0x08109f40                USB_SetDevSpeed
 .text.USB_GetDevSpeed
                0x08109f72       0x4a ./Drivers/STM32H7xx_HAL_Driver/stm32h7xx_ll_usb.o
                0x08109f72                USB_GetDevSpeed
 .text.USB_ActivateEndpoint
                0x08109fbc      0x10e ./Drivers/STM32H7xx_HAL_Driver/stm32h7xx_ll_usb.o
                0x08109fbc                USB_ActivateEndpoint
 *fill*         0x0810a0ca        0x2 
 .text.USB_DeactivateEndpoint
                0x0810a0cc      0x1b8 ./Drivers/STM32H7xx_HAL_Driver/stm32h7xx_ll_usb.o
                0x0810a0cc                USB_DeactivateEndpoint
 .text.USB_EPStartXfer
                0x0810a284      0x53c ./Drivers/STM32H7xx_HAL_Driver/stm32h7xx_ll_usb.o
                0x0810a284                USB_EPStartXfer
 .text.USB_EPStopXfer
                0x0810a7c0      0x154 ./Drivers/STM32H7xx_HAL_Driver/stm32h7xx_ll_usb.o
                0x0810a7c0                USB_EPStopXfer
 .text.USB_WritePacket
                0x0810a914       0x7c ./Drivers/STM32H7xx_HAL_Driver/stm32h7xx_ll_usb.o
                0x0810a914                USB_WritePacket
 .text.USB_ReadPacket
                0x0810a990       0xb0 ./Drivers/STM32H7xx_HAL_Driver/stm32h7xx_ll_usb.o
                0x0810a990                USB_ReadPacket
 .text.USB_EPSetStall
                0x0810aa40       0xdc ./Drivers/STM32H7xx_HAL_Driver/stm32h7xx_ll_usb.o
                0x0810aa40                USB_EPSetStall
 .text.USB_EPClearStall
                0x0810ab1c       0xcc ./Drivers/STM32H7xx_HAL_Driver/stm32h7xx_ll_usb.o
                0x0810ab1c                USB_EPClearStall
 .text.USB_SetDevAddress
                0x0810abe8       0x4c ./Drivers/STM32H7xx_HAL_Driver/stm32h7xx_ll_usb.o
                0x0810abe8                USB_SetDevAddress
 .text.USB_DevConnect
                0x0810ac34       0x42 ./Drivers/STM32H7xx_HAL_Driver/stm32h7xx_ll_usb.o
                0x0810ac34                USB_DevConnect
 .text.USB_DevDisconnect
                0x0810ac76       0x42 ./Drivers/STM32H7xx_HAL_Driver/stm32h7xx_ll_usb.o
                0x0810ac76                USB_DevDisconnect
 .text.USB_ReadInterrupts
                0x0810acb8       0x26 ./Drivers/STM32H7xx_HAL_Driver/stm32h7xx_ll_usb.o
                0x0810acb8                USB_ReadInterrupts
 .text.USB_ReadDevAllOutEpInterrupt
                0x0810acde       0x34 ./Drivers/STM32H7xx_HAL_Driver/stm32h7xx_ll_usb.o
                0x0810acde                USB_ReadDevAllOutEpInterrupt
 .text.USB_ReadDevAllInEpInterrupt
                0x0810ad12       0x34 ./Drivers/STM32H7xx_HAL_Driver/stm32h7xx_ll_usb.o
                0x0810ad12                USB_ReadDevAllInEpInterrupt
 .text.USB_ReadDevOutEPInterrupt
                0x0810ad46       0x3c ./Drivers/STM32H7xx_HAL_Driver/stm32h7xx_ll_usb.o
                0x0810ad46                USB_ReadDevOutEPInterrupt
 .text.USB_ReadDevInEPInterrupt
                0x0810ad82       0x5c ./Drivers/STM32H7xx_HAL_Driver/stm32h7xx_ll_usb.o
                0x0810ad82                USB_ReadDevInEPInterrupt
 .text.USB_GetMode
                0x0810adde       0x1c ./Drivers/STM32H7xx_HAL_Driver/stm32h7xx_ll_usb.o
                0x0810adde                USB_GetMode
 .text.USB_ActivateSetup
                0x0810adfa       0x46 ./Drivers/STM32H7xx_HAL_Driver/stm32h7xx_ll_usb.o
                0x0810adfa                USB_ActivateSetup
 .text.USB_EP0_OutStart
                0x0810ae40       0xbc ./Drivers/STM32H7xx_HAL_Driver/stm32h7xx_ll_usb.o
                0x0810ae40                USB_EP0_OutStart
 .text.USB_CoreReset
                0x0810aefc       0x62 ./Drivers/STM32H7xx_HAL_Driver/stm32h7xx_ll_usb.o
 *fill*         0x0810af5e        0x2 
 .text.USBD_CDC_Init
                0x0810af60      0x1f0 ./Middlewares/ST/STM32_USB_Device_Library/usbd_cdc.o
 .text.USBD_CDC_DeInit
                0x0810b150      0x104 ./Middlewares/ST/STM32_USB_Device_Library/usbd_cdc.o
 .text.USBD_CDC_Setup
                0x0810b254      0x1b8 ./Middlewares/ST/STM32_USB_Device_Library/usbd_cdc.o
 .text.USBD_CDC_DataIn
                0x0810b40c       0xfe ./Middlewares/ST/STM32_USB_Device_Library/usbd_cdc.o
 .text.USBD_CDC_DataOut
                0x0810b50a       0x70 ./Middlewares/ST/STM32_USB_Device_Library/usbd_cdc.o
 .text.USBD_CDC_EP0_RxReady
                0x0810b57a       0x74 ./Middlewares/ST/STM32_USB_Device_Library/usbd_cdc.o
 *fill*         0x0810b5ee        0x2 
 .text.USBD_CDC_GetFSCfgDesc
                0x0810b5f0       0x70 ./Middlewares/ST/STM32_USB_Device_Library/usbd_cdc.o
 .text.USBD_CDC_GetHSCfgDesc
                0x0810b660       0x70 ./Middlewares/ST/STM32_USB_Device_Library/usbd_cdc.o
 .text.USBD_CDC_GetOtherSpeedCfgDesc
                0x0810b6d0       0x70 ./Middlewares/ST/STM32_USB_Device_Library/usbd_cdc.o
 .text.USBD_CDC_GetDeviceQualifierDescriptor
                0x0810b740       0x20 ./Middlewares/ST/STM32_USB_Device_Library/usbd_cdc.o
                0x0810b740                USBD_CDC_GetDeviceQualifierDescriptor
 .text.USBD_CDC_RegisterInterface
                0x0810b760       0x34 ./Middlewares/ST/STM32_USB_Device_Library/usbd_cdc.o
                0x0810b760                USBD_CDC_RegisterInterface
 .text.USBD_CDC_SetTxBuffer
                0x0810b794       0x44 ./Middlewares/ST/STM32_USB_Device_Library/usbd_cdc.o
                0x0810b794                USBD_CDC_SetTxBuffer
 .text.USBD_CDC_SetRxBuffer
                0x0810b7d8       0x3a ./Middlewares/ST/STM32_USB_Device_Library/usbd_cdc.o
                0x0810b7d8                USBD_CDC_SetRxBuffer
 *fill*         0x0810b812        0x2 
 .text.USBD_CDC_ReceivePacket
                0x0810b814       0x6c ./Middlewares/ST/STM32_USB_Device_Library/usbd_cdc.o
                0x0810b814                USBD_CDC_ReceivePacket
 .text.USBD_Init
                0x0810b880       0x60 ./Middlewares/ST/STM32_USB_Device_Library/usbd_core.o
                0x0810b880                USBD_Init
 .text.USBD_RegisterClass
                0x0810b8e0       0x6c ./Middlewares/ST/STM32_USB_Device_Library/usbd_core.o
                0x0810b8e0                USBD_RegisterClass
 .text.USBD_Start
                0x0810b94c       0x18 ./Middlewares/ST/STM32_USB_Device_Library/usbd_core.o
                0x0810b94c                USBD_Start
 .text.USBD_RunTestMode
                0x0810b964       0x16 ./Middlewares/ST/STM32_USB_Device_Library/usbd_core.o
                0x0810b964                USBD_RunTestMode
 .text.USBD_SetClassConfig
                0x0810b97a       0x38 ./Middlewares/ST/STM32_USB_Device_Library/usbd_core.o
                0x0810b97a                USBD_SetClassConfig
 .text.USBD_ClrClassConfig
                0x0810b9b2       0x34 ./Middlewares/ST/STM32_USB_Device_Library/usbd_core.o
                0x0810b9b2                USBD_ClrClassConfig
 .text.USBD_LL_SetupStage
                0x0810b9e6       0xaa ./Middlewares/ST/STM32_USB_Device_Library/usbd_core.o
                0x0810b9e6                USBD_LL_SetupStage
 .text.USBD_LL_DataOutStage
                0x0810ba90      0x166 ./Middlewares/ST/STM32_USB_Device_Library/usbd_core.o
                0x0810ba90                USBD_LL_DataOutStage
 .text.USBD_LL_DataInStage
                0x0810bbf6      0x164 ./Middlewares/ST/STM32_USB_Device_Library/usbd_core.o
                0x0810bbf6                USBD_LL_DataInStage
 .text.USBD_LL_Reset
                0x0810bd5a       0xa4 ./Middlewares/ST/STM32_USB_Device_Library/usbd_core.o
                0x0810bd5a                USBD_LL_Reset
 .text.USBD_LL_SetSpeed
                0x0810bdfe       0x20 ./Middlewares/ST/STM32_USB_Device_Library/usbd_core.o
                0x0810bdfe                USBD_LL_SetSpeed
 .text.USBD_LL_Suspend
                0x0810be1e       0x38 ./Middlewares/ST/STM32_USB_Device_Library/usbd_core.o
                0x0810be1e                USBD_LL_Suspend
 .text.USBD_LL_Resume
                0x0810be56       0x30 ./Middlewares/ST/STM32_USB_Device_Library/usbd_core.o
                0x0810be56                USBD_LL_Resume
 .text.USBD_LL_SOF
                0x0810be86       0x40 ./Middlewares/ST/STM32_USB_Device_Library/usbd_core.o
                0x0810be86                USBD_LL_SOF
 .text.USBD_LL_IsoINIncomplete
                0x0810bec6       0x64 ./Middlewares/ST/STM32_USB_Device_Library/usbd_core.o
                0x0810bec6                USBD_LL_IsoINIncomplete
 .text.USBD_LL_IsoOUTIncomplete
                0x0810bf2a       0x64 ./Middlewares/ST/STM32_USB_Device_Library/usbd_core.o
                0x0810bf2a                USBD_LL_IsoOUTIncomplete
 .text.USBD_LL_DevConnected
                0x0810bf8e       0x16 ./Middlewares/ST/STM32_USB_Device_Library/usbd_core.o
                0x0810bf8e                USBD_LL_DevConnected
 .text.USBD_LL_DevDisconnected
                0x0810bfa4       0x46 ./Middlewares/ST/STM32_USB_Device_Library/usbd_core.o
                0x0810bfa4                USBD_LL_DevDisconnected
 .text.USBD_CoreFindIF
                0x0810bfea       0x1a ./Middlewares/ST/STM32_USB_Device_Library/usbd_core.o
                0x0810bfea                USBD_CoreFindIF
 .text.USBD_CoreFindEP
                0x0810c004       0x1a ./Middlewares/ST/STM32_USB_Device_Library/usbd_core.o
                0x0810c004                USBD_CoreFindEP
 .text.USBD_GetEpDesc
                0x0810c01e       0x70 ./Middlewares/ST/STM32_USB_Device_Library/usbd_core.o
                0x0810c01e                USBD_GetEpDesc
 .text.USBD_GetNextDesc
                0x0810c08e       0x38 ./Middlewares/ST/STM32_USB_Device_Library/usbd_core.o
                0x0810c08e                USBD_GetNextDesc
 .text.SWAPBYTE
                0x0810c0c6       0x3e ./Middlewares/ST/STM32_USB_Device_Library/usbd_ctlreq.o
 .text.USBD_StdDevReq
                0x0810c104       0xe4 ./Middlewares/ST/STM32_USB_Device_Library/usbd_ctlreq.o
                0x0810c104                USBD_StdDevReq
 .text.USBD_StdItfReq
                0x0810c1e8       0xd8 ./Middlewares/ST/STM32_USB_Device_Library/usbd_ctlreq.o
                0x0810c1e8                USBD_StdItfReq
 .text.USBD_StdEPReq
                0x0810c2c0      0x33a ./Middlewares/ST/STM32_USB_Device_Library/usbd_ctlreq.o
                0x0810c2c0                USBD_StdEPReq
 *fill*         0x0810c5fa        0x2 
 .text.USBD_GetDescriptor
                0x0810c5fc      0x328 ./Middlewares/ST/STM32_USB_Device_Library/usbd_ctlreq.o
 .text.USBD_SetAddress
                0x0810c924       0x88 ./Middlewares/ST/STM32_USB_Device_Library/usbd_ctlreq.o
 .text.USBD_SetConfig
                0x0810c9ac      0x154 ./Middlewares/ST/STM32_USB_Device_Library/usbd_ctlreq.o
 .text.USBD_GetConfig
                0x0810cb00       0x6c ./Middlewares/ST/STM32_USB_Device_Library/usbd_ctlreq.o
 .text.USBD_GetStatus
                0x0810cb6c       0x68 ./Middlewares/ST/STM32_USB_Device_Library/usbd_ctlreq.o
 .text.USBD_SetFeature
                0x0810cbd4       0x52 ./Middlewares/ST/STM32_USB_Device_Library/usbd_ctlreq.o
 .text.USBD_ClrFeature
                0x0810cc26       0x44 ./Middlewares/ST/STM32_USB_Device_Library/usbd_ctlreq.o
 .text.USBD_ParseSetupRequest
                0x0810cc6a       0x74 ./Middlewares/ST/STM32_USB_Device_Library/usbd_ctlreq.o
                0x0810cc6a                USBD_ParseSetupRequest
 .text.USBD_CtlError
                0x0810ccde       0x22 ./Middlewares/ST/STM32_USB_Device_Library/usbd_ctlreq.o
                0x0810ccde                USBD_CtlError
 .text.USBD_GetString
                0x0810cd00       0xa4 ./Middlewares/ST/STM32_USB_Device_Library/usbd_ctlreq.o
                0x0810cd00                USBD_GetString
 .text.USBD_GetLen
                0x0810cda4       0x34 ./Middlewares/ST/STM32_USB_Device_Library/usbd_ctlreq.o
 .text.USBD_CtlSendData
                0x0810cdd8       0x36 ./Middlewares/ST/STM32_USB_Device_Library/usbd_ioreq.o
                0x0810cdd8                USBD_CtlSendData
 .text.USBD_CtlContinueSendData
                0x0810ce0e       0x22 ./Middlewares/ST/STM32_USB_Device_Library/usbd_ioreq.o
                0x0810ce0e                USBD_CtlContinueSendData
 .text.USBD_CtlPrepareRx
                0x0810ce30       0x3a ./Middlewares/ST/STM32_USB_Device_Library/usbd_ioreq.o
                0x0810ce30                USBD_CtlPrepareRx
 .text.USBD_CtlContinueRx
                0x0810ce6a       0x22 ./Middlewares/ST/STM32_USB_Device_Library/usbd_ioreq.o
                0x0810ce6a                USBD_CtlContinueRx
 .text.USBD_CtlSendStatus
                0x0810ce8c       0x26 ./Middlewares/ST/STM32_USB_Device_Library/usbd_ioreq.o
                0x0810ce8c                USBD_CtlSendStatus
 .text.USBD_CtlReceiveStatus
                0x0810ceb2       0x26 ./Middlewares/ST/STM32_USB_Device_Library/usbd_ioreq.o
                0x0810ceb2                USBD_CtlReceiveStatus
 .text.MX_USB_DEVICE_Init
                0x0810ced8       0x64 ./USB_DEVICE/App/usb_device.o
                0x0810ced8                MX_USB_DEVICE_Init
 .text.CDC_Init_FS
                0x0810cf3c       0x28 ./USB_DEVICE/App/usbd_cdc_if.o
 .text.CDC_DeInit_FS
                0x0810cf64       0x10 ./USB_DEVICE/App/usbd_cdc_if.o
 .text.CDC_Control_FS
                0x0810cf74       0xbc ./USB_DEVICE/App/usbd_cdc_if.o
 .text.CDC_Receive_FS
                0x0810d030       0x28 ./USB_DEVICE/App/usbd_cdc_if.o
 .text.CDC_TransmitCplt_FS
                0x0810d058       0x22 ./USB_DEVICE/App/usbd_cdc_if.o
 *fill*         0x0810d07a        0x2 
 .text.USBD_FS_DeviceDescriptor
                0x0810d07c       0x24 ./USB_DEVICE/App/usbd_desc.o
                0x0810d07c                USBD_FS_DeviceDescriptor
 .text.USBD_FS_LangIDStrDescriptor
                0x0810d0a0       0x24 ./USB_DEVICE/App/usbd_desc.o
                0x0810d0a0                USBD_FS_LangIDStrDescriptor
 .text.USBD_FS_ProductStrDescriptor
                0x0810d0c4       0x3c ./USB_DEVICE/App/usbd_desc.o
                0x0810d0c4                USBD_FS_ProductStrDescriptor
 .text.USBD_FS_ManufacturerStrDescriptor
                0x0810d100       0x28 ./USB_DEVICE/App/usbd_desc.o
                0x0810d100                USBD_FS_ManufacturerStrDescriptor
 .text.USBD_FS_SerialStrDescriptor
                0x0810d128       0x24 ./USB_DEVICE/App/usbd_desc.o
                0x0810d128                USBD_FS_SerialStrDescriptor
 .text.USBD_FS_ConfigStrDescriptor
                0x0810d14c       0x3c ./USB_DEVICE/App/usbd_desc.o
                0x0810d14c                USBD_FS_ConfigStrDescriptor
 .text.USBD_FS_InterfaceStrDescriptor
                0x0810d188       0x3c ./USB_DEVICE/App/usbd_desc.o
                0x0810d188                USBD_FS_InterfaceStrDescriptor
 .text.Get_SerialNum
                0x0810d1c4       0x58 ./USB_DEVICE/App/usbd_desc.o
 .text.IntToUnicode
                0x0810d21c       0x7e ./USB_DEVICE/App/usbd_desc.o
 *fill*         0x0810d29a        0x2 
 .text.HAL_PCD_MspInit
                0x0810d29c      0x108 ./USB_DEVICE/Target/usbd_conf.o
                0x0810d29c                HAL_PCD_MspInit
 .text.HAL_PCD_SetupStageCallback
                0x0810d3a4       0x24 ./USB_DEVICE/Target/usbd_conf.o
                0x0810d3a4                HAL_PCD_SetupStageCallback
 .text.HAL_PCD_DataOutStageCallback
                0x0810d3c8       0x36 ./USB_DEVICE/Target/usbd_conf.o
                0x0810d3c8                HAL_PCD_DataOutStageCallback
 .text.HAL_PCD_DataInStageCallback
                0x0810d3fe       0x34 ./USB_DEVICE/Target/usbd_conf.o
                0x0810d3fe                HAL_PCD_DataInStageCallback
 .text.HAL_PCD_SOFCallback
                0x0810d432       0x1c ./USB_DEVICE/Target/usbd_conf.o
                0x0810d432                HAL_PCD_SOFCallback
 .text.HAL_PCD_ResetCallback
                0x0810d44e       0x50 ./USB_DEVICE/Target/usbd_conf.o
                0x0810d44e                HAL_PCD_ResetCallback
 *fill*         0x0810d49e        0x2 
 .text.HAL_PCD_SuspendCallback
                0x0810d4a0       0x4c ./USB_DEVICE/Target/usbd_conf.o
                0x0810d4a0                HAL_PCD_SuspendCallback
 .text.HAL_PCD_ResumeCallback
                0x0810d4ec       0x1c ./USB_DEVICE/Target/usbd_conf.o
                0x0810d4ec                HAL_PCD_ResumeCallback
 .text.HAL_PCD_ISOOUTIncompleteCallback
                0x0810d508       0x24 ./USB_DEVICE/Target/usbd_conf.o
                0x0810d508                HAL_PCD_ISOOUTIncompleteCallback
 .text.HAL_PCD_ISOINIncompleteCallback
                0x0810d52c       0x24 ./USB_DEVICE/Target/usbd_conf.o
                0x0810d52c                HAL_PCD_ISOINIncompleteCallback
 .text.HAL_PCD_ConnectCallback
                0x0810d550       0x1c ./USB_DEVICE/Target/usbd_conf.o
                0x0810d550                HAL_PCD_ConnectCallback
 .text.HAL_PCD_DisconnectCallback
                0x0810d56c       0x1c ./USB_DEVICE/Target/usbd_conf.o
                0x0810d56c                HAL_PCD_DisconnectCallback
 .text.USBD_LL_Init
                0x0810d588       0xa0 ./USB_DEVICE/Target/usbd_conf.o
                0x0810d588                USBD_LL_Init
 .text.USBD_LL_Start
                0x0810d628       0x36 ./USB_DEVICE/Target/usbd_conf.o
                0x0810d628                USBD_LL_Start
 .text.USBD_LL_OpenEP
                0x0810d65e       0x4c ./USB_DEVICE/Target/usbd_conf.o
                0x0810d65e                USBD_LL_OpenEP
 .text.USBD_LL_CloseEP
                0x0810d6aa       0x3e ./USB_DEVICE/Target/usbd_conf.o
                0x0810d6aa                USBD_LL_CloseEP
 .text.USBD_LL_StallEP
                0x0810d6e8       0x3e ./USB_DEVICE/Target/usbd_conf.o
                0x0810d6e8                USBD_LL_StallEP
 .text.USBD_LL_ClearStallEP
                0x0810d726       0x3e ./USB_DEVICE/Target/usbd_conf.o
                0x0810d726                USBD_LL_ClearStallEP
 .text.USBD_LL_IsStallEP
                0x0810d764       0x58 ./USB_DEVICE/Target/usbd_conf.o
                0x0810d764                USBD_LL_IsStallEP
 .text.USBD_LL_SetUSBAddress
                0x0810d7bc       0x3e ./USB_DEVICE/Target/usbd_conf.o
                0x0810d7bc                USBD_LL_SetUSBAddress
 .text.USBD_LL_Transmit
                0x0810d7fa       0x42 ./USB_DEVICE/Target/usbd_conf.o
                0x0810d7fa                USBD_LL_Transmit
 .text.USBD_LL_PrepareReceive
                0x0810d83c       0x42 ./USB_DEVICE/Target/usbd_conf.o
                0x0810d83c                USBD_LL_PrepareReceive
 .text.USBD_LL_GetRxDataSize
                0x0810d87e       0x26 ./USB_DEVICE/Target/usbd_conf.o
                0x0810d87e                USBD_LL_GetRxDataSize
 .text.USBD_static_malloc
                0x0810d8a4       0x1c ./USB_DEVICE/Target/usbd_conf.o
                0x0810d8a4                USBD_static_malloc
 .text.USBD_static_free
                0x0810d8c0       0x14 ./USB_DEVICE/Target/usbd_conf.o
                0x0810d8c0                USBD_static_free
 .text.USBD_Get_USB_Status
                0x0810d8d4       0x58 ./USB_DEVICE/Target/usbd_conf.o
                0x0810d8d4                USBD_Get_USB_Status
 .text.memset   0x0810d92c       0x10 C:/ST/STM32CubeIDE_1.15.1/STM32CubeIDE/plugins/com.st.stm32cube.ide.mcu.externaltools.gnu-tools-for-stm32.13.3.rel1.win32_1.0.0.202411081344/tools/bin/../lib/gcc/arm-none-eabi/13.3.1/../../../../arm-none-eabi/lib/thumb/v7e-m+fp/hard\libc_nano.a(libc_a-memset.o)
                0x0810d92c                memset
 .text.__libc_init_array
                0x0810d93c       0x48 C:/ST/STM32CubeIDE_1.15.1/STM32CubeIDE/plugins/com.st.stm32cube.ide.mcu.externaltools.gnu-tools-for-stm32.13.3.rel1.win32_1.0.0.202411081344/tools/bin/../lib/gcc/arm-none-eabi/13.3.1/../../../../arm-none-eabi/lib/thumb/v7e-m+fp/hard\libc_nano.a(libc_a-init.o)
                0x0810d93c                __libc_init_array
 .text.memcpy   0x0810d984       0x1c C:/ST/STM32CubeIDE_1.15.1/STM32CubeIDE/plugins/com.st.stm32cube.ide.mcu.externaltools.gnu-tools-for-stm32.13.3.rel1.win32_1.0.0.202411081344/tools/bin/../lib/gcc/arm-none-eabi/13.3.1/../../../../arm-none-eabi/lib/thumb/v7e-m+fp/hard\libc_nano.a(libc_a-memcpy-stub.o)
                0x0810d984                memcpy
 *(.glue_7)
 .glue_7        0x0810d9a0        0x0 linker stubs
 *(.glue_7t)
 .glue_7t       0x0810d9a0        0x0 linker stubs
 *(.eh_frame)
 .eh_frame      0x0810d9a0        0x0 C:/ST/STM32CubeIDE_1.15.1/STM32CubeIDE/plugins/com.st.stm32cube.ide.mcu.externaltools.gnu-tools-for-stm32.13.3.rel1.win32_1.0.0.202411081344/tools/bin/../lib/gcc/arm-none-eabi/13.3.1/thumb/v7e-m+fp/hard/crtbegin.o
 *(.init)
 .init          0x0810d9a0        0x4 C:/ST/STM32CubeIDE_1.15.1/STM32CubeIDE/plugins/com.st.stm32cube.ide.mcu.externaltools.gnu-tools-for-stm32.13.3.rel1.win32_1.0.0.202411081344/tools/bin/../lib/gcc/arm-none-eabi/13.3.1/thumb/v7e-m+fp/hard/crti.o
                0x0810d9a0                _init
 .init          0x0810d9a4        0x8 C:/ST/STM32CubeIDE_1.15.1/STM32CubeIDE/plugins/com.st.stm32cube.ide.mcu.externaltools.gnu-tools-for-stm32.13.3.rel1.win32_1.0.0.202411081344/tools/bin/../lib/gcc/arm-none-eabi/13.3.1/thumb/v7e-m+fp/hard/crtn.o
 *(.fini)
 .fini          0x0810d9ac        0x4 C:/ST/STM32CubeIDE_1.15.1/STM32CubeIDE/plugins/com.st.stm32cube.ide.mcu.externaltools.gnu-tools-for-stm32.13.3.rel1.win32_1.0.0.202411081344/tools/bin/../lib/gcc/arm-none-eabi/13.3.1/thumb/v7e-m+fp/hard/crti.o
                0x0810d9ac                _fini
 .fini          0x0810d9b0        0x8 C:/ST/STM32CubeIDE_1.15.1/STM32CubeIDE/plugins/com.st.stm32cube.ide.mcu.externaltools.gnu-tools-for-stm32.13.3.rel1.win32_1.0.0.202411081344/tools/bin/../lib/gcc/arm-none-eabi/13.3.1/thumb/v7e-m+fp/hard/crtn.o
                0x0810d9b8                        . = ALIGN (0x4)
                0x0810d9b8                        _etext = .

.vfp11_veneer   0x0810d9b8        0x0
 .vfp11_veneer  0x0810d9b8        0x0 linker stubs

.v4_bx          0x0810d9b8        0x0
 .v4_bx         0x0810d9b8        0x0 linker stubs

.iplt           0x0810d9b8        0x0
 .iplt          0x0810d9b8        0x0 C:/ST/STM32CubeIDE_1.15.1/STM32CubeIDE/plugins/com.st.stm32cube.ide.mcu.externaltools.gnu-tools-for-stm32.13.3.rel1.win32_1.0.0.202411081344/tools/bin/../lib/gcc/arm-none-eabi/13.3.1/thumb/v7e-m+fp/hard/crtbegin.o

.rodata         0x0810d9b8       0x9c
                0x0810d9b8                        . = ALIGN (0x4)
 *(.rodata)
 .rodata        0x0810d9b8       0x42 ./USB_DEVICE/App/usbd_desc.o
 *(.rodata*)
 *fill*         0x0810d9fa        0x2 
 .rodata.D1CorePrescTable
                0x0810d9fc       0x10 ./Common/Src/system_stm32h7xx_dualcore_boot_cm4_cm7.o
                0x0810d9fc                D1CorePrescTable
 .rodata.LL_DMA_STR_OFFSET_TAB
                0x0810da0c        0x8 ./Core/Src/main.o
 .rodata.LL_RCC_PrescTable
                0x0810da14       0x10 ./Drivers/STM32H7xx_HAL_Driver/stm32h7xx_ll_rcc.o
                0x0810da14                LL_RCC_PrescTable
 .rodata.USART_PRESCALER_TAB
                0x0810da24       0x30 ./Drivers/STM32H7xx_HAL_Driver/stm32h7xx_ll_usart.o
                0x0810da54                        . = ALIGN (0x4)

.ARM.extab
 *(.ARM.extab* .gnu.linkonce.armextab.*)

.ARM            0x0810da54        0x0
                0x0810da54                        __exidx_start = .
 *(.ARM.exidx*)
                0x0810da54                        __exidx_end = .

.preinit_array  0x0810da54        0x0
                0x0810da54                        PROVIDE (__preinit_array_start = .)
 *(.preinit_array*)
                0x0810da54                        PROVIDE (__preinit_array_end = .)

.init_array     0x0810da54        0x4
                0x0810da54                        PROVIDE (__init_array_start = .)
 *(SORT_BY_NAME(.init_array.*))
 *(.init_array*)
 .init_array    0x0810da54        0x4 C:/ST/STM32CubeIDE_1.15.1/STM32CubeIDE/plugins/com.st.stm32cube.ide.mcu.externaltools.gnu-tools-for-stm32.13.3.rel1.win32_1.0.0.202411081344/tools/bin/../lib/gcc/arm-none-eabi/13.3.1/thumb/v7e-m+fp/hard/crtbegin.o
                0x0810da58                        PROVIDE (__init_array_end = .)

.fini_array     0x0810da58        0x4
                [!provide]                        PROVIDE (__fini_array_start = .)
 *(SORT_BY_NAME(.fini_array.*))
 *(.fini_array*)
 .fini_array    0x0810da58        0x4 C:/ST/STM32CubeIDE_1.15.1/STM32CubeIDE/plugins/com.st.stm32cube.ide.mcu.externaltools.gnu-tools-for-stm32.13.3.rel1.win32_1.0.0.202411081344/tools/bin/../lib/gcc/arm-none-eabi/13.3.1/thumb/v7e-m+fp/hard/crtbegin.o
                [!provide]                        PROVIDE (__fini_array_end = .)
                0x0810da5c                        _sidata = LOADADDR (.data)

.rel.dyn        0x0810da5c        0x0
 .rel.iplt      0x0810da5c        0x0 C:/ST/STM32CubeIDE_1.15.1/STM32CubeIDE/plugins/com.st.stm32cube.ide.mcu.externaltools.gnu-tools-for-stm32.13.3.rel1.win32_1.0.0.202411081344/tools/bin/../lib/gcc/arm-none-eabi/13.3.1/thumb/v7e-m+fp/hard/crtbegin.o

.data           0x10032000      0x12c load address 0x0810da5c
                0x10032000                        . = ALIGN (0x4)
                0x10032000                        _sdata = .
 *(.data)
 *(.data*)
 .data.schedulerTasks
                0x10032000       0x28 ./0_DEV/M0_App4/Task4/scheduler_tasks.o
 .data.SystemCoreClock
                0x10032028        0x4 ./Common/Src/system_stm32h7xx_dualcore_boot_cm4_cm7.o
                0x10032028                SystemCoreClock
 .data.SystemD2Clock
                0x1003202c        0x4 ./Common/Src/system_stm32h7xx_dualcore_boot_cm4_cm7.o
                0x1003202c                SystemD2Clock
 .data.uwTickPrio
                0x10032030        0x4 ./Drivers/STM32H7xx_HAL_Driver/stm32h7xx_hal.o
                0x10032030                uwTickPrio
 .data.uwTickFreq
                0x10032034        0x1 ./Drivers/STM32H7xx_HAL_Driver/stm32h7xx_hal.o
                0x10032034                uwTickFreq
 *fill*         0x10032035        0x3 
 .data.USBD_CDC_DeviceQualifierDesc
                0x10032038        0xa ./Middlewares/ST/STM32_USB_Device_Library/usbd_cdc.o
 *fill*         0x10032042        0x2 
 .data.USBD_CDC
                0x10032044       0x38 ./Middlewares/ST/STM32_USB_Device_Library/usbd_cdc.o
                0x10032044                USBD_CDC
 .data.USBD_CDC_CfgDesc
                0x1003207c       0x43 ./Middlewares/ST/STM32_USB_Device_Library/usbd_cdc.o
 .data.CDCInEpAdd
                0x100320bf        0x1 ./Middlewares/ST/STM32_USB_Device_Library/usbd_cdc.o
 .data.CDCOutEpAdd
                0x100320c0        0x1 ./Middlewares/ST/STM32_USB_Device_Library/usbd_cdc.o
 .data.CDCCmdEpAdd
                0x100320c1        0x1 ./Middlewares/ST/STM32_USB_Device_Library/usbd_cdc.o
 *fill*         0x100320c2        0x2 
 .data.USBD_Interface_fops_FS
                0x100320c4       0x14 ./USB_DEVICE/App/usbd_cdc_if.o
                0x100320c4                USBD_Interface_fops_FS
 .data.FS_Desc  0x100320d8       0x20 ./USB_DEVICE/App/usbd_desc.o
                0x100320d8                FS_Desc
 .data.USBD_FS_DeviceDesc
                0x100320f8       0x12 ./USB_DEVICE/App/usbd_desc.o
                0x100320f8                USBD_FS_DeviceDesc
 *fill*         0x1003210a        0x2 
 .data.USBD_LangIDDesc
                0x1003210c        0x4 ./USB_DEVICE/App/usbd_desc.o
                0x1003210c                USBD_LangIDDesc
 .data.USBD_StringSerial
                0x10032110       0x1a ./USB_DEVICE/App/usbd_desc.o
                0x10032110                USBD_StringSerial
 *(.RamFunc)
 *(.RamFunc*)
                0x1003212c                        . = ALIGN (0x4)
 *fill*         0x1003212a        0x2 
                0x1003212c                        _edata = .

.igot.plt       0x1003212c        0x0 load address 0x0810db88
 .igot.plt      0x1003212c        0x0 C:/ST/STM32CubeIDE_1.15.1/STM32CubeIDE/plugins/com.st.stm32cube.ide.mcu.externaltools.gnu-tools-for-stm32.13.3.rel1.win32_1.0.0.202411081344/tools/bin/../lib/gcc/arm-none-eabi/13.3.1/thumb/v7e-m+fp/hard/crtbegin.o
                0x1003212c                        . = ALIGN (0x4)

.bss            0x1003212c     0x2118 load address 0x0810db88
                0x1003212c                        _sbss = .
                0x1003212c                        __bss_start__ = _sbss
 *(.bss)
 .bss           0x1003212c       0x1c C:/ST/STM32CubeIDE_1.15.1/STM32CubeIDE/plugins/com.st.stm32cube.ide.mcu.externaltools.gnu-tools-for-stm32.13.3.rel1.win32_1.0.0.202411081344/tools/bin/../lib/gcc/arm-none-eabi/13.3.1/thumb/v7e-m+fp/hard/crtbegin.o
 *(.bss*)
 .bss.s_SchedulerRunning
                0x10032148        0x1 ./0_DEV/M0_App4/OS4/scheduler.o
 *fill*         0x10032149        0x3 
 .bss.s_TaskContext
                0x1003214c      0x180 ./0_DEV/M0_App4/OS4/scheduler.o
 .bss.s_NumOfTaskScheduled
                0x100322cc        0x1 ./0_DEV/M0_App4/OS4/scheduler.o
 *fill*         0x100322cd        0x3 
 .bss.s_TimerContext
                0x100322d0       0xa0 ./0_DEV/M0_App4/OS4/scheduler.o
 .bss.s_NumOfTimers
                0x10032370        0x1 ./0_DEV/M0_App4/OS4/scheduler.o
 *fill*         0x10032371        0x3 
 .bss.s_SemaphoreContext
                0x10032374        0x4 ./0_DEV/M0_App4/OS4/scheduler.o
 .bss.s_NumOfSemaphores
                0x10032378        0x1 ./0_DEV/M0_App4/OS4/scheduler.o
 *fill*         0x10032379        0x3 
 .bss.s_TaskPending
                0x1003237c        0x4 ./0_DEV/M0_App4/OS4/scheduler.o
 .bss.s_TimerPending
                0x10032380        0x4 ./0_DEV/M0_App4/OS4/scheduler.o
 .bss.s_SystemTick
                0x10032384        0x4 ./0_DEV/M0_App4/OS4/scheduler.o
                0x10032384                s_SystemTick
 .bss.s_SoftTimers
                0x10032388        0x8 ./0_DEV/M0_App4/OS4/scheduler.o
                0x10032388                s_SoftTimers
 .bss.asyncTaskHandle
                0x10032390        0x1 ./0_DEV/M0_App4/Task4/scheduler_tasks.o
 .bss.ledState.1
                0x10032391        0x1 ./0_DEV/M0_App4/Task4/scheduler_tasks.o
 .bss.ledState.0
                0x10032392        0x1 ./0_DEV/M0_App4/Task4/scheduler_tasks.o
 *fill*         0x10032393        0x1 
 .bss.LL_Tick   0x10032394        0x4 ./0_DEV/M4_Util4/Tick/tick.o
                0x10032394                LL_Tick
 .bss.hmmc2     0x10032398      0x278 ./Core/Src/main.o
                0x10032398                hmmc2
 .bss.htim4     0x10032610       0x4c ./Core/Src/stm32h7xx_hal_timebase_tim.o
                0x10032610                htim4
 .bss.uwTick    0x1003265c        0x4 ./Drivers/STM32H7xx_HAL_Driver/stm32h7xx_hal.o
                0x1003265c                uwTick
 .bss.cfgidx.0  0x10032660        0x1 ./Middlewares/ST/STM32_USB_Device_Library/usbd_ctlreq.o
 *fill*         0x10032661        0x3 
 .bss.hUsbDeviceFS
                0x10032664      0x2dc ./USB_DEVICE/App/usb_device.o
                0x10032664                hUsbDeviceFS
 .bss.UserRxBufferFS
                0x10032940      0x800 ./USB_DEVICE/App/usbd_cdc_if.o
                0x10032940                UserRxBufferFS
 .bss.UserTxBufferFS
                0x10033140      0x800 ./USB_DEVICE/App/usbd_cdc_if.o
                0x10033140                UserTxBufferFS
 .bss.USBD_StrDesc
                0x10033940      0x200 ./USB_DEVICE/App/usbd_desc.o
                0x10033940                USBD_StrDesc
 .bss.hpcd_USB_OTG_FS
                0x10033b40      0x4e4 ./USB_DEVICE/Target/usbd_conf.o
                0x10033b40                hpcd_USB_OTG_FS
 .bss.mem.0     0x10034024      0x220 ./USB_DEVICE/Target/usbd_conf.o
 *(COMMON)
                0x10034244                        . = ALIGN (0x4)
                0x10034244                        _ebss = .
                0x10034244                        __bss_end__ = _ebss

._user_heap_stack
                0x10034244      0xa04 load address 0x0810db88
                0x10034248                        . = ALIGN (0x8)
 *fill*         0x10034244        0x4 
                [!provide]                        PROVIDE (end = .)
                0x10034248                        PROVIDE (_end = .)
                0x10034448                        . = (. + _Min_Heap_Size)
 *fill*         0x10034248      0x200 
                0x10034c48                        . = (. + _Min_Stack_Size)
 *fill*         0x10034448      0x800 
                0x10034c48                        . = ALIGN (0x8)

/DISCARD/
 libc.a(*)
 libm.a(*)
 libgcc.a(*)

.ARM.attributes
                0x00000000       0x30
 *(.ARM.attributes)
 .ARM.attributes
                0x00000000       0x22 C:/ST/STM32CubeIDE_1.15.1/STM32CubeIDE/plugins/com.st.stm32cube.ide.mcu.externaltools.gnu-tools-for-stm32.13.3.rel1.win32_1.0.0.202411081344/tools/bin/../lib/gcc/arm-none-eabi/13.3.1/thumb/v7e-m+fp/hard/crti.o
 .ARM.attributes
                0x00000022       0x34 C:/ST/STM32CubeIDE_1.15.1/STM32CubeIDE/plugins/com.st.stm32cube.ide.mcu.externaltools.gnu-tools-for-stm32.13.3.rel1.win32_1.0.0.202411081344/tools/bin/../lib/gcc/arm-none-eabi/13.3.1/thumb/v7e-m+fp/hard/crtbegin.o
 .ARM.attributes
                0x00000056       0x34 ./0_DEV/M0_App4/OS4/scheduler.o
 .ARM.attributes
                0x0000008a       0x34 ./0_DEV/M0_App4/Task4/scheduler_tasks.o
 .ARM.attributes
                0x000000be       0x34 ./0_DEV/M4_Util4/Tick/tick.o
 .ARM.attributes
                0x000000f2       0x34 ./Common/Src/system_stm32h7xx_dualcore_boot_cm4_cm7.o
 .ARM.attributes
                0x00000126       0x34 ./Core/Src/main.o
 .ARM.attributes
                0x0000015a       0x34 ./Core/Src/stm32h7xx_hal_msp.o
 .ARM.attributes
                0x0000018e       0x34 ./Core/Src/stm32h7xx_hal_timebase_tim.o
 .ARM.attributes
                0x000001c2       0x34 ./Core/Src/stm32h7xx_it.o
 .ARM.attributes
                0x000001f6       0x21 ./Core/Startup/startup_stm32h745zitx.o
 .ARM.attributes
                0x00000217       0x34 ./Drivers/STM32H7xx_HAL_Driver/stm32h7xx_hal.o
 .ARM.attributes
                0x0000024b       0x34 ./Drivers/STM32H7xx_HAL_Driver/stm32h7xx_hal_cortex.o
 .ARM.attributes
                0x0000027f       0x34 ./Drivers/STM32H7xx_HAL_Driver/stm32h7xx_hal_gpio.o
 .ARM.attributes
                0x000002b3       0x34 ./Drivers/STM32H7xx_HAL_Driver/stm32h7xx_hal_hsem.o
 .ARM.attributes
                0x000002e7       0x34 ./Drivers/STM32H7xx_HAL_Driver/stm32h7xx_hal_mmc.o
 .ARM.attributes
                0x0000031b       0x34 ./Drivers/STM32H7xx_HAL_Driver/stm32h7xx_hal_pcd.o
 .ARM.attributes
                0x0000034f       0x34 ./Drivers/STM32H7xx_HAL_Driver/stm32h7xx_hal_pcd_ex.o
 .ARM.attributes
                0x00000383       0x34 ./Drivers/STM32H7xx_HAL_Driver/stm32h7xx_hal_pwr_ex.o
 .ARM.attributes
                0x000003b7       0x34 ./Drivers/STM32H7xx_HAL_Driver/stm32h7xx_hal_rcc.o
 .ARM.attributes
                0x000003eb       0x34 ./Drivers/STM32H7xx_HAL_Driver/stm32h7xx_hal_rcc_ex.o
 .ARM.attributes
                0x0000041f       0x34 ./Drivers/STM32H7xx_HAL_Driver/stm32h7xx_hal_tim.o
 .ARM.attributes
                0x00000453       0x34 ./Drivers/STM32H7xx_HAL_Driver/stm32h7xx_hal_tim_ex.o
 .ARM.attributes
                0x00000487       0x34 ./Drivers/STM32H7xx_HAL_Driver/stm32h7xx_ll_gpio.o
 .ARM.attributes
                0x000004bb       0x34 ./Drivers/STM32H7xx_HAL_Driver/stm32h7xx_ll_rcc.o
 .ARM.attributes
                0x000004ef       0x34 ./Drivers/STM32H7xx_HAL_Driver/stm32h7xx_ll_sdmmc.o
 .ARM.attributes
                0x00000523       0x34 ./Drivers/STM32H7xx_HAL_Driver/stm32h7xx_ll_tim.o
 .ARM.attributes
                0x00000557       0x34 ./Drivers/STM32H7xx_HAL_Driver/stm32h7xx_ll_usart.o
 .ARM.attributes
                0x0000058b       0x34 ./Drivers/STM32H7xx_HAL_Driver/stm32h7xx_ll_usb.o
 .ARM.attributes
                0x000005bf       0x34 ./Middlewares/ST/STM32_USB_Device_Library/usbd_cdc.o
 .ARM.attributes
                0x000005f3       0x34 ./Middlewares/ST/STM32_USB_Device_Library/usbd_core.o
 .ARM.attributes
                0x00000627       0x34 ./Middlewares/ST/STM32_USB_Device_Library/usbd_ctlreq.o
 .ARM.attributes
                0x0000065b       0x34 ./Middlewares/ST/STM32_USB_Device_Library/usbd_ioreq.o
 .ARM.attributes
                0x0000068f       0x34 ./USB_DEVICE/App/usb_device.o
 .ARM.attributes
                0x000006c3       0x34 ./USB_DEVICE/App/usbd_cdc_if.o
 .ARM.attributes
                0x000006f7       0x34 ./USB_DEVICE/App/usbd_desc.o
 .ARM.attributes
                0x0000072b       0x34 ./USB_DEVICE/Target/usbd_conf.o
 .ARM.attributes
                0x0000075f       0x34 C:/ST/STM32CubeIDE_1.15.1/STM32CubeIDE/plugins/com.st.stm32cube.ide.mcu.externaltools.gnu-tools-for-stm32.13.3.rel1.win32_1.0.0.202411081344/tools/bin/../lib/gcc/arm-none-eabi/13.3.1/../../../../arm-none-eabi/lib/thumb/v7e-m+fp/hard\libc_nano.a(libc_a-memset.o)
 .ARM.attributes
                0x00000793       0x34 C:/ST/STM32CubeIDE_1.15.1/STM32CubeIDE/plugins/com.st.stm32cube.ide.mcu.externaltools.gnu-tools-for-stm32.13.3.rel1.win32_1.0.0.202411081344/tools/bin/../lib/gcc/arm-none-eabi/13.3.1/../../../../arm-none-eabi/lib/thumb/v7e-m+fp/hard\libc_nano.a(libc_a-init.o)
 .ARM.attributes
                0x000007c7       0x34 C:/ST/STM32CubeIDE_1.15.1/STM32CubeIDE/plugins/com.st.stm32cube.ide.mcu.externaltools.gnu-tools-for-stm32.13.3.rel1.win32_1.0.0.202411081344/tools/bin/../lib/gcc/arm-none-eabi/13.3.1/../../../../arm-none-eabi/lib/thumb/v7e-m+fp/hard\libc_nano.a(libc_a-memcpy-stub.o)
 .ARM.attributes
                0x000007fb       0x22 C:/ST/STM32CubeIDE_1.15.1/STM32CubeIDE/plugins/com.st.stm32cube.ide.mcu.externaltools.gnu-tools-for-stm32.13.3.rel1.win32_1.0.0.202411081344/tools/bin/../lib/gcc/arm-none-eabi/13.3.1/thumb/v7e-m+fp/hard/crtn.o
OUTPUT(04_obc_v111_CM4.elf elf32-littlearm)
LOAD linker stubs
LOAD C:/ST/STM32CubeIDE_1.15.1/STM32CubeIDE/plugins/com.st.stm32cube.ide.mcu.externaltools.gnu-tools-for-stm32.13.3.rel1.win32_1.0.0.202411081344/tools/bin/../lib/gcc/arm-none-eabi/13.3.1/../../../../arm-none-eabi/lib/thumb/v7e-m+fp/hard\libc.a
LOAD C:/ST/STM32CubeIDE_1.15.1/STM32CubeIDE/plugins/com.st.stm32cube.ide.mcu.externaltools.gnu-tools-for-stm32.13.3.rel1.win32_1.0.0.202411081344/tools/bin/../lib/gcc/arm-none-eabi/13.3.1/../../../../arm-none-eabi/lib/thumb/v7e-m+fp/hard\libm.a
LOAD C:/ST/STM32CubeIDE_1.15.1/STM32CubeIDE/plugins/com.st.stm32cube.ide.mcu.externaltools.gnu-tools-for-stm32.13.3.rel1.win32_1.0.0.202411081344/tools/bin/../lib/gcc/arm-none-eabi/13.3.1/thumb/v7e-m+fp/hard\libgcc.a

.debug_info     0x00000000    0x24573
 .debug_info    0x00000000      0xb03 ./0_DEV/M0_App4/OS4/scheduler.o
 .debug_info    0x00000b03      0x4ce ./0_DEV/M0_App4/Task4/scheduler_tasks.o
 .debug_info    0x00000fd1      0x326 ./0_DEV/M4_Util4/Tick/tick.o
 .debug_info    0x000012f7      0x823 ./Common/Src/system_stm32h7xx_dualcore_boot_cm4_cm7.o
 .debug_info    0x00001b1a     0x29af ./Core/Src/main.o
 .debug_info    0x000044c9     0x12d4 ./Core/Src/stm32h7xx_hal_msp.o
 .debug_info    0x0000579d     0x10c7 ./Core/Src/stm32h7xx_hal_timebase_tim.o
 .debug_info    0x00006864     0x1273 ./Core/Src/stm32h7xx_it.o
 .debug_info    0x00007ad7       0x30 ./Core/Startup/startup_stm32h745zitx.o
 .debug_info    0x00007b07     0x17b0 ./Drivers/STM32H7xx_HAL_Driver/stm32h7xx_hal.o
 .debug_info    0x000092b7      0xf2c ./Drivers/STM32H7xx_HAL_Driver/stm32h7xx_hal_cortex.o
 .debug_info    0x0000a1e3      0xd06 ./Drivers/STM32H7xx_HAL_Driver/stm32h7xx_hal_gpio.o
 .debug_info    0x0000aee9      0x3d3 ./Drivers/STM32H7xx_HAL_Driver/stm32h7xx_hal_hsem.o
 .debug_info    0x0000b2bc     0x2296 ./Drivers/STM32H7xx_HAL_Driver/stm32h7xx_hal_mmc.o
 .debug_info    0x0000d552     0x1561 ./Drivers/STM32H7xx_HAL_Driver/stm32h7xx_hal_pcd.o
 .debug_info    0x0000eab3      0x8b3 ./Drivers/STM32H7xx_HAL_Driver/stm32h7xx_hal_pcd_ex.o
 .debug_info    0x0000f366     0x1030 ./Drivers/STM32H7xx_HAL_Driver/stm32h7xx_hal_pwr_ex.o
 .debug_info    0x00010396      0xe67 ./Drivers/STM32H7xx_HAL_Driver/stm32h7xx_hal_rcc.o
 .debug_info    0x000111fd     0x1303 ./Drivers/STM32H7xx_HAL_Driver/stm32h7xx_hal_rcc_ex.o
 .debug_info    0x00012500     0x2bae ./Drivers/STM32H7xx_HAL_Driver/stm32h7xx_hal_tim.o
 .debug_info    0x000150ae     0x17eb ./Drivers/STM32H7xx_HAL_Driver/stm32h7xx_hal_tim_ex.o
 .debug_info    0x00016899      0x8a9 ./Drivers/STM32H7xx_HAL_Driver/stm32h7xx_ll_gpio.o
 .debug_info    0x00017142     0x16d2 ./Drivers/STM32H7xx_HAL_Driver/stm32h7xx_ll_rcc.o
 .debug_info    0x00018814     0x142c ./Drivers/STM32H7xx_HAL_Driver/stm32h7xx_ll_sdmmc.o
 .debug_info    0x00019c40     0x1317 ./Drivers/STM32H7xx_HAL_Driver/stm32h7xx_ll_tim.o
 .debug_info    0x0001af57      0x96d ./Drivers/STM32H7xx_HAL_Driver/stm32h7xx_ll_usart.o
 .debug_info    0x0001b8c4     0x1a1e ./Drivers/STM32H7xx_HAL_Driver/stm32h7xx_ll_usb.o
 .debug_info    0x0001d2e2     0x1404 ./Middlewares/ST/STM32_USB_Device_Library/usbd_cdc.o
 .debug_info    0x0001e6e6      0xee7 ./Middlewares/ST/STM32_USB_Device_Library/usbd_core.o
 .debug_info    0x0001f5cd      0xbc0 ./Middlewares/ST/STM32_USB_Device_Library/usbd_ctlreq.o
 .debug_info    0x0002018d      0x837 ./Middlewares/ST/STM32_USB_Device_Library/usbd_ioreq.o
 .debug_info    0x000209c4      0x7ec ./USB_DEVICE/App/usb_device.o
 .debug_info    0x000211b0      0x9dc ./USB_DEVICE/App/usbd_cdc_if.o