../../Drivers/CMSIS/Include/core_cm4.h:1667:26:__NVIC_GetPriorityGrouping	4	static
../../Drivers/CMSIS/Include/core_cm4.h:1679:22:__NVIC_EnableIRQ	16	static,ignoring_inline_asm
../../Drivers/CMSIS/Include/core_cm4.h:1809:22:__NVIC_SetPriority	16	static
../../Drivers/CMSIS/Include/core_cm4.h:1856:26:NVIC_EncodePriority	40	static
../../Drivers/STM32H7xx_HAL_Driver/Inc/stm32h7xx_ll_tim.h:1523:22:LL_TIM_EnableCounter	16	static
../../Drivers/STM32H7xx_HAL_Driver/Inc/stm32h7xx_ll_tim.h:1556:22:LL_TIM_EnableUpdateEvent	16	static
../../Drivers/STM32H7xx_HAL_Driver/Inc/stm32h7xx_ll_tim.h:1703:22:LL_TIM_EnableARRPreload	16	static
../../Drivers/STM32H7xx_HAL_Driver/Inc/stm32h7xx_ll_tim.h:3302:22:LL_TIM_SetClockSource	16	static
../../Drivers/STM32H7xx_HAL_Driver/Inc/stm32h7xx_ll_tim.h:3348:22:LL_TIM_SetTriggerOutput	16	static
../../Drivers/STM32H7xx_HAL_Driver/Inc/stm32h7xx_ll_tim.h:3457:22:LL_TIM_DisableMasterSlaveMode	16	static
../../Drivers/STM32H7xx_HAL_Driver/Inc/stm32h7xx_ll_tim.h:4566:22:LL_TIM_EnableIT_UPDATE	16	static
../../Drivers/STM32H7xx_HAL_Driver/Inc/stm32h7xx_ll_usart.h:635:22:LL_USART_Enable	16	static
../../Drivers/STM32H7xx_HAL_Driver/Inc/stm32h7xx_ll_usart.h:686:22:LL_USART_DisableFIFO	16	static
../../Drivers/STM32H7xx_HAL_Driver/Inc/stm32h7xx_ll_usart.h:719:22:LL_USART_SetTXFIFOThreshold	40	static,ignoring_inline_asm
../../Drivers/STM32H7xx_HAL_Driver/Inc/stm32h7xx_ll_usart.h:758:22:LL_USART_SetRXFIFOThreshold	40	static,ignoring_inline_asm
../../Drivers/STM32H7xx_HAL_Driver/Inc/stm32h7xx_ll_usart.h:2674:22:LL_USART_ConfigAsyncMode	16	static
../../Drivers/STM32H7xx_HAL_Driver/Inc/stm32h7xx_ll_usart.h:3194:26:LL_USART_IsActiveFlag_TEACK	16	static
../../Drivers/STM32H7xx_HAL_Driver/Inc/stm32h7xx_ll_usart.h:3205:26:LL_USART_IsActiveFlag_REACK	16	static
../../Drivers/STM32H7xx_HAL_Driver/Inc/stm32h7xx_ll_gpio.h:913:22:LL_GPIO_ResetOutputPin	16	static
../../Drivers/STM32H7xx_HAL_Driver/Inc/stm32h7xx_ll_bus.h:1384:22:LL_AHB4_GRP1_EnableClock	24	static
../../Drivers/STM32H7xx_HAL_Driver/Inc/stm32h7xx_ll_bus.h:1862:22:LL_APB1_GRP1_EnableClock	24	static
../../Drivers/STM32H7xx_HAL_Driver/Inc/stm32h7xx_ll_bus.h:2480:22:LL_APB2_GRP1_EnableClock	24	static
../../Drivers/STM32H7xx_HAL_Driver/Inc/stm32h7xx_ll_dma.h:602:22:LL_DMA_SetDataTransferDirection	32	static
../../Drivers/STM32H7xx_HAL_Driver/Inc/stm32h7xx_ll_dma.h:654:22:LL_DMA_SetMode	32	static
../../Drivers/STM32H7xx_HAL_Driver/Inc/stm32h7xx_ll_dma.h:705:22:LL_DMA_SetPeriphIncMode	32	static
../../Drivers/STM32H7xx_HAL_Driver/Inc/stm32h7xx_ll_dma.h:754:22:LL_DMA_SetMemoryIncMode	32	static
../../Drivers/STM32H7xx_HAL_Driver/Inc/stm32h7xx_ll_dma.h:804:22:LL_DMA_SetPeriphSize	32	static
../../Drivers/STM32H7xx_HAL_Driver/Inc/stm32h7xx_ll_dma.h:855:22:LL_DMA_SetMemorySize	32	static
../../Drivers/STM32H7xx_HAL_Driver/Inc/stm32h7xx_ll_dma.h:956:22:LL_DMA_SetStreamPriorityLevel	32	static
../../Drivers/STM32H7xx_HAL_Driver/Inc/stm32h7xx_ll_dma.h:1238:22:LL_DMA_SetPeriphRequest	24	static
../../Drivers/STM32H7xx_HAL_Driver/Inc/stm32h7xx_ll_dma.h:1668:22:LL_DMA_DisableFifoMode	24	static
../Core/Src/main.c:77:5:main	16	static
../Core/Src/main.c:146:13:MX_SDMMC2_MMC_Init	8	static
../Core/Src/main.c:177:13:MX_TIM2_Init	32	static
../Core/Src/main.c:218:13:MX_USART6_UART_Init	256	static
../Core/Src/main.c:316:13:MX_BDMA_Init	16	static
../Core/Src/main.c:327:13:MX_DMA_Init	16	static
../Core/Src/main.c:344:13:MX_MDMA_Init	16	static
../Core/Src/main.c:358:13:MX_GPIO_Init	32	static
../Core/Src/main.c:400:6:HAL_TIM_PeriodElapsedCallback	16	static
../Core/Src/main.c:418:6:Error_Handler	4	static,ignoring_inline_asm
