../Core/Src/stm32h7xx_it.c:74:6:NMI_Handler	4	static
../Core/Src/stm32h7xx_it.c:89:6:HardFault_Handler	4	static
../Core/Src/stm32h7xx_it.c:104:6:MemManage_Handler	4	static
../Core/Src/stm32h7xx_it.c:119:6:BusFault_Handler	4	static
../Core/Src/stm32h7xx_it.c:134:6:UsageFault_Handler	4	static
../Core/Src/stm32h7xx_it.c:149:6:SVC_Handler	4	static
../Core/Src/stm32h7xx_it.c:162:6:DebugMon_Handler	4	static
../Core/Src/stm32h7xx_it.c:175:6:PendSV_Handler	4	static
../Core/Src/stm32h7xx_it.c:188:6:SysTick_Handler	4	static
../Core/Src/stm32h7xx_it.c:209:6:TIM2_IRQHandler	8	static
../Core/Src/stm32h7xx_it.c:223:6:TIM4_IRQHandler	8	static
../Core/Src/stm32h7xx_it.c:237:6:DMA2_Stream0_IRQHandler	4	static
../Core/Src/stm32h7xx_it.c:250:6:USART6_IRQHandler	4	static
../Core/Src/stm32h7xx_it.c:263:6:OTG_FS_IRQHandler	8	static
../Core/Src/stm32h7xx_it.c:277:6:SDMMC2_IRQHandler	8	static
