../../Drivers/CMSIS/Include/core_cm7.h:2156:34:__NVIC_SystemReset	4	static,ignoring_inline_asm
../../Drivers/STM32H7xx_HAL_Driver/Inc/stm32h7xx_ll_gpio.h:884:22:LL_GPIO_SetOutputPin	16	static
../../Drivers/STM32H7xx_HAL_Driver/Inc/stm32h7xx_ll_gpio.h:913:22:LL_GPIO_ResetOutputPin	16	static
../1_DEV/M2_System/CLI_Terminal/CLI_Command/cli_command.c:143:17:UpdateCRC16_XMODEM	24	static
../1_DEV/M2_System/CLI_Terminal/CLI_Command/cli_command.c:156:13:CMD_Test	32	static
../1_DEV/M2_System/CLI_Terminal/CLI_Command/cli_command.c:211:13:CMD_RamFill	168	static
../1_DEV/M2_System/CLI_Terminal/CLI_Command/cli_command.c:292:13:CMD_RamDump	176	static
../1_DEV/M2_System/CLI_Terminal/CLI_Command/cli_command.c:346:13:CMD_StateToCM4	136	static
../1_DEV/M2_System/CLI_Terminal/CLI_Command/cli_command.c:384:13:CMD_SPISlaveRST	136	static
../1_DEV/M2_System/CLI_Terminal/CLI_Command/cli_command.c:405:13:CMD_CollectData	184	static
../1_DEV/M2_System/CLI_Terminal/CLI_Command/cli_command.c:437:13:CMD_PullData	152	static
../1_DEV/M2_System/CLI_Terminal/CLI_Command/cli_command.c:471:13:CMD_MasterRead	160	static
../1_DEV/M2_System/CLI_Terminal/CLI_Command/cli_command.c:519:13:CMD_ClearCLI	40	static
../1_DEV/M2_System/CLI_Terminal/CLI_Command/cli_command.c:525:13:CMD_RtcSet	224	static
../1_DEV/M2_System/CLI_Terminal/CLI_Command/cli_command.c:593:13:CMD_RtcGet	240	static
../1_DEV/M2_System/CLI_Terminal/CLI_Command/cli_command.c:679:13:CMD_RtcSetEpoch	184	static
../1_DEV/M2_System/CLI_Terminal/CLI_Command/cli_command.c:711:13:CMD_FramWrite	152	static
../1_DEV/M2_System/CLI_Terminal/CLI_Command/cli_command.c:737:13:CMD_FramRead	152	static
../1_DEV/M2_System/CLI_Terminal/CLI_Command/cli_command.c:762:13:CMD_ls	24	static
../1_DEV/M2_System/CLI_Terminal/CLI_Command/cli_command.c:767:13:CMD_sd_lockin	32	static
../1_DEV/M2_System/CLI_Terminal/CLI_Command/cli_command.c:779:13:CMD_sd_release	24	static
../1_DEV/M2_System/CLI_Terminal/CLI_Command/cli_command.c:785:13:CMD_vim_bypass	160	static
../1_DEV/M2_System/CLI_Terminal/CLI_Command/cli_command.c:802:13:CMD_vim	168	static
../1_DEV/M2_System/CLI_Terminal/CLI_Command/cli_command.c:827:13:CMD_cat	32	static
../1_DEV/M2_System/CLI_Terminal/CLI_Command/cli_command.c:839:13:CMD_Cm4Rst	24	static
../1_DEV/M2_System/CLI_Terminal/CLI_Command/cli_command.c:847:13:CMD_Cm4Dis	24	static
../1_DEV/M2_System/CLI_Terminal/CLI_Command/cli_command.c:853:13:CMD_Cm4Ena	24	static
../1_DEV/M2_System/CLI_Terminal/CLI_Command/cli_command.c:859:13:CMD_ExpForward	32	static
../1_DEV/M2_System/CLI_Terminal/CLI_Command/cli_command.c:883:13:CMD_ExpListen	32	static
../1_DEV/M2_System/CLI_Terminal/CLI_Command/cli_command.c:905:13:CMD_ExpSend	40	static
../1_DEV/M2_System/CLI_Terminal/CLI_Command/cli_command.c:921:6:callback_every	24	static
../1_DEV/M2_System/CLI_Terminal/CLI_Command/cli_command.c:926:6:callback_moment	24	static
../1_DEV/M2_System/CLI_Terminal/CLI_Command/cli_command.c:931:6:callback_countdown	24	static
../1_DEV/M2_System/CLI_Terminal/CLI_Command/cli_command.c:936:13:CMD_AliveCheck	40	static
../1_DEV/M2_System/CLI_Terminal/CLI_Command/cli_command.c:947:13:CMD_RtosCheck	1048	static
../1_DEV/M2_System/CLI_Terminal/CLI_Command/cli_command.c:1005:13:LogoutTimerCallback	16	static
../1_DEV/M2_System/CLI_Terminal/CLI_Command/cli_command.c:1008:13:CMD_LogOut	40	static
../1_DEV/M2_System/CLI_Terminal/CLI_Command/cli_command.c:1018:13:CMD_PwdChange	48	static
../1_DEV/M2_System/CLI_Terminal/CLI_Command/cli_command.c:1054:13:CMD_Dmesg	96	static
../1_DEV/M2_System/CLI_Terminal/CLI_Command/cli_command.c:1072:13:CMD_Reset	24	static
../1_DEV/M2_System/CLI_Terminal/CLI_Command/cli_command.c:1084:26:getCliStaticBindings	4	static
../1_DEV/M2_System/CLI_Terminal/CLI_Command/cli_command.c:1088:10:getCliStaticBindingCount	4	static
