../../Drivers/CMSIS/Include/core_cm7.h:2156:34:__NVIC_SystemReset	4	static,ignoring_inline_asm
../../Drivers/STM32H7xx_HAL_Driver/Inc/stm32h7xx_ll_gpio.h:884:22:LL_GPIO_SetOutputPin	16	static
../../Drivers/STM32H7xx_HAL_Driver/Inc/stm32h7xx_ll_gpio.h:913:22:LL_GPIO_ResetOutputPin	16	static
../1_DEV/M2_System/CLI_Terminal/CLI_Command/cli_command.c:137:17:UpdateCRC16_XMODEM	24	static
../1_DEV/M2_System/CLI_Terminal/CLI_Command/cli_command.c:150:13:CMD_Test	32	static
../1_DEV/M2_System/CLI_Terminal/CLI_Command/cli_command.c:205:13:CMD_RamFill	168	static
../1_DEV/M2_System/CLI_Terminal/CLI_Command/cli_command.c:286:13:CMD_RamDump	176	static
../1_DEV/M2_System/CLI_Terminal/CLI_Command/cli_command.c:340:13:CMD_StateToCM4	136	static
../1_DEV/M2_System/CLI_Terminal/CLI_Command/cli_command.c:378:13:CMD_SPISlaveRST	136	static
../1_DEV/M2_System/CLI_Terminal/CLI_Command/cli_command.c:399:13:CMD_CollectData	184	static
../1_DEV/M2_System/CLI_Terminal/CLI_Command/cli_command.c:431:13:CMD_PullData	152	static
../1_DEV/M2_System/CLI_Terminal/CLI_Command/cli_command.c:465:13:CMD_MasterRead	160	static
../1_DEV/M2_System/CLI_Terminal/CLI_Command/cli_command.c:513:13:CMD_ClearCLI	40	static
../1_DEV/M2_System/CLI_Terminal/CLI_Command/cli_command.c:519:13:CMD_RtcSet	224	static
../1_DEV/M2_System/CLI_Terminal/CLI_Command/cli_command.c:587:13:CMD_RtcGet	232	static
../1_DEV/M2_System/CLI_Terminal/CLI_Command/cli_command.c:669:13:CMD_RtcSetEpoch	184	static
../1_DEV/M2_System/CLI_Terminal/CLI_Command/cli_command.c:698:13:CMD_FramWrite	152	static
../1_DEV/M2_System/CLI_Terminal/CLI_Command/cli_command.c:724:13:CMD_FramRead	152	static
../1_DEV/M2_System/CLI_Terminal/CLI_Command/cli_command.c:749:13:CMD_ls	24	static
../1_DEV/M2_System/CLI_Terminal/CLI_Command/cli_command.c:754:13:CMD_sd_lockin	32	static
../1_DEV/M2_System/CLI_Terminal/CLI_Command/cli_command.c:766:13:CMD_sd_release	24	static
../1_DEV/M2_System/CLI_Terminal/CLI_Command/cli_command.c:772:13:CMD_vim_bypass	160	static
../1_DEV/M2_System/CLI_Terminal/CLI_Command/cli_command.c:789:13:CMD_vim	168	static
../1_DEV/M2_System/CLI_Terminal/CLI_Command/cli_command.c:814:13:CMD_cat	32	static
../1_DEV/M2_System/CLI_Terminal/CLI_Command/cli_command.c:826:13:CMD_Cm4Rst	24	static
../1_DEV/M2_System/CLI_Terminal/CLI_Command/cli_command.c:834:13:CMD_Cm4Dis	24	static
../1_DEV/M2_System/CLI_Terminal/CLI_Command/cli_command.c:840:13:CMD_Cm4Ena	24	static
../1_DEV/M2_System/CLI_Terminal/CLI_Command/cli_command.c:846:13:CMD_ExpForward	32	static
../1_DEV/M2_System/CLI_Terminal/CLI_Command/cli_command.c:870:13:CMD_ExpListen	32	static
../1_DEV/M2_System/CLI_Terminal/CLI_Command/cli_command.c:892:13:CMD_ExpSend	40	static
../1_DEV/M2_System/CLI_Terminal/CLI_Command/cli_command.c:908:6:callback_every	24	static
../1_DEV/M2_System/CLI_Terminal/CLI_Command/cli_command.c:913:6:callback_moment	24	static
../1_DEV/M2_System/CLI_Terminal/CLI_Command/cli_command.c:918:6:callback_countdown	24	static
../1_DEV/M2_System/CLI_Terminal/CLI_Command/cli_command.c:923:13:CMD_AliveCheck	40	static
../1_DEV/M2_System/CLI_Terminal/CLI_Command/cli_command.c:934:13:CMD_RtosCheck	1048	static
../1_DEV/M2_System/CLI_Terminal/CLI_Command/cli_command.c:992:13:LogoutTimerCallback	16	static
../1_DEV/M2_System/CLI_Terminal/CLI_Command/cli_command.c:996:13:CMD_LogOut	40	static
../1_DEV/M2_System/CLI_Terminal/CLI_Command/cli_command.c:1006:13:CMD_PwdChange	48	static
../1_DEV/M2_System/CLI_Terminal/CLI_Command/cli_command.c:1043:13:CMD_Reset	24	static
../1_DEV/M2_System/CLI_Terminal/CLI_Command/cli_command.c:1055:26:getCliStaticBindings	4	static
../1_DEV/M2_System/CLI_Terminal/CLI_Command/cli_command.c:1059:10:getCliStaticBindingCount	4	static
