../../Drivers/CMSIS/Include/core_cm7.h:2156:34:__NVIC_SystemReset	4	static,ignoring_inline_asm
../../Drivers/STM32H7xx_HAL_Driver/Inc/stm32h7xx_ll_gpio.h:884:22:LL_GPIO_SetOutputPin	16	static
../../Drivers/STM32H7xx_HAL_Driver/Inc/stm32h7xx_ll_gpio.h:913:22:LL_GPIO_ResetOutputPin	16	static
../1_DEV/M2_System/CLI_Terminal/CLI_Command/cli_command.c:218:17:UpdateCRC16_XMODEM	24	static
../1_DEV/M2_System/CLI_Terminal/CLI_Command/cli_command.c:232:13:CMD_RamFill	168	static
../1_DEV/M2_System/CLI_Terminal/CLI_Command/cli_command.c:313:13:CMD_RamDump	176	static
../1_DEV/M2_System/CLI_Terminal/CLI_Command/cli_command.c:370:13:CMD_StateToCM4	136	static
../1_DEV/M2_System/CLI_Terminal/CLI_Command/cli_command.c:408:13:CMD_SPISlaveRST	136	static
../1_DEV/M2_System/CLI_Terminal/CLI_Command/cli_command.c:429:13:CMD_CollectData	184	static
../1_DEV/M2_System/CLI_Terminal/CLI_Command/cli_command.c:461:13:CMD_PullData	152	static
../1_DEV/M2_System/CLI_Terminal/CLI_Command/cli_command.c:495:13:CMD_MasterRead	160	static
../1_DEV/M2_System/CLI_Terminal/CLI_Command/cli_command.c:543:13:CMD_ClearCLI	40	static
../1_DEV/M2_System/CLI_Terminal/CLI_Command/cli_command.c:549:13:CMD_RtcSet	224	static
../1_DEV/M2_System/CLI_Terminal/CLI_Command/cli_command.c:617:13:CMD_RtcGet	240	static
../1_DEV/M2_System/CLI_Terminal/CLI_Command/cli_command.c:703:13:CMD_RtcSetEpoch	184	static
../1_DEV/M2_System/CLI_Terminal/CLI_Command/cli_command.c:735:13:CMD_FramWrite	152	static
../1_DEV/M2_System/CLI_Terminal/CLI_Command/cli_command.c:761:13:CMD_FramRead	152	static
../1_DEV/M2_System/CLI_Terminal/CLI_Command/cli_command.c:786:13:CMD_ls	24	static
../1_DEV/M2_System/CLI_Terminal/CLI_Command/cli_command.c:791:13:CMD_sd_lockin	32	static
../1_DEV/M2_System/CLI_Terminal/CLI_Command/cli_command.c:804:13:CMD_sd_release	24	static
../1_DEV/M2_System/CLI_Terminal/CLI_Command/cli_command.c:811:13:CMD_vim_bypass	160	static
../1_DEV/M2_System/CLI_Terminal/CLI_Command/cli_command.c:828:13:CMD_vim	168	static
../1_DEV/M2_System/CLI_Terminal/CLI_Command/cli_command.c:853:13:CMD_cat	32	static
../1_DEV/M2_System/CLI_Terminal/CLI_Command/cli_command.c:865:13:CMD_Cm4Rst	24	static
../1_DEV/M2_System/CLI_Terminal/CLI_Command/cli_command.c:873:13:CMD_Cm4Dis	24	static
../1_DEV/M2_System/CLI_Terminal/CLI_Command/cli_command.c:879:13:CMD_Cm4Ena	24	static
../1_DEV/M2_System/CLI_Terminal/CLI_Command/cli_command.c:885:13:CMD_ExpForward	32	static
../1_DEV/M2_System/CLI_Terminal/CLI_Command/cli_command.c:909:13:CMD_ExpListen	32	static
../1_DEV/M2_System/CLI_Terminal/CLI_Command/cli_command.c:931:13:CMD_ExpSend	40	static
../1_DEV/M2_System/CLI_Terminal/CLI_Command/cli_command.c:947:6:callback_every	24	static
../1_DEV/M2_System/CLI_Terminal/CLI_Command/cli_command.c:952:6:callback_moment	24	static
../1_DEV/M2_System/CLI_Terminal/CLI_Command/cli_command.c:957:6:callback_countdown	24	static
../1_DEV/M2_System/CLI_Terminal/CLI_Command/cli_command.c:962:13:CMD_AliveCheck	24	static
../1_DEV/M2_System/CLI_Terminal/CLI_Command/cli_command.c:973:13:CMD_RtosCheck	1120	static
../1_DEV/M2_System/CLI_Terminal/CLI_Command/cli_command.c:1031:13:LogoutTimerCallback	16	static
../1_DEV/M2_System/CLI_Terminal/CLI_Command/cli_command.c:1034:13:CMD_LogOut	40	static
../1_DEV/M2_System/CLI_Terminal/CLI_Command/cli_command.c:1044:13:CMD_PwdChange	48	static
../1_DEV/M2_System/CLI_Terminal/CLI_Command/cli_command.c:1080:13:CMD_Dmesg	96	static
../1_DEV/M2_System/CLI_Terminal/CLI_Command/cli_command.c:1098:13:CMD_Reset	24	static
../1_DEV/M2_System/CLI_Terminal/CLI_Command/cli_command.c:1106:13:CMD_DevEXPPleaseReset	128	static
../1_DEV/M2_System/CLI_Terminal/CLI_Command/cli_command.c:1116:13:CMD_DevTestConnection	136	static
../1_DEV/M2_System/CLI_Terminal/CLI_Command/cli_command.c:1132:13:CMD_DevEXPSetRTC	160	static
../1_DEV/M2_System/CLI_Terminal/CLI_Command/cli_command.c:1144:13:CMD_DevNTCSetControl	272	static
../1_DEV/M2_System/CLI_Terminal/CLI_Command/cli_command.c:1188:13:CMD_DevSetTempProfile	400	static
../1_DEV/M2_System/CLI_Terminal/CLI_Command/cli_command.c:1231:13:CMD_DevStartTempProfile	24	static
../1_DEV/M2_System/CLI_Terminal/CLI_Command/cli_command.c:1240:13:CMD_DevStopTempProfile	24	static
../1_DEV/M2_System/CLI_Terminal/CLI_Command/cli_command.c:1249:13:CMD_DevSetOverrideTecProfile	152	static
../1_DEV/M2_System/CLI_Terminal/CLI_Command/cli_command.c:1273:13:CMD_DevStartOverrideTecProfile	24	static
../1_DEV/M2_System/CLI_Terminal/CLI_Command/cli_command.c:1282:13:CMD_DevStopOverrideTecProfile	24	static
../1_DEV/M2_System/CLI_Terminal/CLI_Command/cli_command.c:1291:13:CMD_DevSetSamplingProfile	200	static
../1_DEV/M2_System/CLI_Terminal/CLI_Command/cli_command.c:1318:13:CMD_DevSetLaserIntensity	136	static
../1_DEV/M2_System/CLI_Terminal/CLI_Command/cli_command.c:1334:13:CMD_DevSetPosition	136	static
../1_DEV/M2_System/CLI_Terminal/CLI_Command/cli_command.c:1350:13:CMD_DevStartSamplingCycle	24	static
../1_DEV/M2_System/CLI_Terminal/CLI_Command/cli_command.c:1359:13:CMD_DevGetInfoSample	24	static
../1_DEV/M2_System/CLI_Terminal/CLI_Command/cli_command.c:1368:13:CMD_DevGetChunk	136	static
../1_DEV/M2_System/CLI_Terminal/CLI_Command/cli_command.c:1384:13:CMD_DevGetCRCChunk	136	static
../1_DEV/M2_System/CLI_Terminal/CLI_Command/cli_command.c:1400:13:CMD_DevSetExtLaserProfile	136	static
../1_DEV/M2_System/CLI_Terminal/CLI_Command/cli_command.c:1416:13:CMD_DevTurnOnExtLaser	136	static
../1_DEV/M2_System/CLI_Terminal/CLI_Command/cli_command.c:1432:13:CMD_DevTurnOffExtLaser	24	static
../1_DEV/M2_System/CLI_Terminal/CLI_Command/cli_command.c:1441:13:CMD_DevSetLaserInt	144	static
../1_DEV/M2_System/CLI_Terminal/CLI_Command/cli_command.c:1463:13:CMD_DevSetLaserExt	144	static
../1_DEV/M2_System/CLI_Terminal/CLI_Command/cli_command.c:1485:13:CMD_DevGetCurrentLaser	128	static
../1_DEV/M2_System/CLI_Terminal/CLI_Command/cli_command.c:1496:13:CMD_DevCustomCommand	128	static
../1_DEV/M2_System/CLI_Terminal/CLI_Command/cli_command.c:1511:13:CMD_DevScriptManager	24	static
../1_DEV/M2_System/CLI_Terminal/CLI_Command/cli_command.c:1519:13:CMD_DevEraseScript	24	static
../1_DEV/M2_System/CLI_Terminal/CLI_Command/cli_command.c:1526:13:CMD_DevLogManagerDebug	32	static
../1_DEV/M2_System/CLI_Terminal/CLI_Command/cli_command.c:1539:13:CMD_DevLogManagerLog	136	static
../1_DEV/M2_System/CLI_Terminal/CLI_Command/cli_command.c:1556:13:CMD_DevCM4KeepAliveStatus	96	static
../1_DEV/M2_System/CLI_Terminal/CLI_Command/cli_command.c:1574:26:getCliStaticBindings	4	static
../1_DEV/M2_System/CLI_Terminal/CLI_Command/cli_command.c:1578:10:getCliStaticBindingCount	4	static
