../0_DEV/M1_Driver/QSPI/quadspi.c:19:9:CSP_QUADSPI_Init	8	static
../0_DEV/M1_Driver/QSPI/quadspi.c:52:9:CSP_QSPI_Erase_Chip	64	static
../0_DEV/M1_Driver/QSPI/quadspi.c:88:9:QSPI_AutoPollingMemReady	88	static
../0_DEV/M1_Driver/QSPI/quadspi.c:120:16:QSPI_WriteEnable	88	static
../0_DEV/M1_Driver/QSPI/quadspi.c:161:9:QSPI_Configuration	80	static,ignoring_inline_asm
../0_DEV/M1_Driver/QSPI/quadspi.c:225:9:CSP_QSPI_EraseSector	72	static
../0_DEV/M1_Driver/QSPI/quadspi.c:269:9:CSP_QSPI_EnableMemoryMappedMode	72	static
../0_DEV/M1_Driver/QSPI/quadspi.c:298:9:QSPI_ResetChip	72	static,ignoring_inline_asm
../0_DEV/M1_Driver/QSPI/quadspi.c:343:9:CSP_QSPI_Erase_Block	72	static
../0_DEV/M1_Driver/QSPI/quadspi.c:382:9:CSP_QSPI_Write	96	static
../0_DEV/M1_Driver/QSPI/quadspi.c:452:9:CSP_QSPI_Read	80	static
