../1_DEV/M1_Drivers/USB_CDC/cdc_driver.c:32:6:CDC_RingBuffer_Init	16	static
../1_DEV/M1_Drivers/USB_CDC/cdc_driver.c:38:14:CDC_TX_RingBuffer_Put	16	static
../1_DEV/M1_Drivers/USB_CDC/cdc_driver.c:43:14:CDC_RX_RingBuffer_Put	16	static
../1_DEV/M1_Drivers/USB_CDC/cdc_driver.c:48:10:CDC_TX_RingBuffer_PutBuffer	24	static
../1_DEV/M1_Drivers/USB_CDC/cdc_driver.c:61:10:CDC_RX_RingBuffer_PutBuffer	24	static
../1_DEV/M1_Drivers/USB_CDC/cdc_driver.c:74:7:CDC_TX_RingBuffer_Get	16	static
../1_DEV/M1_Drivers/USB_CDC/cdc_driver.c:79:7:CDC_RX_RingBuffer_Get	16	static
../1_DEV/M1_Drivers/USB_CDC/cdc_driver.c:84:6:CDC_TX_RegisterTask	16	static
../1_DEV/M1_Drivers/USB_CDC/cdc_driver.c:89:6:CDC_RX_RegisterTask	16	static
../1_DEV/M1_Drivers/USB_CDC/cdc_driver.c:94:6:USB_Check_RegisterTask	16	static
../1_DEV/M1_Drivers/USB_CDC/cdc_driver.c:99:6:CDC_TX_Notify_toTrans	16	static,ignoring_inline_asm
../1_DEV/M1_Drivers/USB_CDC/cdc_driver.c:109:6:CDC_RX_Notify_toRecv	16	static,ignoring_inline_asm
../1_DEV/M1_Drivers/USB_CDC/cdc_driver.c:119:6:USB_Check_Notify	16	static,ignoring_inline_asm
../1_DEV/M1_Drivers/USB_CDC/cdc_driver.c:133:12:CDC_SendString	16	static
../1_DEV/M1_Drivers/USB_CDC/cdc_driver.c:140:12:CDC_SendChar	16	static
