../0_DEV/M5_ThirdParty/MIN_R01/min_app/min_app.c:17:6:min_debug_print	16	static
../0_DEV/M5_ThirdParty/MIN_R01/min_app/min_app.c:28:10:min_tx_space	16	static
../0_DEV/M5_ThirdParty/MIN_R01/min_app/min_app.c:37:6:min_tx_byte	16	static
../0_DEV/M5_ThirdParty/MIN_R01/min_app/min_app.c:55:6:min_tx_start	16	static
../0_DEV/M5_ThirdParty/MIN_R01/min_app/min_app.c:68:6:min_tx_finished	16	static
../0_DEV/M5_ThirdParty/MIN_R01/min_app/min_app.c:82:10:min_time_ms	8	static
../0_DEV/M5_ThirdParty/MIN_R01/min_app/min_app.c:87:6:MIN_Context_Init	16	static
../0_DEV/M5_ThirdParty/MIN_R01/min_app/min_app.c:100:6:MIN_ReInit	16	static
../0_DEV/M5_ThirdParty/MIN_R01/min_app/min_app.c:107:6:MIN_RegisterTimeoutCallback	16	static
../0_DEV/M5_ThirdParty/MIN_R01/min_app/min_app.c:111:6:MIN_App_Poll	32	static
../0_DEV/M5_ThirdParty/MIN_R01/min_app/min_app.c:134:6:MIN_Send	24	static
../0_DEV/M5_ThirdParty/MIN_R01/min_app/min_app.c:159:6:min_application_handler	32	static
