../../Drivers/CMSIS/Include/core_cm7.h:2156:34:__NVIC_SystemReset	4	static,ignoring_inline_asm
../../Drivers/STM32H7xx_HAL_Driver/Inc/stm32h7xx_ll_gpio.h:803:26:LL_GPIO_IsInputPinSet	16	static
D:/LAB_PROJECT_7.7.7.7.7.7.7/stm32cubeide/04_obc_v111/CM7/1_DEV/M5_ThirdParty/BinaryScript/storage/script_storage.h:158:27:ScriptStorage_GetResultString	16	static
../1_DEV/M2_System/ScriptManager/script_manager.c:90:6:SDScheduler_Configure	64	static
../1_DEV/M2_System/ScriptManager/script_manager.c:118:17:ScriptManager_GetCurrentDailyTimeSeconds	24	static
../1_DEV/M2_System/ScriptManager/script_manager.c:131:17:ScriptManager_GetCurrentTimeSeconds	24	static
../1_DEV/M2_System/ScriptManager/script_manager.c:153:17:ScriptManager_ParseStartTime	40	static
../1_DEV/M2_System/ScriptManager/script_manager.c:190:13:ScriptManager_TimeToHMS	24	static
../1_DEV/M2_System/ScriptManager/script_manager.c:206:7:ScriptManager_GenerateNextDayTimePoints	24	static
../1_DEV/M2_System/ScriptManager/script_manager.c:231:7:ScriptManager_GenerateTimePoints	64	static
../1_DEV/M2_System/ScriptManager/script_manager.c:324:7:ScriptManager_IsTimeToRunSchedule	32	static
../1_DEV/M2_System/ScriptManager/script_manager.c:358:6:ScriptManager_AdvanceSchedule	48	static
../1_DEV/M2_System/ScriptManager/script_manager.c:387:6:ScriptManager_PrintTimePoints	88	static
../1_DEV/M2_System/ScriptManager/script_manager.c:453:13:ScriptManager_ResetContext	24	static
../1_DEV/M2_System/ScriptManager/script_manager.c:469:13:ScriptManager_HandleStepResult	32	static
../1_DEV/M2_System/ScriptManager/script_manager.c:514:6:ScriptManager_Init	16	static
../1_DEV/M2_System/ScriptManager/script_manager.c:553:6:ScriptManager_EnableLogFetching	16	static
../1_DEV/M2_System/ScriptManager/script_manager.c:570:7:ScriptManager_LoadScript	32	static
../1_DEV/M2_System/ScriptManager/script_manager.c:613:6:ScriptManager_StartExecution	16	static
../1_DEV/M2_System/ScriptManager/script_manager.c:637:6:ScriptManager_StopExecution	16	static
../1_DEV/M2_System/ScriptManager/script_manager.c:658:14:ScriptManager_HandleAutoLoad	48	static
../1_DEV/M2_System/ScriptManager/script_manager.c:706:13:ScriptManager_RequestScriptsFromMaster	40	static
../1_DEV/M2_System/ScriptManager/script_manager.c:739:6:ScriptManager_GetStorageStatus	16	static
../1_DEV/M2_System/ScriptManager/script_manager.c:747:6:ScriptManager_PrintStorageStatus	8	static
../1_DEV/M2_System/ScriptManager/script_manager.c:756:9:ScriptManager_LoadFromFRAM	8	static
../1_DEV/M2_System/ScriptManager/script_manager.c:766:7:ScriptManager_EraseAllScriptsFromFRAM	24	static
../1_DEV/M2_System/ScriptManager/script_manager.c:799:7:ScriptManager_ScriptExistsInFRAM	16	static
../1_DEV/M2_System/ScriptManager/script_manager.c:815:6:MODFSP_ApplicationHandler	24	static
../1_DEV/M2_System/ScriptManager/script_manager.c:832:9:UserActivityDetected	4	static
../1_DEV/M2_System/ScriptManager/script_manager.c:836:6:UserActivityTrigger	4	static
../1_DEV/M2_System/ScriptManager/script_manager.c:841:6:ScriptManager_HandleMODFSPFrame	24	static
../1_DEV/M2_System/ScriptManager/script_manager.c:887:6:ScriptManager_HandleInitFrame	16	static
../1_DEV/M2_System/ScriptManager/script_manager.c:906:6:ScriptManager_HandleDLSFrame	16	static
../1_DEV/M2_System/ScriptManager/script_manager.c:924:6:ScriptManager_HandleCAMFrame	16	static
../1_DEV/M2_System/ScriptManager/script_manager.c:942:6:ScriptManager_HandleHaltFrame	16	static
../1_DEV/M2_System/ScriptManager/script_manager.c:950:6:ScriptManager_HandleSyncTime	56	static
../1_DEV/M2_System/ScriptManager/script_manager.c:968:6:ScriptManager_HandleRunExperiment	16	static
../1_DEV/M2_System/ScriptManager/script_manager.c:979:6:ScriptManager_HandleCM4GetRTC	56	static
../1_DEV/M2_System/ScriptManager/script_manager.c:1000:6:ScriptManager_HandleUpdateOBC	16	static
../1_DEV/M2_System/ScriptManager/script_manager.c:1008:6:ScriptManager_HandleUpdateEXP	16	static
../1_DEV/M2_System/ScriptManager/script_manager.c:1015:9:ExpMonitor_SetEnabled	16	static
../1_DEV/M2_System/ScriptManager/script_manager.c:1020:9:ExpMonitor_IsEnabled	4	static
../1_DEV/M2_System/ScriptManager/script_manager.c:1033:6:ScriptManager_Task	40	static
../1_DEV/M2_System/ScriptManager/script_manager.c:1113:6:ScriptDLS_Task	32	static
../1_DEV/M2_System/ScriptManager/script_manager.c:1179:6:ScriptCAM_Task	32	static
../1_DEV/M2_System/ScriptManager/script_manager.c:1247:6:LogFetching_Task	112	static
../1_DEV/M2_System/ScriptManager/script_manager.c:1309:6:SDLockRelease_Task	32	static
../1_DEV/M2_System/ScriptManager/script_manager.c:1371:23:ScriptManager_ExecuteStep	16	static
../1_DEV/M2_System/ScriptManager/script_manager.c:1390:23:ScriptManager_ExecuteInitStep	192	static
../1_DEV/M2_System/ScriptManager/script_manager.c:1715:23:ScriptManager_ExecuteDLSStep	152	static
../1_DEV/M2_System/ScriptManager/script_manager.c:1919:23:ScriptManager_ExecuteCAMStep	48	static
../1_DEV/M2_System/ScriptManager/script_manager.c:2068:19:ScriptManager_GetScriptState	16	static
../1_DEV/M2_System/ScriptManager/script_manager.c:2079:10:ScriptManager_GetNextRunTime	24	static
../1_DEV/M2_System/ScriptManager/script_manager.c:2108:10:ScriptManager_GetTimeUntilNextRun	24	static
../1_DEV/M2_System/ScriptManager/script_manager.c:2130:6:ScriptManager_GetStatistics	24	static
../1_DEV/M2_System/ScriptManager/script_manager.c:2140:6:ScriptManager_PrintStatus	112	static
