D:/LAB_PROJECT_7.7.7.7.7.7.7/stm32cubeide/04_obc_v111/CM7/1_DEV/M5_ThirdParty/BinaryScript/storage/script_storage.h:158:27:ScriptStorage_GetResultString	16	static
../1_DEV/M2_System/ScriptManager/script_manager.c:62:17:ScriptManager_GetCurrentDailyTimeSeconds	24	static
../1_DEV/M2_System/ScriptManager/script_manager.c:75:17:ScriptManager_GetCurrentTimeSeconds	24	static
../1_DEV/M2_System/ScriptManager/script_manager.c:97:17:ScriptManager_ParseStartTime	40	static
../1_DEV/M2_System/ScriptManager/script_manager.c:134:13:ScriptManager_TimeToHMS	24	static
../1_DEV/M2_System/ScriptManager/script_manager.c:150:7:ScriptManager_GenerateNextDayTimePoints	24	static
../1_DEV/M2_System/ScriptManager/script_manager.c:175:7:ScriptManager_GenerateTimePoints	64	static
../1_DEV/M2_System/ScriptManager/script_manager.c:268:7:ScriptManager_IsTimeToRunSchedule	32	static
../1_DEV/M2_System/ScriptManager/script_manager.c:302:6:ScriptManager_AdvanceSchedule	48	static
../1_DEV/M2_System/ScriptManager/script_manager.c:331:6:ScriptManager_PrintTimePoints	88	static
../1_DEV/M2_System/ScriptManager/script_manager.c:397:13:ScriptManager_ResetContext	24	static
../1_DEV/M2_System/ScriptManager/script_manager.c:413:13:ScriptManager_HandleStepResult	32	static
../1_DEV/M2_System/ScriptManager/script_manager.c:458:6:ScriptManager_Init	16	static
../1_DEV/M2_System/ScriptManager/script_manager.c:497:7:ScriptManager_LoadScript	32	static
../1_DEV/M2_System/ScriptManager/script_manager.c:540:6:ScriptManager_StartExecution	16	static
../1_DEV/M2_System/ScriptManager/script_manager.c:564:6:ScriptManager_StopExecution	16	static
../1_DEV/M2_System/ScriptManager/script_manager.c:585:14:ScriptManager_HandleAutoLoad	48	static
../1_DEV/M2_System/ScriptManager/script_manager.c:633:13:ScriptManager_RequestScriptsFromMaster	40	static
../1_DEV/M2_System/ScriptManager/script_manager.c:666:6:ScriptManager_GetStorageStatus	16	static
../1_DEV/M2_System/ScriptManager/script_manager.c:674:6:ScriptManager_PrintStorageStatus	8	static
../1_DEV/M2_System/ScriptManager/script_manager.c:683:9:ScriptManager_LoadFromFRAM	8	static
../1_DEV/M2_System/ScriptManager/script_manager.c:693:7:ScriptManager_EraseAllScriptsFromFRAM	24	static
../1_DEV/M2_System/ScriptManager/script_manager.c:726:7:ScriptManager_ScriptExistsInFRAM	16	static
../1_DEV/M2_System/ScriptManager/script_manager.c:742:6:MODFSP_ApplicationHandler	24	static
../1_DEV/M2_System/ScriptManager/script_manager.c:754:9:UserActivityDetected	4	static
../1_DEV/M2_System/ScriptManager/script_manager.c:758:6:UserActivityTrigger	4	static
../1_DEV/M2_System/ScriptManager/script_manager.c:763:6:ScriptManager_HandleMODFSPFrame	24	static
../1_DEV/M2_System/ScriptManager/script_manager.c:805:6:ScriptManager_HandleInitFrame	16	static
../1_DEV/M2_System/ScriptManager/script_manager.c:824:6:ScriptManager_HandleDLSFrame	16	static
../1_DEV/M2_System/ScriptManager/script_manager.c:842:6:ScriptManager_HandleCAMFrame	16	static
../1_DEV/M2_System/ScriptManager/script_manager.c:860:6:ScriptManager_HandleHaltFrame	16	static
../1_DEV/M2_System/ScriptManager/script_manager.c:868:6:ScriptManager_HandleSyncTime	56	static
../1_DEV/M2_System/ScriptManager/script_manager.c:886:6:ScriptManager_HandleRunExperiment	16	static
../1_DEV/M2_System/ScriptManager/script_manager.c:905:6:ScriptManager_Task	40	static
../1_DEV/M2_System/ScriptManager/script_manager.c:985:6:ScriptDLS_Task	32	static
../1_DEV/M2_System/ScriptManager/script_manager.c:1051:6:ScriptCAM_Task	32	static
../1_DEV/M2_System/ScriptManager/script_manager.c:1122:23:ScriptManager_ExecuteStep	16	static
../1_DEV/M2_System/ScriptManager/script_manager.c:1141:23:ScriptManager_ExecuteInitStep	128	static
../1_DEV/M2_System/ScriptManager/script_manager.c:1366:23:ScriptManager_ExecuteDLSStep	40	static
../1_DEV/M2_System/ScriptManager/script_manager.c:1437:23:ScriptManager_ExecuteCAMStep	32	static
../1_DEV/M2_System/ScriptManager/script_manager.c:1522:19:ScriptManager_GetScriptState	16	static
../1_DEV/M2_System/ScriptManager/script_manager.c:1533:10:ScriptManager_GetNextRunTime	24	static
../1_DEV/M2_System/ScriptManager/script_manager.c:1562:10:ScriptManager_GetTimeUntilNextRun	24	static
../1_DEV/M2_System/ScriptManager/script_manager.c:1584:6:ScriptManager_GetStatistics	24	static
../1_DEV/M2_System/ScriptManager/script_manager.c:1594:6:ScriptManager_PrintStatus	104	static
