../../Drivers/STM32H7xx_HAL_Driver/Inc/stm32h7xx_ll_gpio.h:884:22:LL_GPIO_SetOutputPin	16	static
../../Drivers/STM32H7xx_HAL_Driver/Inc/stm32h7xx_ll_gpio.h:913:22:LL_GPIO_ResetOutputPin	16	static
../1_DEV/M0_App/Tasks/rtos_tasks.c:66:13:writeChar_auth_USB	16	static
../1_DEV/M0_App/Tasks/rtos_tasks.c:70:13:writeChar_auth_UART	24	static
../1_DEV/M0_App/Tasks/rtos_tasks.c:107:6:OBC_RootTask	16	static
../1_DEV/M0_App/Tasks/rtos_tasks.c:122:6:OBC_RootGrowUp	16	static
../1_DEV/M0_App/Tasks/rtos_tasks.c:134:16:OBC_AppInit	16	static
../1_DEV/M0_App/Tasks/rtos_tasks.c:210:6:vSoft_RTC_Task	16	static
../1_DEV/M0_App/Tasks/rtos_tasks.c:229:6:CLI_Handle_Task	24	static
../1_DEV/M0_App/Tasks/rtos_tasks.c:258:6:UART_DEBUG_DMA_RX_Task	32	static
../1_DEV/M0_App/Tasks/rtos_tasks.c:301:6:UART_EXP_DMA_RX_Task	32	static
../1_DEV/M0_App/Tasks/rtos_tasks.c:342:6:CDC_RX_Task	24	static
../1_DEV/M0_App/Tasks/rtos_tasks.c:386:6:CDC_TX_Task	32	static
../1_DEV/M0_App/Tasks/rtos_tasks.c:415:6:vUSBCheck_Task	24	static
../1_DEV/M0_App/Tasks/rtos_tasks.c:432:6:MIN_Process_Task	16	static
../1_DEV/M0_App/Tasks/rtos_tasks.c:440:6:vTask1_handler	16	static
../1_DEV/M0_App/Tasks/rtos_tasks.c:452:6:vTask2_handler	16	static
../1_DEV/M0_App/Tasks/rtos_tasks.c:463:6:vTask3_handler	16	static
../1_DEV/M0_App/Tasks/rtos_tasks.c:471:6:vWatchdogTask	16	static
