../../Drivers/STM32H7xx_HAL_Driver/Inc/stm32h7xx_ll_usart.h:3009:26:LL_USART_IsActiveFlag_TC	16	static
../../Drivers/STM32H7xx_HAL_Driver/Inc/stm32h7xx_ll_usart.h:3024:26:LL_USART_IsActiveFlag_TXE_TXFNF	16	static
../../Drivers/STM32H7xx_HAL_Driver/Inc/stm32h7xx_ll_usart.h:4275:22:LL_USART_TransmitData8	16	static
../../Drivers/STM32H7xx_HAL_Driver/Inc/stm32h7xx_ll_gpio.h:803:26:LL_GPIO_IsInputPinSet	16	static
../../Drivers/STM32H7xx_HAL_Driver/Inc/stm32h7xx_ll_gpio.h:884:22:LL_GPIO_SetOutputPin	16	static
../../Drivers/STM32H7xx_HAL_Driver/Inc/stm32h7xx_ll_gpio.h:913:22:LL_GPIO_ResetOutputPin	16	static
../1_DEV/M0_App/Tasks/rtos_tasks.c:73:13:writeChar_auth_USB	24	static
../1_DEV/M0_App/Tasks/rtos_tasks.c:130:6:Task_Kick	24	static
../1_DEV/M0_App/Tasks/rtos_tasks.c:148:6:OBC_RootTask	16	static
../1_DEV/M0_App/Tasks/rtos_tasks.c:163:6:OBC_RootGrowUp	32	static
../1_DEV/M0_App/Tasks/rtos_tasks.c:188:16:OBC_AppInit	336	static
../1_DEV/M0_App/Tasks/rtos_tasks.c:314:6:vSoft_RTC_Task	16	static
../1_DEV/M0_App/Tasks/rtos_tasks.c:335:6:CLI_Handle_Task	24	static
../1_DEV/M0_App/Tasks/rtos_tasks.c:355:6:UART_USB_DMA_RX_TASK	32	static
../1_DEV/M0_App/Tasks/rtos_tasks.c:399:6:UART_EXP_DMA_RX_Task	40	static
../1_DEV/M0_App/Tasks/rtos_tasks.c:453:6:UART_DEBUG_DMA_RX_Task	32	static
../1_DEV/M0_App/Tasks/rtos_tasks.c:489:6:MODFSP_Process_Task	24	static
../1_DEV/M0_App/Tasks/rtos_tasks.c:506:6:MIN_Process_Task	24	static
../1_DEV/M0_App/Tasks/rtos_tasks.c:518:6:vTask1_handler	16	static
../1_DEV/M0_App/Tasks/rtos_tasks.c:530:6:vTask2_handler	16	static
../1_DEV/M0_App/Tasks/rtos_tasks.c:541:6:vTask3_handler	80	static
../1_DEV/M0_App/Tasks/rtos_tasks.c:553:6:LogManager_Task	16	static
../1_DEV/M0_App/Tasks/rtos_tasks.c:562:6:WatchdogMonitorTask	32	static
../1_DEV/M0_App/Tasks/rtos_tasks.c:588:6:WatchdogPulseTask	16	static
../1_DEV/M0_App/Tasks/rtos_tasks.c:603:6:ExpMonitorTask	40	static
