../../Drivers/STM32H7xx_HAL_Driver/Inc/stm32h7xx_ll_usart.h:3009:26:LL_USART_IsActiveFlag_TC	16	static
../../Drivers/STM32H7xx_HAL_Driver/Inc/stm32h7xx_ll_usart.h:3024:26:LL_USART_IsActiveFlag_TXE_TXFNF	16	static
../../Drivers/STM32H7xx_HAL_Driver/Inc/stm32h7xx_ll_usart.h:4275:22:LL_USART_TransmitData8	16	static
../../Drivers/STM32H7xx_HAL_Driver/Inc/stm32h7xx_ll_gpio.h:884:22:LL_GPIO_SetOutputPin	16	static
../../Drivers/STM32H7xx_HAL_Driver/Inc/stm32h7xx_ll_gpio.h:913:22:LL_GPIO_ResetOutputPin	16	static
../1_DEV/M0_App/Tasks/rtos_tasks.c:64:13:writeChar_auth_USB	24	static
../1_DEV/M0_App/Tasks/rtos_tasks.c:105:6:OBC_RootTask	16	static
../1_DEV/M0_App/Tasks/rtos_tasks.c:120:6:OBC_RootGrowUp	32	static
../1_DEV/M0_App/Tasks/rtos_tasks.c:145:16:OBC_AppInit	336	static
../1_DEV/M0_App/Tasks/rtos_tasks.c:254:6:vSoft_RTC_Task	16	static
../1_DEV/M0_App/Tasks/rtos_tasks.c:275:6:CLI_Handle_Task	24	static
../1_DEV/M0_App/Tasks/rtos_tasks.c:296:6:UART_USB_DMA_RX_TASK	32	static
../1_DEV/M0_App/Tasks/rtos_tasks.c:339:6:UART_EXP_DMA_RX_Task	32	static
../1_DEV/M0_App/Tasks/rtos_tasks.c:380:6:UART_DEBUG_DMA_RX_Task	32	static
../1_DEV/M0_App/Tasks/rtos_tasks.c:418:6:MIN_Process_Task	16	static
../1_DEV/M0_App/Tasks/rtos_tasks.c:426:6:vTask1_handler	16	static
../1_DEV/M0_App/Tasks/rtos_tasks.c:438:6:vTask2_handler	16	static
../1_DEV/M0_App/Tasks/rtos_tasks.c:449:6:vTask3_handler	80	static
../1_DEV/M0_App/Tasks/rtos_tasks.c:461:6:vWatchdogTask	16	static
