../../Drivers/STM32H7xx_HAL_Driver/Inc/stm32h7xx_ll_gpio.h:884:22:LL_GPIO_SetOutputPin	16	static
../../Drivers/STM32H7xx_HAL_Driver/Inc/stm32h7xx_ll_gpio.h:913:22:LL_GPIO_ResetOutputPin	16	static
../1_DEV/M2_System/FileSystem/filesystem.c:41:6:SD_Lockin	8	static
../1_DEV/M2_System/FileSystem/filesystem.c:47:6:SD_Release	8	static
../1_DEV/M2_System/FileSystem/filesystem.c:56:6:FS_Init	8	static
../1_DEV/M2_System/FileSystem/filesystem.c:68:16:FS_Write_Direct	640	static
../1_DEV/M2_System/FileSystem/filesystem.c:114:6:FS_Async_Task	112	static
../1_DEV/M2_System/FileSystem/filesystem.c:133:16:FS_Write_Async	112	static
../1_DEV/M2_System/FileSystem/filesystem.c:169:16:FS_Request_Write	24	static
../1_DEV/M2_System/FileSystem/filesystem.c:176:16:Link_SDFS_Driver	16	static
../1_DEV/M2_System/FileSystem/filesystem.c:201:5:Cat_SDFS	896	static
../1_DEV/M2_System/FileSystem/filesystem.c:242:5:Vim_SDFS	784	static
../1_DEV/M2_System/FileSystem/filesystem.c:279:6:FS_ListFiles_path	784	static
../1_DEV/M2_System/FileSystem/filesystem.c:316:16:CreateOrUpdateDateFile	32	static
../1_DEV/M2_System/FileSystem/filesystem.c:327:7:NeedCleanup	640	static
../1_DEV/M2_System/FileSystem/filesystem.c:365:16:PerformCleanup	544	static
../1_DEV/M2_System/FileSystem/filesystem.c:412:5:FS_GetDaysUntilCleanup	648	static
