../../Drivers/STM32H7xx_HAL_Driver/Inc/stm32h7xx_ll_gpio.h:884:22:LL_GPIO_SetOutputPin	16	static
../../Drivers/STM32H7xx_HAL_Driver/Inc/stm32h7xx_ll_gpio.h:913:22:LL_GPIO_ResetOutputPin	16	static
../1_DEV/M2_System/FileSystem/filesystem.c:52:12:FindFreeSlot	16	static
../1_DEV/M2_System/FileSystem/filesystem.c:64:6:SD_Lockin	8	static
../1_DEV/M2_System/FileSystem/filesystem.c:69:6:SD_Release	8	static
../1_DEV/M2_System/FileSystem/filesystem.c:78:6:FS_Init	16	static
../1_DEV/M2_System/FileSystem/filesystem.c:93:6:FS_Gatekeeper_Task	680	static
../1_DEV/M2_System/FileSystem/filesystem.c:119:16:FS_Request_Write	88	static
../1_DEV/M2_System/FileSystem/filesystem.c:166:16:Link_SDFS_Driver	16	static
../1_DEV/M2_System/FileSystem/filesystem.c:188:5:Cat_SDFS	896	static
../1_DEV/M2_System/FileSystem/filesystem.c:229:5:Vim_SDFS	784	static
../1_DEV/M2_System/FileSystem/filesystem.c:266:6:FS_ListFiles_path	784	static
