../../Drivers/STM32H7xx_HAL_Driver/Inc/stm32h7xx_ll_gpio.h:803:26:LL_GPIO_IsInputPinSet	16	static
../../Drivers/STM32H7xx_HAL_Driver/Inc/stm32h7xx_ll_gpio.h:884:22:LL_GPIO_SetOutputPin	16	static
../../Drivers/STM32H7xx_HAL_Driver/Inc/stm32h7xx_ll_gpio.h:913:22:LL_GPIO_ResetOutputPin	16	static
../1_DEV/M2_System/SimpleDataTransfer/simple_datatrans.c:67:16:SimpleDataTransfer_Init	8	static
../1_DEV/M2_System/SimpleDataTransfer/simple_datatrans.c:88:24:SimpleDataTransfer_ExecuteTransfer	24	static
../1_DEV/M2_System/SimpleDataTransfer/simple_datatrans.c:118:24:SimpleDataTransfer_ExecuteMultipleChunks	32	static
../1_DEV/M2_System/SimpleDataTransfer/simple_datatrans.c:160:31:ExecuteSingleTransfer	136	static
../1_DEV/M2_System/SimpleDataTransfer/simple_datatrans.c:406:24:SimpleDataTransfer_ExecuteLogTransfer	104	static
../1_DEV/M2_System/SimpleDataTransfer/simple_datatrans.c:485:6:SimpleDataTransfer_IsDataReady	8	static
../1_DEV/M2_System/SimpleDataTransfer/simple_datatrans.c:493:16:SimpleDataTransfer_WaitDataReady	48	static
../1_DEV/M2_System/SimpleDataTransfer/simple_datatrans.c:511:10:SimpleDataTransfer_CalculateCRC16	32	static
../1_DEV/M2_System/SimpleDataTransfer/simple_datatrans.c:533:6:SimpleDataTransfer_GenerateFilename	40	static
../1_DEV/M2_System/SimpleDataTransfer/simple_datatrans.c:559:13:SimpleDataTransfer_GetResultString	16	static
../1_DEV/M2_System/SimpleDataTransfer/simple_datatrans.c:577:13:SimpleDataTransfer_GetTypeString	16	static
../1_DEV/M2_System/SimpleDataTransfer/simple_datatrans.c:590:6:SimpleDataTransfer_GetStatistics	24	static
../1_DEV/M2_System/SimpleDataTransfer/simple_datatrans.c:602:6:SimpleDataTransfer_ResetStatistics	4	static
../1_DEV/M2_System/SimpleDataTransfer/simple_datatrans.c:612:6:SimpleDataTransfer_PrintStatistics	8	static
../1_DEV/M2_System/SimpleDataTransfer/simple_datatrans.c:620:6:SimpleDataTransfer_HandleMasterAck	24	static
