../1_DEV/M5_ThirdParty/MIN_R01/min_app/min_command.c:18:13:MIN_Handler_CONTROL_TEMP_ACK	288	static
../1_DEV/M5_ThirdParty/MIN_R01/min_app/min_command.c:38:13:MIN_Handler_PRE_DATA	296	static
../1_DEV/M5_ThirdParty/MIN_R01/min_app/min_command.c:77:13:MIN_Handler_PRE_CHUNK	288	static
../1_DEV/M5_ThirdParty/MIN_R01/min_app/min_command.c:100:13:MIN_Handler_COLLECT_PACKAGE	288	static
../1_DEV/M5_ThirdParty/MIN_R01/min_app/min_command.c:123:13:MIN_Handler_SAMPLERATE_GET	296	static
../1_DEV/M5_ThirdParty/MIN_R01/min_app/min_command.c:147:13:MIN_Handler_HEARTBEAT_CMD	24	static
../1_DEV/M5_ThirdParty/MIN_R01/min_app/min_command.c:153:13:MIN_Handler_GET_STATUS_CMD	24	static
../1_DEV/M5_ThirdParty/MIN_R01/min_app/min_command.c:159:13:MIN_Handler_RESET_CMD	24	static
../1_DEV/M5_ThirdParty/MIN_R01/min_app/min_command.c:164:13:MIN_Handler_PING_CMD	24	static
../1_DEV/M5_ThirdParty/MIN_R01/min_app/min_command.c:169:13:MIN_Handler_DUMMY_CMD_1	24	static
../1_DEV/M5_ThirdParty/MIN_R01/min_app/min_command.c:175:13:MIN_Handler_DUMMY_CMD_2	24	static
../1_DEV/M5_ThirdParty/MIN_R01/min_app/min_command.c:181:13:MIN_Handler_CUSTOM_CMD_1	24	static
../1_DEV/M5_ThirdParty/MIN_R01/min_app/min_command.c:187:13:MIN_Handler_CUSTOM_CMD_2	24	static
../1_DEV/M5_ThirdParty/MIN_R01/min_app/min_command.c:219:22:MIN_GetCommandTable	4	static
../1_DEV/M5_ThirdParty/MIN_R01/min_app/min_command.c:223:5:MIN_GetCommandTableSize	4	static
