../1_DEV/M5_ThirdParty/MIN_R01/min_app/min_command.c:22:6:MIN_Handler_Init	8	static
../1_DEV/M5_ThirdParty/MIN_R01/min_app/min_command.c:27:7:MIN_GetLastResponseData	56	static
../1_DEV/M5_ThirdParty/MIN_R01/min_app/min_command.c:41:13:MIN_Handler_TEST_CONNECTION_ACK	288	static
../1_DEV/M5_ThirdParty/MIN_R01/min_app/min_command.c:61:13:MIN_Handler_SET_NTC_CONTROL_ACK	288	static
../1_DEV/M5_ThirdParty/MIN_R01/min_app/min_command.c:81:13:MIN_Handler_SET_TEMP_PROFILE_ACK	288	static
../1_DEV/M5_ThirdParty/MIN_R01/min_app/min_command.c:101:13:MIN_Handler_START_TEMP_PROFILE_ACK	288	static
../1_DEV/M5_ThirdParty/MIN_R01/min_app/min_command.c:120:13:MIN_Handler_STOP_TEMP_PROFILE_ACK	288	static
../1_DEV/M5_ThirdParty/MIN_R01/min_app/min_command.c:139:13:MIN_Handler_SET_OVERRIDE_TEC_PROFILE_ACK	288	static
../1_DEV/M5_ThirdParty/MIN_R01/min_app/min_command.c:158:13:MIN_Handler_START_OVERRIDE_TEC_PROFILE_ACK	288	static
../1_DEV/M5_ThirdParty/MIN_R01/min_app/min_command.c:177:13:MIN_Handler_STOP_OVERRIDE_TEC_PROFILE_ACK	288	static
../1_DEV/M5_ThirdParty/MIN_R01/min_app/min_command.c:196:13:MIN_Handler_SET_PDA_PROFILE_ACK	288	static
../1_DEV/M5_ThirdParty/MIN_R01/min_app/min_command.c:215:13:MIN_Handler_SET_LASER_INTENSITY_ACK	288	static
../1_DEV/M5_ThirdParty/MIN_R01/min_app/min_command.c:234:13:MIN_Handler_SET_POSITION_ACK	288	static
../1_DEV/M5_ThirdParty/MIN_R01/min_app/min_command.c:253:13:MIN_Handler_START_SAMPLE_CYCLE_ACK	288	static
../1_DEV/M5_ThirdParty/MIN_R01/min_app/min_command.c:272:13:MIN_Handler_GET_INFO_SAMPLE_ACK	288	static
../1_DEV/M5_ThirdParty/MIN_R01/min_app/min_command.c:291:13:MIN_Handler_GET_CHUNK_ACK	288	static
../1_DEV/M5_ThirdParty/MIN_R01/min_app/min_command.c:310:13:MIN_Handler_SET_EXT_LASER_INTENSITY_ACK	288	static
../1_DEV/M5_ThirdParty/MIN_R01/min_app/min_command.c:329:13:MIN_Handler_TURN_ON_EXT_LASER_ACK	288	static
../1_DEV/M5_ThirdParty/MIN_R01/min_app/min_command.c:348:13:MIN_Handler_TURN_OFF_EXT_LASER_ACK	288	static
../1_DEV/M5_ThirdParty/MIN_R01/min_app/min_command.c:367:13:MIN_Handler_CUSTOM_COMMAND_ACK	288	static
../1_DEV/M5_ThirdParty/MIN_R01/min_app/min_command.c:386:13:MIN_Handler_PING_CMD	288	static
../1_DEV/M5_ThirdParty/MIN_R01/min_app/min_command.c:399:13:MIN_Handler_PONG_CMD	288	static
../1_DEV/M5_ThirdParty/MIN_R01/min_app/min_command.c:412:13:MIN_Handler_MIN_RESP_NAK	288	static
../1_DEV/M5_ThirdParty/MIN_R01/min_app/min_command.c:425:13:MIN_Handler_MIN_RESP_ACK	288	static
../1_DEV/M5_ThirdParty/MIN_R01/min_app/min_command.c:438:13:MIN_Handler_MIN_RESP_WRONG	288	static
../1_DEV/M5_ThirdParty/MIN_R01/min_app/min_command.c:451:13:MIN_Handler_MIN_RESP_DONE	288	static
../1_DEV/M5_ThirdParty/MIN_R01/min_app/min_command.c:464:13:MIN_Handler_MIN_RESP_FAIL	288	static
../1_DEV/M5_ThirdParty/MIN_R01/min_app/min_command.c:477:13:MIN_Handler_MIN_RESP_OK	288	static
../1_DEV/M5_ThirdParty/MIN_R01/min_app/min_command.c:529:22:MIN_GetCommandTable	4	static
../1_DEV/M5_ThirdParty/MIN_R01/min_app/min_command.c:533:5:MIN_GetCommandTableSize	4	static
