../1_DEV/M5_ThirdParty/MIN_R01/min_app/min_app.c:27:10:min_tx_space	16	static
../1_DEV/M5_ThirdParty/MIN_R01/min_app/min_app.c:36:6:min_tx_byte	16	static
../1_DEV/M5_ThirdParty/MIN_R01/min_app/min_app.c:54:6:min_tx_start	16	static
../1_DEV/M5_ThirdParty/MIN_R01/min_app/min_app.c:67:6:min_tx_finished	16	static
../1_DEV/M5_ThirdParty/MIN_R01/min_app/min_app.c:81:10:min_time_ms	8	static
../1_DEV/M5_ThirdParty/MIN_R01/min_app/min_app.c:86:6:MIN_Context_Init	16	static
../1_DEV/M5_ThirdParty/MIN_R01/min_app/min_app.c:99:6:MIN_ReInit	16	static
../1_DEV/M5_ThirdParty/MIN_R01/min_app/min_app.c:106:6:MIN_RegisterTimeoutCallback	16	static
../1_DEV/M5_ThirdParty/MIN_R01/min_app/min_app.c:110:6:MIN_App_Poll	32	static
../1_DEV/M5_ThirdParty/MIN_R01/min_app/min_app.c:133:6:MIN_Send	24	static
../1_DEV/M5_ThirdParty/MIN_R01/min_app/min_app.c:161:6:MIN_RegisterResponseHandler	16	static
../1_DEV/M5_ThirdParty/MIN_R01/min_app/min_app.c:165:6:min_application_handler	32	static
