../Drivers/STM32F7xx_HAL_Driver/Inc/stm32f7xx_ll_spi.h:358:22:LL_SPI_Enable	16	static
../Drivers/STM32F7xx_HAL_Driver/Inc/stm32f7xx_ll_spi.h:370:22:LL_SPI_Disable	16	static
../Drivers/STM32F7xx_HAL_Driver/Inc/stm32f7xx_ll_spi.h:1227:22:LL_SPI_EnableDMAReq_TX	16	static
../Drivers/STM32F7xx_HAL_Driver/Inc/stm32f7xx_ll_spi.h:1238:22:LL_SPI_DisableDMAReq_TX	16	static
../Drivers/STM32F7xx_HAL_Driver/Inc/stm32f7xx_ll_spi.h:1314:26:LL_SPI_DMA_GetRegAddr	16	static
../Drivers/STM32F7xx_HAL_Driver/Inc/stm32f7xx_ll_dma.h:497:22:LL_DMA_EnableStream	16	static
../Drivers/STM32F7xx_HAL_Driver/Inc/stm32f7xx_ll_dma.h:517:22:LL_DMA_DisableStream	16	static
../Drivers/STM32F7xx_HAL_Driver/Inc/stm32f7xx_ll_dma.h:831:22:LL_DMA_SetMemorySize	24	static
../Drivers/STM32F7xx_HAL_Driver/Inc/stm32f7xx_ll_dma.h:971:22:LL_DMA_SetDataLength	24	static
../Drivers/STM32F7xx_HAL_Driver/Inc/stm32f7xx_ll_dma.h:1425:22:LL_DMA_ConfigAddresses	24	static
../Drivers/STM32F7xx_HAL_Driver/Inc/stm32f7xx_ll_dma.h:1482:22:LL_DMA_SetPeriphAddress	24	static
../Drivers/STM32F7xx_HAL_Driver/Inc/stm32f7xx_ll_dma.h:2244:22:LL_DMA_ClearFlag_TC4	16	static
../Drivers/STM32F7xx_HAL_Driver/Inc/stm32f7xx_ll_dma.h:2332:22:LL_DMA_ClearFlag_TE4	16	static
../Drivers/STM32F7xx_HAL_Driver/Inc/stm32f7xx_ll_dma.h:2589:22:LL_DMA_EnableIT_TE	16	static
../Drivers/STM32F7xx_HAL_Driver/Inc/stm32f7xx_ll_dma.h:2609:22:LL_DMA_EnableIT_TC	16	static
../0_DEV/M3_Device/SPI_SlaveOfOBC/spi_slave.c:24:17:UpdateCRC16_XMODEM	24	static
../0_DEV/M3_Device/SPI_SlaveOfOBC/spi_slave.c:37:20:SPI_SlaveDevice_GetHandle	4	static
../0_DEV/M3_Device/SPI_SlaveOfOBC/spi_slave.c:42:16:SPI_SlaveDevice_Init	8	static
../0_DEV/M3_Device/SPI_SlaveOfOBC/spi_slave.c:61:16:SPI_SlaveDevice_CollectData	40	static
../0_DEV/M3_Device/SPI_SlaveOfOBC/spi_slave.c:113:16:SPI_SlaveDevice_GetDataInfo	16	static
../0_DEV/M3_Device/SPI_SlaveOfOBC/spi_slave.c:123:16:SPI_SlaveDevice_ResetDMA	24	static
../0_DEV/M3_Device/SPI_SlaveOfOBC/spi_slave.c:154:16:SPI_SlaveDevice_Disable	8	static
../0_DEV/M3_Device/SPI_SlaveOfOBC/spi_slave.c:173:21:SPI_SlaveDevice_GetTransferState	4	static
../0_DEV/M3_Device/SPI_SlaveOfOBC/spi_slave.c:178:6:SPI_SlaveDevice_SetTransferState	16	static
../0_DEV/M3_Device/SPI_SlaveOfOBC/spi_slave.c:183:15:SPI_SlaveDevice_GetState	8	static
